Archive member included to satisfy reference by file (symbol)

c:/st/stm32cubeide_1.7.0/stm32cubeide/plugins/com.st.stm32cube.ide.mcu.externaltools.gnu-tools-for-stm32.9-2020-q2-update.win32_2.0.0.202105311346/tools/bin/../lib/gcc/arm-none-eabi/9.3.1/../../../../arm-none-eabi/lib/thumb/v7e-m/nofp\libc_nano.a(lib_a-errno.o)
                              ./Application/Core/syscalls.o (__errno)
c:/st/stm32cubeide_1.7.0/stm32cubeide/plugins/com.st.stm32cube.ide.mcu.externaltools.gnu-tools-for-stm32.9-2020-q2-update.win32_2.0.0.202105311346/tools/bin/../lib/gcc/arm-none-eabi/9.3.1/../../../../arm-none-eabi/lib/thumb/v7e-m/nofp\libc_nano.a(lib_a-exit.o)
                              c:/st/stm32cubeide_1.7.0/stm32cubeide/plugins/com.st.stm32cube.ide.mcu.externaltools.gnu-tools-for-stm32.9-2020-q2-update.win32_2.0.0.202105311346/tools/bin/../lib/gcc/arm-none-eabi/9.3.1/../../../../arm-none-eabi/lib/thumb/v7e-m/nofp/crt0.o (exit)
c:/st/stm32cubeide_1.7.0/stm32cubeide/plugins/com.st.stm32cube.ide.mcu.externaltools.gnu-tools-for-stm32.9-2020-q2-update.win32_2.0.0.202105311346/tools/bin/../lib/gcc/arm-none-eabi/9.3.1/../../../../arm-none-eabi/lib/thumb/v7e-m/nofp\libc_nano.a(lib_a-impure.o)
                              c:/st/stm32cubeide_1.7.0/stm32cubeide/plugins/com.st.stm32cube.ide.mcu.externaltools.gnu-tools-for-stm32.9-2020-q2-update.win32_2.0.0.202105311346/tools/bin/../lib/gcc/arm-none-eabi/9.3.1/../../../../arm-none-eabi/lib/thumb/v7e-m/nofp\libc_nano.a(lib_a-exit.o) (_global_impure_ptr)
c:/st/stm32cubeide_1.7.0/stm32cubeide/plugins/com.st.stm32cube.ide.mcu.externaltools.gnu-tools-for-stm32.9-2020-q2-update.win32_2.0.0.202105311346/tools/bin/../lib/gcc/arm-none-eabi/9.3.1/../../../../arm-none-eabi/lib/thumb/v7e-m/nofp\libc_nano.a(lib_a-init.o)
                              c:/st/stm32cubeide_1.7.0/stm32cubeide/plugins/com.st.stm32cube.ide.mcu.externaltools.gnu-tools-for-stm32.9-2020-q2-update.win32_2.0.0.202105311346/tools/bin/../lib/gcc/arm-none-eabi/9.3.1/../../../../arm-none-eabi/lib/thumb/v7e-m/nofp/crt0.o (__libc_init_array)
c:/st/stm32cubeide_1.7.0/stm32cubeide/plugins/com.st.stm32cube.ide.mcu.externaltools.gnu-tools-for-stm32.9-2020-q2-update.win32_2.0.0.202105311346/tools/bin/../lib/gcc/arm-none-eabi/9.3.1/../../../../arm-none-eabi/lib/thumb/v7e-m/nofp\libc_nano.a(lib_a-memcpy-stub.o)
                              ./Application/App/subghz_phy_app.o (memcpy)
c:/st/stm32cubeide_1.7.0/stm32cubeide/plugins/com.st.stm32cube.ide.mcu.externaltools.gnu-tools-for-stm32.9-2020-q2-update.win32_2.0.0.202105311346/tools/bin/../lib/gcc/arm-none-eabi/9.3.1/../../../../arm-none-eabi/lib/thumb/v7e-m/nofp\libc_nano.a(lib_a-memset.o)
                              c:/st/stm32cubeide_1.7.0/stm32cubeide/plugins/com.st.stm32cube.ide.mcu.externaltools.gnu-tools-for-stm32.9-2020-q2-update.win32_2.0.0.202105311346/tools/bin/../lib/gcc/arm-none-eabi/9.3.1/../../../../arm-none-eabi/lib/thumb/v7e-m/nofp/crt0.o (memset)
c:/st/stm32cubeide_1.7.0/stm32cubeide/plugins/com.st.stm32cube.ide.mcu.externaltools.gnu-tools-for-stm32.9-2020-q2-update.win32_2.0.0.202105311346/tools/bin/../lib/gcc/arm-none-eabi/9.3.1/../../../../arm-none-eabi/lib/thumb/v7e-m/nofp\libc_nano.a(lib_a-strlen.o)
                              ./Application/Core/sys_app.o (strlen)
c:/st/stm32cubeide_1.7.0/stm32cubeide/plugins/com.st.stm32cube.ide.mcu.externaltools.gnu-tools-for-stm32.9-2020-q2-update.win32_2.0.0.202105311346/tools/bin/../lib/gcc/arm-none-eabi/9.3.1/thumb/v7e-m/nofp\libgcc.a(_aeabi_uldivmod.o)
                              ./Application/Core/timer_if.o (__aeabi_uldivmod)
c:/st/stm32cubeide_1.7.0/stm32cubeide/plugins/com.st.stm32cube.ide.mcu.externaltools.gnu-tools-for-stm32.9-2020-q2-update.win32_2.0.0.202105311346/tools/bin/../lib/gcc/arm-none-eabi/9.3.1/thumb/v7e-m/nofp\libgcc.a(_udivmoddi4.o)
                              c:/st/stm32cubeide_1.7.0/stm32cubeide/plugins/com.st.stm32cube.ide.mcu.externaltools.gnu-tools-for-stm32.9-2020-q2-update.win32_2.0.0.202105311346/tools/bin/../lib/gcc/arm-none-eabi/9.3.1/thumb/v7e-m/nofp\libgcc.a(_aeabi_uldivmod.o) (__udivmoddi4)
c:/st/stm32cubeide_1.7.0/stm32cubeide/plugins/com.st.stm32cube.ide.mcu.externaltools.gnu-tools-for-stm32.9-2020-q2-update.win32_2.0.0.202105311346/tools/bin/../lib/gcc/arm-none-eabi/9.3.1/thumb/v7e-m/nofp\libgcc.a(_dvmd_tls.o)
                              c:/st/stm32cubeide_1.7.0/stm32cubeide/plugins/com.st.stm32cube.ide.mcu.externaltools.gnu-tools-for-stm32.9-2020-q2-update.win32_2.0.0.202105311346/tools/bin/../lib/gcc/arm-none-eabi/9.3.1/thumb/v7e-m/nofp\libgcc.a(_aeabi_uldivmod.o) (__aeabi_ldiv0)

Allocating common symbols
Common symbol       size              file

hsubghz             0xc               ./Application/Core/subghz.o
hi2c1               0x4c              ./Application/Core/main.o
sys_hpb_exti        0x18              ./Application/Core/board_resources.o
uwTick              0x4               ./Drivers/STM32WLxx_HAL_Driver/stm32wlxx_hal.o
[...]
Memory Configuration

Name             Origin             Length             Attributes
ROM              0x0000000008000000 0x0000000000040000 xr
RAM1             0x0000000020000000 0x0000000000008000 xrw
RAM2             0x0000000020008000 0x0000000000008000 xrw
*default*        0x0000000000000000 0xffffffffffffffff

Linker script and memory map

LOAD c:/st/stm32cubeide_1.7.0/stm32cubeide/plugins/com.st.stm32cube.ide.mcu.externaltools.gnu-tools-for-stm32.9-2020-q2-update.win32_2.0.0.202105311346/tools/bin/../lib/gcc/arm-none-eabi/9.3.1/thumb/v7e-m/nofp/crti.o
LOAD c:/st/stm32cubeide_1.7.0/stm32cubeide/plugins/com.st.stm32cube.ide.mcu.externaltools.gnu-tools-for-stm32.9-2020-q2-update.win32_2.0.0.202105311346/tools/bin/../lib/gcc/arm-none-eabi/9.3.1/thumb/v7e-m/nofp/crtbegin.o
LOAD c:/st/stm32cubeide_1.7.0/stm32cubeide/plugins/com.st.stm32cube.ide.mcu.externaltools.gnu-tools-for-stm32.9-2020-q2-update.win32_2.0.0.202105311346/tools/bin/../lib/gcc/arm-none-eabi/9.3.1/../../../../arm-none-eabi/lib/thumb/v7e-m/nofp/crt0.o
LOAD ./Application/App/app_subghz_phy.o
LOAD ./Application/App/subghz_phy_app.o
LOAD ./Application/Core/board_resources.o
LOAD ./Application/Core/dma.o
LOAD ./Application/Core/main.o
LOAD ./Application/Core/rtc.o
LOAD ./Application/Core/stm32_lpm_if.o
LOAD ./Application/Core/stm32wlxx_hal_msp.o
LOAD ./Application/Core/stm32wlxx_it.o
LOAD ./Application/Core/subghz.o
LOAD ./Application/Core/sys_app.o
LOAD ./Application/Core/sys_debug.o
LOAD ./Application/Core/syscalls.o
LOAD ./Application/Core/sysmem.o
LOAD ./Application/Core/timer_if.o
LOAD ./Application/Core/usart.o
LOAD ./Application/Core/usart_if.o
LOAD ./Application/Startup/startup_stm32wl55jcix.o
LOAD ./Application/Target/radio_board_if.o
LOAD ./Drivers/CMSIS/system_stm32wlxx.o
LOAD ./Drivers/STM32WLxx_HAL_Driver/stm32wlxx_hal.o
LOAD ./Drivers/STM32WLxx_HAL_Driver/stm32wlxx_hal_cortex.o
LOAD ./Drivers/STM32WLxx_HAL_Driver/stm32wlxx_hal_dma.o
LOAD ./Drivers/STM32WLxx_HAL_Driver/stm32wlxx_hal_dma_ex.o
LOAD ./Drivers/STM32WLxx_HAL_Driver/stm32wlxx_hal_exti.o
LOAD ./Drivers/STM32WLxx_HAL_Driver/stm32wlxx_hal_flash.o
LOAD ./Drivers/STM32WLxx_HAL_Driver/stm32wlxx_hal_flash_ex.o
LOAD ./Drivers/STM32WLxx_HAL_Driver/stm32wlxx_hal_gpio.o
LOAD ./Drivers/STM32WLxx_HAL_Driver/stm32wlxx_hal_pwr.o
LOAD ./Drivers/STM32WLxx_HAL_Driver/stm32wlxx_hal_pwr_ex.o
LOAD ./Drivers/STM32WLxx_HAL_Driver/stm32wlxx_hal_rcc.o
LOAD ./Drivers/STM32WLxx_HAL_Driver/stm32wlxx_hal_rcc_ex.o
LOAD ./Drivers/STM32WLxx_HAL_Driver/stm32wlxx_hal_rtc.o
LOAD ./Drivers/STM32WLxx_HAL_Driver/stm32wlxx_hal_rtc_ex.o
LOAD ./Drivers/STM32WLxx_HAL_Driver/stm32wlxx_hal_subghz.o
LOAD ./Drivers/STM32WLxx_HAL_Driver/stm32wlxx_hal_tim.o
LOAD ./Drivers/STM32WLxx_HAL_Driver/stm32wlxx_hal_tim_ex.o
LOAD ./Drivers/STM32WLxx_HAL_Driver/stm32wlxx_hal_uart.o
LOAD ./Drivers/STM32WLxx_HAL_Driver/stm32wlxx_hal_uart_ex.o
LOAD ./Middlewares/SubGHz_Phy/radio.o
LOAD ./Middlewares/SubGHz_Phy/radio_driver.o
LOAD ./Utilities/stm32_adv_trace.o
LOAD ./Utilities/stm32_lpm.o
LOAD ./Utilities/stm32_mem.o
LOAD ./Utilities/stm32_seq.o
LOAD ./Utilities/stm32_systime.o
LOAD ./Utilities/stm32_timer.o
LOAD ./Utilities/stm32_tiny_vsnprintf.o
START GROUP
LOAD c:/st/stm32cubeide_1.7.0/stm32cubeide/plugins/com.st.stm32cube.ide.mcu.externaltools.gnu-tools-for-stm32.9-2020-q2-update.win32_2.0.0.202105311346/tools/bin/../lib/gcc/arm-none-eabi/9.3.1/../../../../arm-none-eabi/lib/thumb/v7e-m/nofp\libc_nano.a
LOAD c:/st/stm32cubeide_1.7.0/stm32cubeide/plugins/com.st.stm32cube.ide.mcu.externaltools.gnu-tools-for-stm32.9-2020-q2-update.win32_2.0.0.202105311346/tools/bin/../lib/gcc/arm-none-eabi/9.3.1/../../../../arm-none-eabi/lib/thumb/v7e-m/nofp\libm.a
END GROUP
START GROUP
LOAD c:/st/stm32cubeide_1.7.0/stm32cubeide/plugins/com.st.stm32cube.ide.mcu.externaltools.gnu-tools-for-stm32.9-2020-q2-update.win32_2.0.0.202105311346/tools/bin/../lib/gcc/arm-none-eabi/9.3.1/thumb/v7e-m/nofp\libgcc.a
LOAD c:/st/stm32cubeide_1.7.0/stm32cubeide/plugins/com.st.stm32cube.ide.mcu.externaltools.gnu-tools-for-stm32.9-2020-q2-update.win32_2.0.0.202105311346/tools/bin/../lib/gcc/arm-none-eabi/9.3.1/../../../../arm-none-eabi/lib/thumb/v7e-m/nofp\libc_nano.a
END GROUP
START GROUP
LOAD c:/st/stm32cubeide_1.7.0/stm32cubeide/plugins/com.st.stm32cube.ide.mcu.externaltools.gnu-tools-for-stm32.9-2020-q2-update.win32_2.0.0.202105311346/tools/bin/../lib/gcc/arm-none-eabi/9.3.1/thumb/v7e-m/nofp\libgcc.a
LOAD c:/st/stm32cubeide_1.7.0/stm32cubeide/plugins/com.st.stm32cube.ide.mcu.externaltools.gnu-tools-for-stm32.9-2020-q2-update.win32_2.0.0.202105311346/tools/bin/../lib/gcc/arm-none-eabi/9.3.1/../../../../arm-none-eabi/lib/thumb/v7e-m/nofp\libc_nano.a
LOAD c:/st/stm32cubeide_1.7.0/stm32cubeide/plugins/com.st.stm32cube.ide.mcu.externaltools.gnu-tools-for-stm32.9-2020-q2-update.win32_2.0.0.202105311346/tools/bin/../lib/gcc/arm-none-eabi/9.3.1/../../../../arm-none-eabi/lib/thumb/v7e-m/nofp\libnosys.a
END GROUP
START GROUP
LOAD c:/st/stm32cubeide_1.7.0/stm32cubeide/plugins/com.st.stm32cube.ide.mcu.externaltools.gnu-tools-for-stm32.9-2020-q2-update.win32_2.0.0.202105311346/tools/bin/../lib/gcc/arm-none-eabi/9.3.1/thumb/v7e-m/nofp\libgcc.a
LOAD c:/st/stm32cubeide_1.7.0/stm32cubeide/plugins/com.st.stm32cube.ide.mcu.externaltools.gnu-tools-for-stm32.9-2020-q2-update.win32_2.0.0.202105311346/tools/bin/../lib/gcc/arm-none-eabi/9.3.1/../../../../arm-none-eabi/lib/thumb/v7e-m/nofp\libc_nano.a
LOAD c:/st/stm32cubeide_1.7.0/stm32cubeide/plugins/com.st.stm32cube.ide.mcu.externaltools.gnu-tools-for-stm32.9-2020-q2-update.win32_2.0.0.202105311346/tools/bin/../lib/gcc/arm-none-eabi/9.3.1/../../../../arm-none-eabi/lib/thumb/v7e-m/nofp\libnosys.a
END GROUP
LOAD c:/st/stm32cubeide_1.7.0/stm32cubeide/plugins/com.st.stm32cube.ide.mcu.externaltools.gnu-tools-for-stm32.9-2020-q2-update.win32_2.0.0.202105311346/tools/bin/../lib/gcc/arm-none-eabi/9.3.1/thumb/v7e-m/nofp/crtend.o
LOAD c:/st/stm32cubeide_1.7.0/stm32cubeide/plugins/com.st.stm32cube.ide.mcu.externaltools.gnu-tools-for-stm32.9-2020-q2-update.win32_2.0.0.202105311346/tools/bin/../lib/gcc/arm-none-eabi/9.3.1/thumb/v7e-m/nofp/crtn.o
                0x0000000020008000                _estack = (ORIGIN (RAM1) + LENGTH (RAM1))
                0x0000000000000200                _Min_Heap_Size = 0x200
                0x0000000000000800                _Min_Stack_Size = 0x800

.isr_vector     0x0000000008000000      0x138
                0x0000000008000000                . = ALIGN (0x8)
 *(.isr_vector)
 .isr_vector    0x0000000008000000      0x138 ./Application/Startup/startup_stm32wl55jcix.o
                0x0000000008000000                g_pfnVectors
                0x0000000008000138                . = ALIGN (0x8)

.text           0x0000000008000138     0xb208
                0x0000000008000138                . = ALIGN (0x8)
 *(.text)
 .text          0x0000000008000138       0x40 c:/st/stm32cubeide_1.7.0/stm32cubeide/plugins/com.st.stm32cube.ide.mcu.externaltools.gnu-tools-for-stm32.9-2020-q2-update.win32_2.0.0.202105311346/tools/bin/../lib/gcc/arm-none-eabi/9.3.1/thumb/v7e-m/nofp/crtbegin.o
 .text          0x0000000008000178       0x10 c:/st/stm32cubeide_1.7.0/stm32cubeide/plugins/com.st.stm32cube.ide.mcu.externaltools.gnu-tools-for-stm32.9-2020-q2-update.win32_2.0.0.202105311346/tools/bin/../lib/gcc/arm-none-eabi/9.3.1/../../../../arm-none-eabi/lib/thumb/v7e-m/nofp\libc_nano.a(lib_a-strlen.o)
                0x0000000008000178                strlen
 .text          0x0000000008000188       0x30 c:/st/stm32cubeide_1.7.0/stm32cubeide/plugins/com.st.stm32cube.ide.mcu.externaltools.gnu-tools-for-stm32.9-2020-q2-update.win32_2.0.0.202105311346/tools/bin/../lib/gcc/arm-none-eabi/9.3.1/thumb/v7e-m/nofp\libgcc.a(_aeabi_uldivmod.o)
                0x0000000008000188                __aeabi_uldivmod
 .text          0x00000000080001b8      0x2c0 c:/st/stm32cubeide_1.7.0/stm32cubeide/plugins/com.st.stm32cube.ide.mcu.externaltools.gnu-tools-for-stm32.9-2020-q2-update.win32_2.0.0.202105311346/tools/bin/../lib/gcc/arm-none-eabi/9.3.1/thumb/v7e-m/nofp\libgcc.a(_udivmoddi4.o)
                0x00000000080001b8                __udivmoddi4
 .text          0x0000000008000478        0x4 c:/st/stm32cubeide_1.7.0/stm32cubeide/plugins/com.st.stm32cube.ide.mcu.externaltools.gnu-tools-for-stm32.9-2020-q2-update.win32_2.0.0.202105311346/tools/bin/../lib/gcc/arm-none-eabi/9.3.1/thumb/v7e-m/nofp\libgcc.a(_dvmd_tls.o)
                0x0000000008000478                __aeabi_idiv0
                0x0000000008000478                __aeabi_ldiv0
 *(.text*)
 .text.MX_SubGHz_Phy_Init
                0x000000000800047c       0x10 ./Application/App/app_subghz_phy.o
                0x000000000800047c                MX_SubGHz_Phy_Init
 .text.MX_SubGHz_Phy_Process
                0x000000000800048c       0x10 ./Application/App/app_subghz_phy.o
                0x000000000800048c                MX_SubGHz_Phy_Process
 .text.SubghzApp_Init
                0x000000000800049c      0x11c ./Application/App/subghz_phy_app.o
                0x000000000800049c                SubghzApp_Init
 .text.PingPong_Process
                0x00000000080005b8      0x104 ./Application/App/subghz_phy_app.o
 .text.OnTxDone
                0x00000000080006bc       0x24 ./Application/App/subghz_phy_app.o
 .text.OnRxDone
                0x00000000080006e0       0x70 ./Application/App/subghz_phy_app.o
 .text.OnTxTimeout
                0x0000000008000750       0x24 ./Application/App/subghz_phy_app.o
 .text.OnRxTimeout
                0x0000000008000774       0x24 ./Application/App/subghz_phy_app.o
 .text.OnRxError
                0x0000000008000798       0x24 ./Application/App/subghz_phy_app.o
 .text.OnledEvent
                0x00000000080007bc       0x28 ./Application/App/subghz_phy_app.o
 .text.LL_AHB2_GRP1_EnableClock
                0x00000000080007e4       0x30 ./Application/Core/board_resources.o
 .text.SYS_LED_Init
                0x0000000008000814       0x74 ./Application/Core/board_resources.o
                0x0000000008000814                SYS_LED_Init
 .text.SYS_LED_Toggle
                0x0000000008000888       0x34 ./Application/Core/board_resources.o
                0x0000000008000888                SYS_LED_Toggle
 .text.LL_AHB1_GRP1_EnableClock
                0x00000000080008bc       0x30 ./Application/Core/dma.o
 .text.MX_DMA_Init
                0x00000000080008ec       0x24 ./Application/Core/dma.o
                0x00000000080008ec                MX_DMA_Init
 .text.LL_RCC_LSE_SetDriveCapability
                0x0000000008000910       0x2a ./Application/Core/main.o
 .text.LL_AHB2_GRP1_EnableClock
                0x000000000800093a       0x30 ./Application/Core/main.o
 .text.LL_APB2_GRP1_EnableClock
                0x000000000800096a       0x30 ./Application/Core/main.o
 *fill*         0x000000000800099a        0x2 
 .text.main     0x000000000800099c       0x74 ./Application/Core/main.o
                0x000000000800099c                main
 .text.SystemClock_Config
                0x0000000008000a10       0xac ./Application/Core/main.o
                0x0000000008000a10                SystemClock_Config
 .text.HAL_ADC_MspInit
                0x0000000008000abc       0x8c ./Application/Core/main.o
                0x0000000008000abc                HAL_ADC_MspInit
 .text.RD_ADC_read
                0x0000000008000b48       0x34 ./Application/Core/main.o
                0x0000000008000b48                RD_ADC_read
 .text.RD_ADC_Init
                0x0000000008000b7c       0xd0 ./Application/Core/main.o
                0x0000000008000b7c                RD_ADC_Init
 .text.Error_Handler
                0x0000000008000c4c        0x6 ./Application/Core/main.o
                0x0000000008000c4c                Error_Handler
 .text.LL_RCC_EnableRTC
                0x0000000008000c52       0x20 ./Application/Core/rtc.o
 .text.LL_APB1_GRP1_EnableClock
                0x0000000008000c72       0x30 ./Application/Core/rtc.o
 *fill*         0x0000000008000ca2        0x2 
 .text.MX_RTC_Init
                0x0000000008000ca4       0xa4 ./Application/Core/rtc.o
                0x0000000008000ca4                MX_RTC_Init
 .text.HAL_RTC_MspInit
                0x0000000008000d48       0x78 ./Application/Core/rtc.o
                0x0000000008000d48                HAL_RTC_MspInit
 .text.LL_PWR_ClearFlag_C1STOP_C1STB
                0x0000000008000dc0       0x18 ./Application/Core/stm32_lpm_if.o
 .text.PWR_EnterOffMode
                0x0000000008000dd8        0xc ./Application/Core/stm32_lpm_if.o
                0x0000000008000dd8                PWR_EnterOffMode
 .text.PWR_ExitOffMode
                0x0000000008000de4        0xc ./Application/Core/stm32_lpm_if.o
                0x0000000008000de4                PWR_ExitOffMode
 .text.PWR_EnterStopMode
                0x0000000008000df0       0x16 ./Application/Core/stm32_lpm_if.o
                0x0000000008000df0                PWR_EnterStopMode
 .text.PWR_ExitStopMode
                0x0000000008000e06       0x10 ./Application/Core/stm32_lpm_if.o
                0x0000000008000e06                PWR_ExitStopMode
 .text.PWR_EnterSleepMode
                0x0000000008000e16       0x14 ./Application/Core/stm32_lpm_if.o
                0x0000000008000e16                PWR_EnterSleepMode
 .text.PWR_ExitSleepMode
                0x0000000008000e2a        0xc ./Application/Core/stm32_lpm_if.o
                0x0000000008000e2a                PWR_ExitSleepMode
 .text.HAL_MspInit
                0x0000000008000e36        0xc ./Application/Core/stm32wlxx_hal_msp.o
                0x0000000008000e36                HAL_MspInit
 .text.NMI_Handler
                0x0000000008000e42        0xc ./Application/Core/stm32wlxx_it.o
                0x0000000008000e42                NMI_Handler
 .text.HardFault_Handler
                0x0000000008000e4e        0x6 ./Application/Core/stm32wlxx_it.o
                0x0000000008000e4e                HardFault_Handler
 .text.MemManage_Handler
                0x0000000008000e54        0x6 ./Application/Core/stm32wlxx_it.o
                0x0000000008000e54                MemManage_Handler
 .text.BusFault_Handler
                0x0000000008000e5a        0x6 ./Application/Core/stm32wlxx_it.o
                0x0000000008000e5a                BusFault_Handler
 .text.UsageFault_Handler
                0x0000000008000e60        0x6 ./Application/Core/stm32wlxx_it.o
                0x0000000008000e60                UsageFault_Handler
 .text.SVC_Handler
                0x0000000008000e66        0xc ./Application/Core/stm32wlxx_it.o
                0x0000000008000e66                SVC_Handler
 .text.DebugMon_Handler
                0x0000000008000e72        0xc ./Application/Core/stm32wlxx_it.o
                0x0000000008000e72                DebugMon_Handler
 .text.PendSV_Handler
                0x0000000008000e7e        0xc ./Application/Core/stm32wlxx_it.o
                0x0000000008000e7e                PendSV_Handler
 .text.SysTick_Handler
                0x0000000008000e8a        0xc ./Application/Core/stm32wlxx_it.o
                0x0000000008000e8a                SysTick_Handler
 *fill*         0x0000000008000e96        0x2 
 .text.TAMP_STAMP_LSECSS_SSRU_IRQHandler
                0x0000000008000e98       0x14 ./Application/Core/stm32wlxx_it.o
                0x0000000008000e98                TAMP_STAMP_LSECSS_SSRU_IRQHandler
 .text.DMA1_Channel5_IRQHandler
                0x0000000008000eac       0x14 ./Application/Core/stm32wlxx_it.o
                0x0000000008000eac                DMA1_Channel5_IRQHandler
 .text.USART2_IRQHandler
                0x0000000008000ec0       0x14 ./Application/Core/stm32wlxx_it.o
                0x0000000008000ec0                USART2_IRQHandler
 .text.RTC_Alarm_IRQHandler
                0x0000000008000ed4       0x14 ./Application/Core/stm32wlxx_it.o
                0x0000000008000ed4                RTC_Alarm_IRQHandler
 .text.SUBGHZ_Radio_IRQHandler
                0x0000000008000ee8       0x14 ./Application/Core/stm32wlxx_it.o
                0x0000000008000ee8                SUBGHZ_Radio_IRQHandler
 .text.LL_APB3_GRP1_EnableClock
                0x0000000008000efc       0x30 ./Application/Core/subghz.o
 .text.MX_SUBGHZ_Init
                0x0000000008000f2c       0x24 ./Application/Core/subghz.o
                0x0000000008000f2c                MX_SUBGHZ_Init
 .text.HAL_SUBGHZ_MspInit
                0x0000000008000f50       0x26 ./Application/Core/subghz.o
                0x0000000008000f50                HAL_SUBGHZ_MspInit
 .text.LL_RCC_SetClkAfterWakeFromStop
                0x0000000008000f76       0x26 ./Application/Core/sys_app.o
 .text.LL_AHB2_GRP1_EnableClock
                0x0000000008000f9c       0x30 ./Application/Core/sys_app.o
 .text.LL_AHB2_GRP1_DisableClock
                0x0000000008000fcc       0x24 ./Application/Core/sys_app.o
 .text.SystemApp_Init
                0x0000000008000ff0       0x44 ./Application/Core/sys_app.o
                0x0000000008000ff0                SystemApp_Init
 .text.UTIL_SEQ_Idle
                0x0000000008001034        0xc ./Application/Core/sys_app.o
                0x0000000008001034                UTIL_SEQ_Idle
 .text.TimestampNow
                0x0000000008001040       0x40 ./Application/Core/sys_app.o
 .text.Gpio_PreInit
                0x0000000008001080       0x98 ./Application/Core/sys_app.o
 .text.UTIL_ADV_TRACE_PreSendHook
                0x0000000008001118       0x10 ./Application/Core/sys_app.o
                0x0000000008001118                UTIL_ADV_TRACE_PreSendHook
 .text.UTIL_ADV_TRACE_PostSendHook
                0x0000000008001128       0x10 ./Application/Core/sys_app.o
                0x0000000008001128                UTIL_ADV_TRACE_PostSendHook
 .text.tiny_snprintf_like
                0x0000000008001138       0x2c ./Application/Core/sys_app.o
 .text.HAL_InitTick
                0x0000000008001164       0x14 ./Application/Core/sys_app.o
                0x0000000008001164                HAL_InitTick
 .text.HAL_GetTick
                0x0000000008001178        0xe ./Application/Core/sys_app.o
                0x0000000008001178                HAL_GetTick
 .text.HAL_Delay
                0x0000000008001186       0x18 ./Application/Core/sys_app.o
                0x0000000008001186                HAL_Delay
 .text.LL_AHB2_GRP1_EnableClock
                0x000000000800119e       0x30 ./Application/Core/sys_debug.o
 *fill*         0x00000000080011ce        0x2 
 .text.LL_EXTI_EnableIT_32_63
                0x00000000080011d0       0x28 ./Application/Core/sys_debug.o
 .text.DBG_Init
                0x00000000080011f8      0x11c ./Application/Core/sys_debug.o
                0x00000000080011f8                DBG_Init
 .text.LL_RTC_TIME_GetSubSecond
                0x0000000008001314       0x16 ./Application/Core/timer_if.o
 *fill*         0x000000000800132a        0x2 
 .text.TIMER_IF_Init
                0x000000000800132c       0x64 ./Application/Core/timer_if.o
                0x000000000800132c                TIMER_IF_Init
 .text.TIMER_IF_StartTimer
                0x0000000008001390       0x70 ./Application/Core/timer_if.o
                0x0000000008001390                TIMER_IF_StartTimer
 .text.TIMER_IF_StopTimer
                0x0000000008001400       0x34 ./Application/Core/timer_if.o
                0x0000000008001400                TIMER_IF_StopTimer
 .text.TIMER_IF_SetTimerContext
                0x0000000008001434       0x1c ./Application/Core/timer_if.o
                0x0000000008001434                TIMER_IF_SetTimerContext
 .text.TIMER_IF_GetTimerContext
                0x0000000008001450       0x14 ./Application/Core/timer_if.o
                0x0000000008001450                TIMER_IF_GetTimerContext
 .text.TIMER_IF_GetTimerElapsedTime
                0x0000000008001464       0x18 ./Application/Core/timer_if.o
                0x0000000008001464                TIMER_IF_GetTimerElapsedTime
 .text.TIMER_IF_GetTimerValue
                0x000000000800147c       0x20 ./Application/Core/timer_if.o
                0x000000000800147c                TIMER_IF_GetTimerValue
 .text.TIMER_IF_GetMinimumTimeout
                0x000000000800149c        0xe ./Application/Core/timer_if.o
                0x000000000800149c                TIMER_IF_GetMinimumTimeout
 .text.TIMER_IF_Convert_ms2Tick
                0x00000000080014aa       0x32 ./Application/Core/timer_if.o
                0x00000000080014aa                TIMER_IF_Convert_ms2Tick
 .text.TIMER_IF_Convert_Tick2ms
                0x00000000080014dc       0x7c ./Application/Core/timer_if.o
                0x00000000080014dc                TIMER_IF_Convert_Tick2ms
 .text.TIMER_IF_DelayMs
                0x0000000008001558       0x34 ./Application/Core/timer_if.o
                0x0000000008001558                TIMER_IF_DelayMs
 .text.HAL_RTC_AlarmAEventCallback
                0x000000000800158c       0x14 ./Application/Core/timer_if.o
                0x000000000800158c                HAL_RTC_AlarmAEventCallback
 .text.HAL_RTCEx_SSRUEventCallback
                0x00000000080015a0       0x20 ./Application/Core/timer_if.o
                0x00000000080015a0                HAL_RTCEx_SSRUEventCallback
 .text.TIMER_IF_GetTime
                0x00000000080015c0       0x8e ./Application/Core/timer_if.o
                0x00000000080015c0                TIMER_IF_GetTime
 *fill*         0x000000000800164e        0x2 
 .text.TIMER_IF_BkUp_Write_Seconds
                0x0000000008001650       0x20 ./Application/Core/timer_if.o
                0x0000000008001650                TIMER_IF_BkUp_Write_Seconds
 .text.TIMER_IF_BkUp_Write_SubSeconds
                0x0000000008001670       0x20 ./Application/Core/timer_if.o
                0x0000000008001670                TIMER_IF_BkUp_Write_SubSeconds
 .text.TIMER_IF_BkUp_Read_Seconds
                0x0000000008001690       0x18 ./Application/Core/timer_if.o
                0x0000000008001690                TIMER_IF_BkUp_Read_Seconds
 .text.TIMER_IF_BkUp_Read_SubSeconds
                0x00000000080016a8       0x18 ./Application/Core/timer_if.o
                0x00000000080016a8                TIMER_IF_BkUp_Read_SubSeconds
 .text.TIMER_IF_BkUp_Write_MSBticks
                0x00000000080016c0       0x20 ./Application/Core/timer_if.o
 .text.TIMER_IF_BkUp_Read_MSBticks
                0x00000000080016e0       0x20 ./Application/Core/timer_if.o
 .text.GetTimerTicks
                0x0000000008001700       0x18 ./Application/Core/timer_if.o
 .text.LL_AHB2_GRP1_EnableClock
                0x0000000008001718       0x30 ./Application/Core/usart.o
 .text.LL_APB1_GRP1_EnableClock
                0x0000000008001748       0x30 ./Application/Core/usart.o
 .text.LL_APB1_GRP1_DisableClock
                0x0000000008001778       0x24 ./Application/Core/usart.o
 .text.MX_USART2_UART_Init
                0x000000000800179c       0x98 ./Application/Core/usart.o
                0x000000000800179c                MX_USART2_UART_Init
 .text.HAL_UART_MspInit
                0x0000000008001834      0x108 ./Application/Core/usart.o
                0x0000000008001834                HAL_UART_MspInit
 .text.HAL_UART_MspDeInit
                0x000000000800193c       0x40 ./Application/Core/usart.o
                0x000000000800193c                HAL_UART_MspDeInit
 .text.LL_APB1_GRP1_ForceReset
                0x000000000800197c       0x22 ./Application/Core/usart_if.o
 .text.LL_APB1_GRP1_ReleaseReset
                0x000000000800199e       0x24 ./Application/Core/usart_if.o
 *fill*         0x00000000080019c2        0x2 
 .text.LL_EXTI_EnableIT_0_31
                0x00000000080019c4       0x28 ./Application/Core/usart_if.o
 .text.vcom_Init
                0x00000000080019ec       0x2c ./Application/Core/usart_if.o
                0x00000000080019ec                vcom_Init
 .text.vcom_DeInit
                0x0000000008001a18       0x2c ./Application/Core/usart_if.o
                0x0000000008001a18                vcom_DeInit
 .text.vcom_Trace_DMA
                0x0000000008001a44       0x28 ./Application/Core/usart_if.o
                0x0000000008001a44                vcom_Trace_DMA
 .text.vcom_ReceiveInit
                0x0000000008001a6c       0x7c ./Application/Core/usart_if.o
                0x0000000008001a6c                vcom_ReceiveInit
 .text.vcom_Resume
                0x0000000008001ae8       0x30 ./Application/Core/usart_if.o
                0x0000000008001ae8                vcom_Resume
 .text.HAL_UART_TxCpltCallback
                0x0000000008001b18       0x1c ./Application/Core/usart_if.o
                0x0000000008001b18                HAL_UART_TxCpltCallback
 .text.HAL_UART_RxCpltCallback
                0x0000000008001b34       0x40 ./Application/Core/usart_if.o
                0x0000000008001b34                HAL_UART_RxCpltCallback
 .text.Reset_Handler
                0x0000000008001b74       0x50 ./Application/Startup/startup_stm32wl55jcix.o
                0x0000000008001b74                Reset_Handler
 .text.Default_Handler
                0x0000000008001bc4        0x2 ./Application/Startup/startup_stm32wl55jcix.o
                0x0000000008001bc4                EXTI2_IRQHandler
                0x0000000008001bc4                TIM1_CC_IRQHandler
                0x0000000008001bc4                EXTI3_IRQHandler
                0x0000000008001bc4                LPTIM2_IRQHandler
                0x0000000008001bc4                I2C3_ER_IRQHandler
                0x0000000008001bc4                LPTIM3_IRQHandler
                0x0000000008001bc4                EXTI0_IRQHandler
                0x0000000008001bc4                I2C2_EV_IRQHandler
                0x0000000008001bc4                SPI1_IRQHandler
                0x0000000008001bc4                DMA2_Channel2_IRQHandler
                0x0000000008001bc4                DMA1_Channel4_IRQHandler
                0x0000000008001bc4                PKA_IRQHandler
                0x0000000008001bc4                TIM17_IRQHandler
                0x0000000008001bc4                DMA1_Channel7_IRQHandler
                0x0000000008001bc4                SUBGHZSPI_IRQHandler
                0x0000000008001bc4                IPCC_C1_TX_IRQHandler
                0x0000000008001bc4                DMA2_Channel1_IRQHandler
                0x0000000008001bc4                I2C1_EV_IRQHandler
                0x0000000008001bc4                DMAMUX1_OVR_IRQHandler
                0x0000000008001bc4                DMA1_Channel6_IRQHandler
                0x0000000008001bc4                TIM16_IRQHandler
                0x0000000008001bc4                DMA2_Channel4_IRQHandler
                0x0000000008001bc4                RCC_IRQHandler
                0x0000000008001bc4                TIM1_TRG_COM_IRQHandler
                0x0000000008001bc4                DMA1_Channel1_IRQHandler
                0x0000000008001bc4                Default_Handler
                0x0000000008001bc4                DMA2_Channel7_IRQHandler
                0x0000000008001bc4                EXTI15_10_IRQHandler
                0x0000000008001bc4                IPCC_C1_RX_IRQHandler
                0x0000000008001bc4                ADC_IRQHandler
                0x0000000008001bc4                C2SEV_PWR_C2H_IRQHandler
                0x0000000008001bc4                I2C3_EV_IRQHandler
                0x0000000008001bc4                EXTI9_5_IRQHandler
                0x0000000008001bc4                RTC_WKUP_IRQHandler
                0x0000000008001bc4                PVD_PVM_IRQHandler
                0x0000000008001bc4                SPI2_IRQHandler
                0x0000000008001bc4                DMA2_Channel5_IRQHandler
                0x0000000008001bc4                EXTI4_IRQHandler
                0x0000000008001bc4                RNG_IRQHandler
                0x0000000008001bc4                DMA1_Channel3_IRQHandler
                0x0000000008001bc4                COMP_IRQHandler
                0x0000000008001bc4                HSEM_IRQHandler
                0x0000000008001bc4                TIM1_UP_IRQHandler
                0x0000000008001bc4                WWDG_IRQHandler
                0x0000000008001bc4                LPUART1_IRQHandler
                0x0000000008001bc4                DMA2_Channel6_IRQHandler
                0x0000000008001bc4                TIM2_IRQHandler
                0x0000000008001bc4                TIM1_BRK_IRQHandler
                0x0000000008001bc4                DAC_IRQHandler
                0x0000000008001bc4                EXTI1_IRQHandler
                0x0000000008001bc4                AES_IRQHandler
                0x0000000008001bc4                I2C2_ER_IRQHandler
                0x0000000008001bc4                DMA1_Channel2_IRQHandler
                0x0000000008001bc4                FLASH_IRQHandler
                0x0000000008001bc4                USART1_IRQHandler
                0x0000000008001bc4                I2C1_ER_IRQHandler
                0x0000000008001bc4                LPTIM1_IRQHandler
                0x0000000008001bc4                DMA2_Channel3_IRQHandler
 .text.LL_AHB2_GRP1_EnableClock
                0x0000000008001bc6       0x30 ./Application/Target/radio_board_if.o
 *fill*         0x0000000008001bf6        0x2 
 .text.RBI_Init
                0x0000000008001bf8       0x7c ./Application/Target/radio_board_if.o
                0x0000000008001bf8                RBI_Init
 .text.RBI_ConfigRFSwitch
                0x0000000008001c74       0xb8 ./Application/Target/radio_board_if.o
                0x0000000008001c74                RBI_ConfigRFSwitch
 .text.RBI_GetTxConfig
                0x0000000008001d2c        0xe ./Application/Target/radio_board_if.o
                0x0000000008001d2c                RBI_GetTxConfig
 .text.RBI_GetWakeUpTime
                0x0000000008001d3a        0xe ./Application/Target/radio_board_if.o
                0x0000000008001d3a                RBI_GetWakeUpTime
 .text.RBI_IsTCXO
                0x0000000008001d48        0xe ./Application/Target/radio_board_if.o
                0x0000000008001d48                RBI_IsTCXO
 .text.RBI_IsDCDC
                0x0000000008001d56        0xe ./Application/Target/radio_board_if.o
                0x0000000008001d56                RBI_IsDCDC
 .text.SystemInit
                0x0000000008001d64        0xc ./Drivers/CMSIS/system_stm32wlxx.o
                0x0000000008001d64                SystemInit
 .text.LL_DBGMCU_EnableDBGSleepMode
                0x0000000008001d70       0x1c ./Drivers/STM32WLxx_HAL_Driver/stm32wlxx_hal.o
 .text.LL_DBGMCU_EnableDBGStopMode
                0x0000000008001d8c       0x1c ./Drivers/STM32WLxx_HAL_Driver/stm32wlxx_hal.o
 .text.LL_DBGMCU_EnableDBGStandbyMode
                0x0000000008001da8       0x1c ./Drivers/STM32WLxx_HAL_Driver/stm32wlxx_hal.o
 .text.HAL_Init
                0x0000000008001dc4       0x40 ./Drivers/STM32WLxx_HAL_Driver/stm32wlxx_hal.o
                0x0000000008001dc4                HAL_Init
 .text.HAL_IncTick
                0x0000000008001e04       0x24 ./Drivers/STM32WLxx_HAL_Driver/stm32wlxx_hal.o
                0x0000000008001e04                HAL_IncTick
 .text.HAL_SuspendTick
                0x0000000008001e28       0x1c ./Drivers/STM32WLxx_HAL_Driver/stm32wlxx_hal.o
                0x0000000008001e28                HAL_SuspendTick
 .text.HAL_ResumeTick
                0x0000000008001e44       0x1c ./Drivers/STM32WLxx_HAL_Driver/stm32wlxx_hal.o
                0x0000000008001e44                HAL_ResumeTick
 .text.HAL_DBGMCU_EnableDBGSleepMode
                0x0000000008001e60        0xc ./Drivers/STM32WLxx_HAL_Driver/stm32wlxx_hal.o
                0x0000000008001e60                HAL_DBGMCU_EnableDBGSleepMode
 .text.HAL_DBGMCU_EnableDBGStopMode
                0x0000000008001e6c        0xc ./Drivers/STM32WLxx_HAL_Driver/stm32wlxx_hal.o
                0x0000000008001e6c                HAL_DBGMCU_EnableDBGStopMode
 .text.HAL_DBGMCU_EnableDBGStandbyMode
                0x0000000008001e78        0xc ./Drivers/STM32WLxx_HAL_Driver/stm32wlxx_hal.o
                0x0000000008001e78                HAL_DBGMCU_EnableDBGStandbyMode
 .text.__NVIC_SetPriorityGrouping
                0x0000000008001e84       0x48 ./Drivers/STM32WLxx_HAL_Driver/stm32wlxx_hal_cortex.o
 .text.__NVIC_GetPriorityGrouping
                0x0000000008001ecc       0x1c ./Drivers/STM32WLxx_HAL_Driver/stm32wlxx_hal_cortex.o
 .text.__NVIC_EnableIRQ
                0x0000000008001ee8       0x38 ./Drivers/STM32WLxx_HAL_Driver/stm32wlxx_hal_cortex.o
 .text.__NVIC_DisableIRQ
                0x0000000008001f20       0x48 ./Drivers/STM32WLxx_HAL_Driver/stm32wlxx_hal_cortex.o
 .text.__NVIC_SetPriority
                0x0000000008001f68       0x54 ./Drivers/STM32WLxx_HAL_Driver/stm32wlxx_hal_cortex.o
 .text.NVIC_EncodePriority
                0x0000000008001fbc       0x64 ./Drivers/STM32WLxx_HAL_Driver/stm32wlxx_hal_cortex.o
 .text.HAL_NVIC_SetPriorityGrouping
                0x0000000008002020       0x16 ./Drivers/STM32WLxx_HAL_Driver/stm32wlxx_hal_cortex.o
                0x0000000008002020                HAL_NVIC_SetPriorityGrouping
 .text.HAL_NVIC_SetPriority
                0x0000000008002036       0x34 ./Drivers/STM32WLxx_HAL_Driver/stm32wlxx_hal_cortex.o
                0x0000000008002036                HAL_NVIC_SetPriority
 .text.HAL_NVIC_EnableIRQ
                0x000000000800206a       0x1c ./Drivers/STM32WLxx_HAL_Driver/stm32wlxx_hal_cortex.o
                0x000000000800206a                HAL_NVIC_EnableIRQ
 .text.HAL_NVIC_DisableIRQ
                0x0000000008002086       0x1c ./Drivers/STM32WLxx_HAL_Driver/stm32wlxx_hal_cortex.o
                0x0000000008002086                HAL_NVIC_DisableIRQ
 *fill*         0x00000000080020a2        0x2 
 .text.HAL_DMA_Init
                0x00000000080020a4      0x150 ./Drivers/STM32WLxx_HAL_Driver/stm32wlxx_hal_dma.o
                0x00000000080020a4                HAL_DMA_Init
 .text.HAL_DMA_DeInit
                0x00000000080021f4      0x12c ./Drivers/STM32WLxx_HAL_Driver/stm32wlxx_hal_dma.o
                0x00000000080021f4                HAL_DMA_DeInit
 .text.HAL_DMA_Start_IT
                0x0000000008002320       0xfc ./Drivers/STM32WLxx_HAL_Driver/stm32wlxx_hal_dma.o
                0x0000000008002320                HAL_DMA_Start_IT
 .text.HAL_DMA_Abort
                0x000000000800241c       0xbc ./Drivers/STM32WLxx_HAL_Driver/stm32wlxx_hal_dma.o
                0x000000000800241c                HAL_DMA_Abort
 .text.HAL_DMA_Abort_IT
                0x00000000080024d8       0xbe ./Drivers/STM32WLxx_HAL_Driver/stm32wlxx_hal_dma.o
                0x00000000080024d8                HAL_DMA_Abort_IT
 *fill*         0x0000000008002596        0x2 
 .text.HAL_DMA_IRQHandler
                0x0000000008002598      0x18c ./Drivers/STM32WLxx_HAL_Driver/stm32wlxx_hal_dma.o
                0x0000000008002598                HAL_DMA_IRQHandler
 .text.HAL_DMA_ConfigChannelAttributes
                0x0000000008002724       0x5e ./Drivers/STM32WLxx_HAL_Driver/stm32wlxx_hal_dma.o
                0x0000000008002724                HAL_DMA_ConfigChannelAttributes
 .text.DMA_SetConfig
                0x0000000008002782       0x7a ./Drivers/STM32WLxx_HAL_Driver/stm32wlxx_hal_dma.o
 .text.DMA_CalcDMAMUXChannelBaseAndMask
                0x00000000080027fc       0x90 ./Drivers/STM32WLxx_HAL_Driver/stm32wlxx_hal_dma.o
 .text.DMA_CalcDMAMUXRequestGenBaseAndMask
                0x000000000800288c       0x48 ./Drivers/STM32WLxx_HAL_Driver/stm32wlxx_hal_dma.o
 .text.HAL_GPIO_Init
                0x00000000080028d4      0x2c0 ./Drivers/STM32WLxx_HAL_Driver/stm32wlxx_hal_gpio.o
                0x00000000080028d4                HAL_GPIO_Init
 .text.HAL_GPIO_DeInit
                0x0000000008002b94      0x19c ./Drivers/STM32WLxx_HAL_Driver/stm32wlxx_hal_gpio.o
                0x0000000008002b94                HAL_GPIO_DeInit
 .text.HAL_GPIO_WritePin
                0x0000000008002d30       0x2e ./Drivers/STM32WLxx_HAL_Driver/stm32wlxx_hal_gpio.o
                0x0000000008002d30                HAL_GPIO_WritePin
 .text.HAL_GPIO_TogglePin
                0x0000000008002d5e       0x32 ./Drivers/STM32WLxx_HAL_Driver/stm32wlxx_hal_gpio.o
                0x0000000008002d5e                HAL_GPIO_TogglePin
 .text.HAL_PWR_EnableBkUpAccess
                0x0000000008002d90       0x1c ./Drivers/STM32WLxx_HAL_Driver/stm32wlxx_hal_pwr.o
                0x0000000008002d90                HAL_PWR_EnableBkUpAccess
 .text.HAL_PWR_EnterSLEEPMode
                0x0000000008002dac       0x68 ./Drivers/STM32WLxx_HAL_Driver/stm32wlxx_hal_pwr.o
                0x0000000008002dac                HAL_PWR_EnterSLEEPMode
 .text.HAL_PWREx_GetVoltageRange
                0x0000000008002e14       0x18 ./Drivers/STM32WLxx_HAL_Driver/stm32wlxx_hal_pwr_ex.o
                0x0000000008002e14                HAL_PWREx_GetVoltageRange
 .text.HAL_PWREx_EnableLowPowerRunMode
                0x0000000008002e2c       0x1c ./Drivers/STM32WLxx_HAL_Driver/stm32wlxx_hal_pwr_ex.o
                0x0000000008002e2c                HAL_PWREx_EnableLowPowerRunMode
 .text.HAL_PWREx_DisableLowPowerRunMode
                0x0000000008002e48       0x6c ./Drivers/STM32WLxx_HAL_Driver/stm32wlxx_hal_pwr_ex.o
                0x0000000008002e48                HAL_PWREx_DisableLowPowerRunMode
 .text.HAL_PWREx_EnterSTOP2Mode
                0x0000000008002eb4       0x54 ./Drivers/STM32WLxx_HAL_Driver/stm32wlxx_hal_pwr_ex.o
                0x0000000008002eb4                HAL_PWREx_EnterSTOP2Mode
 .text.LL_PWR_IsEnabledBkUpAccess
                0x0000000008002f08       0x24 ./Drivers/STM32WLxx_HAL_Driver/stm32wlxx_hal_rcc.o
 .text.LL_RCC_HSE_EnableTcxo
                0x0000000008002f2c       0x1c ./Drivers/STM32WLxx_HAL_Driver/stm32wlxx_hal_rcc.o
 .text.LL_RCC_HSE_DisableTcxo
                0x0000000008002f48       0x1c ./Drivers/STM32WLxx_HAL_Driver/stm32wlxx_hal_rcc.o
 .text.LL_RCC_HSE_IsEnabledDiv2
                0x0000000008002f64       0x22 ./Drivers/STM32WLxx_HAL_Driver/stm32wlxx_hal_rcc.o
 .text.LL_RCC_HSE_Enable
                0x0000000008002f86       0x1c ./Drivers/STM32WLxx_HAL_Driver/stm32wlxx_hal_rcc.o
 .text.LL_RCC_HSE_Disable
                0x0000000008002fa2       0x1c ./Drivers/STM32WLxx_HAL_Driver/stm32wlxx_hal_rcc.o
 .text.LL_RCC_HSE_IsReady
                0x0000000008002fbe       0x22 ./Drivers/STM32WLxx_HAL_Driver/stm32wlxx_hal_rcc.o
 .text.LL_RCC_HSI_Enable
                0x0000000008002fe0       0x1c ./Drivers/STM32WLxx_HAL_Driver/stm32wlxx_hal_rcc.o
 .text.LL_RCC_HSI_Disable
                0x0000000008002ffc       0x1c ./Drivers/STM32WLxx_HAL_Driver/stm32wlxx_hal_rcc.o
 .text.LL_RCC_HSI_IsReady
                0x0000000008003018       0x22 ./Drivers/STM32WLxx_HAL_Driver/stm32wlxx_hal_rcc.o
 .text.LL_RCC_HSI_SetCalibTrimming
                0x000000000800303a       0x28 ./Drivers/STM32WLxx_HAL_Driver/stm32wlxx_hal_rcc.o
 .text.LL_RCC_LSE_IsReady
                0x0000000008003062       0x22 ./Drivers/STM32WLxx_HAL_Driver/stm32wlxx_hal_rcc.o
 .text.LL_RCC_LSI_Enable
                0x0000000008003084       0x20 ./Drivers/STM32WLxx_HAL_Driver/stm32wlxx_hal_rcc.o
 .text.LL_RCC_LSI_Disable
                0x00000000080030a4       0x20 ./Drivers/STM32WLxx_HAL_Driver/stm32wlxx_hal_rcc.o
 .text.LL_RCC_LSI_IsReady
                0x00000000080030c4       0x22 ./Drivers/STM32WLxx_HAL_Driver/stm32wlxx_hal_rcc.o
 .text.LL_RCC_MSI_Enable
                0x00000000080030e6       0x1c ./Drivers/STM32WLxx_HAL_Driver/stm32wlxx_hal_rcc.o
 .text.LL_RCC_MSI_Disable
                0x0000000008003102       0x1c ./Drivers/STM32WLxx_HAL_Driver/stm32wlxx_hal_rcc.o
 .text.LL_RCC_MSI_IsReady
                0x000000000800311e       0x20 ./Drivers/STM32WLxx_HAL_Driver/stm32wlxx_hal_rcc.o
 .text.LL_RCC_MSI_IsEnabledRangeSelect
                0x000000000800313e       0x20 ./Drivers/STM32WLxx_HAL_Driver/stm32wlxx_hal_rcc.o
 .text.LL_RCC_MSI_GetRange
                0x000000000800315e       0x16 ./Drivers/STM32WLxx_HAL_Driver/stm32wlxx_hal_rcc.o
 .text.LL_RCC_MSI_GetRangeAfterStandby
                0x0000000008003174       0x18 ./Drivers/STM32WLxx_HAL_Driver/stm32wlxx_hal_rcc.o
 .text.LL_RCC_MSI_SetCalibTrimming
                0x000000000800318c       0x28 ./Drivers/STM32WLxx_HAL_Driver/stm32wlxx_hal_rcc.o
 .text.LL_RCC_SetSysClkSource
                0x00000000080031b4       0x26 ./Drivers/STM32WLxx_HAL_Driver/stm32wlxx_hal_rcc.o
 .text.LL_RCC_GetSysClkSource
                0x00000000080031da       0x16 ./Drivers/STM32WLxx_HAL_Driver/stm32wlxx_hal_rcc.o
 .text.LL_RCC_SetAHBPrescaler
                0x00000000080031f0       0x26 ./Drivers/STM32WLxx_HAL_Driver/stm32wlxx_hal_rcc.o
 .text.LL_C2_RCC_SetAHBPrescaler
                0x0000000008003216       0x2a ./Drivers/STM32WLxx_HAL_Driver/stm32wlxx_hal_rcc.o
 .text.LL_RCC_SetAHB3Prescaler
                0x0000000008003240       0x2c ./Drivers/STM32WLxx_HAL_Driver/stm32wlxx_hal_rcc.o
 .text.LL_RCC_SetAPB1Prescaler
                0x000000000800326c       0x26 ./Drivers/STM32WLxx_HAL_Driver/stm32wlxx_hal_rcc.o
 .text.LL_RCC_SetAPB2Prescaler
                0x0000000008003292       0x26 ./Drivers/STM32WLxx_HAL_Driver/stm32wlxx_hal_rcc.o
 .text.LL_RCC_GetAHBPrescaler
                0x00000000080032b8       0x16 ./Drivers/STM32WLxx_HAL_Driver/stm32wlxx_hal_rcc.o
 .text.LL_RCC_GetAHB3Prescaler
                0x00000000080032ce       0x1a ./Drivers/STM32WLxx_HAL_Driver/stm32wlxx_hal_rcc.o
 .text.LL_RCC_GetAPB1Prescaler
                0x00000000080032e8       0x16 ./Drivers/STM32WLxx_HAL_Driver/stm32wlxx_hal_rcc.o
 .text.LL_RCC_GetAPB2Prescaler
                0x00000000080032fe       0x16 ./Drivers/STM32WLxx_HAL_Driver/stm32wlxx_hal_rcc.o
 .text.LL_RCC_ConfigMCO
                0x0000000008003314       0x2c ./Drivers/STM32WLxx_HAL_Driver/stm32wlxx_hal_rcc.o
 .text.LL_RCC_PLL_Enable
                0x0000000008003340       0x1c ./Drivers/STM32WLxx_HAL_Driver/stm32wlxx_hal_rcc.o
 .text.LL_RCC_PLL_Disable
                0x000000000800335c       0x1c ./Drivers/STM32WLxx_HAL_Driver/stm32wlxx_hal_rcc.o
 .text.LL_RCC_PLL_IsReady
                0x0000000008003378       0x22 ./Drivers/STM32WLxx_HAL_Driver/stm32wlxx_hal_rcc.o
 .text.LL_RCC_PLL_GetN
                0x000000000800339a       0x18 ./Drivers/STM32WLxx_HAL_Driver/stm32wlxx_hal_rcc.o
 .text.LL_RCC_PLL_GetR
                0x00000000080033b2       0x16 ./Drivers/STM32WLxx_HAL_Driver/stm32wlxx_hal_rcc.o
 .text.LL_RCC_PLL_GetDivider
                0x00000000080033c8       0x16 ./Drivers/STM32WLxx_HAL_Driver/stm32wlxx_hal_rcc.o
 .text.LL_RCC_PLL_GetMainSource
                0x00000000080033de       0x16 ./Drivers/STM32WLxx_HAL_Driver/stm32wlxx_hal_rcc.o
 .text.LL_RCC_IsActiveFlag_HPRE
                0x00000000080033f4       0x22 ./Drivers/STM32WLxx_HAL_Driver/stm32wlxx_hal_rcc.o
 .text.LL_RCC_IsActiveFlag_C2HPRE
                0x0000000008003416       0x24 ./Drivers/STM32WLxx_HAL_Driver/stm32wlxx_hal_rcc.o
 .text.LL_RCC_IsActiveFlag_SHDHPRE
                0x000000000800343a       0x24 ./Drivers/STM32WLxx_HAL_Driver/stm32wlxx_hal_rcc.o
 .text.LL_RCC_IsActiveFlag_PPRE1
                0x000000000800345e       0x22 ./Drivers/STM32WLxx_HAL_Driver/stm32wlxx_hal_rcc.o
 .text.LL_RCC_IsActiveFlag_PPRE2
                0x0000000008003480       0x22 ./Drivers/STM32WLxx_HAL_Driver/stm32wlxx_hal_rcc.o
 .text.LL_AHB2_GRP1_EnableClock
                0x00000000080034a2       0x30 ./Drivers/STM32WLxx_HAL_Driver/stm32wlxx_hal_rcc.o
 *fill*         0x00000000080034d2        0x2 
 .text.HAL_RCC_OscConfig
                0x00000000080034d4      0x734 ./Drivers/STM32WLxx_HAL_Driver/stm32wlxx_hal_rcc.o
                0x00000000080034d4                HAL_RCC_OscConfig
 .text.HAL_RCC_ClockConfig
                0x0000000008003c08      0x284 ./Drivers/STM32WLxx_HAL_Driver/stm32wlxx_hal_rcc.o
                0x0000000008003c08                HAL_RCC_ClockConfig
 .text.HAL_RCC_MCOConfig
                0x0000000008003e8c       0x46 ./Drivers/STM32WLxx_HAL_Driver/stm32wlxx_hal_rcc.o
                0x0000000008003e8c                HAL_RCC_MCOConfig
 *fill*         0x0000000008003ed2        0x2 
 .text.HAL_RCC_GetSysClockFreq
                0x0000000008003ed4      0x140 ./Drivers/STM32WLxx_HAL_Driver/stm32wlxx_hal_rcc.o
                0x0000000008003ed4                HAL_RCC_GetSysClockFreq
 .text.HAL_RCC_GetHCLKFreq
                0x0000000008004014       0x28 ./Drivers/STM32WLxx_HAL_Driver/stm32wlxx_hal_rcc.o
                0x0000000008004014                HAL_RCC_GetHCLKFreq
 .text.HAL_RCC_GetPCLK1Freq
                0x000000000800403c       0x24 ./Drivers/STM32WLxx_HAL_Driver/stm32wlxx_hal_rcc.o
                0x000000000800403c                HAL_RCC_GetPCLK1Freq
 .text.HAL_RCC_GetPCLK2Freq
                0x0000000008004060       0x24 ./Drivers/STM32WLxx_HAL_Driver/stm32wlxx_hal_rcc.o
                0x0000000008004060                HAL_RCC_GetPCLK2Freq
 .text.RCC_SetFlashLatencyFromMSIRange
                0x0000000008004084       0x60 ./Drivers/STM32WLxx_HAL_Driver/stm32wlxx_hal_rcc.o
 .text.RCC_SetFlashLatency
                0x00000000080040e4      0x10c ./Drivers/STM32WLxx_HAL_Driver/stm32wlxx_hal_rcc.o
 .text.LL_RCC_LSE_IsReady
                0x00000000080041f0       0x22 ./Drivers/STM32WLxx_HAL_Driver/stm32wlxx_hal_rcc_ex.o
 .text.LL_RCC_SetUSARTClockSource
                0x0000000008004212       0x30 ./Drivers/STM32WLxx_HAL_Driver/stm32wlxx_hal_rcc_ex.o
 .text.LL_RCC_SetI2SClockSource
                0x0000000008004242       0x2a ./Drivers/STM32WLxx_HAL_Driver/stm32wlxx_hal_rcc_ex.o
 .text.LL_RCC_SetLPUARTClockSource
                0x000000000800426c       0x2a ./Drivers/STM32WLxx_HAL_Driver/stm32wlxx_hal_rcc_ex.o
 .text.LL_RCC_SetI2CClockSource
                0x0000000008004296       0x38 ./Drivers/STM32WLxx_HAL_Driver/stm32wlxx_hal_rcc_ex.o
 .text.LL_RCC_SetLPTIMClockSource
                0x00000000080042ce       0x32 ./Drivers/STM32WLxx_HAL_Driver/stm32wlxx_hal_rcc_ex.o
 .text.LL_RCC_SetRNGClockSource
                0x0000000008004300       0x2a ./Drivers/STM32WLxx_HAL_Driver/stm32wlxx_hal_rcc_ex.o
 .text.LL_RCC_SetADCClockSource
                0x000000000800432a       0x2a ./Drivers/STM32WLxx_HAL_Driver/stm32wlxx_hal_rcc_ex.o
 .text.LL_RCC_SetRTCClockSource
                0x0000000008004354       0x2a ./Drivers/STM32WLxx_HAL_Driver/stm32wlxx_hal_rcc_ex.o
 .text.LL_RCC_GetRTCClockSource
                0x000000000800437e       0x18 ./Drivers/STM32WLxx_HAL_Driver/stm32wlxx_hal_rcc_ex.o
 .text.LL_RCC_ForceBackupDomainReset
                0x0000000008004396       0x20 ./Drivers/STM32WLxx_HAL_Driver/stm32wlxx_hal_rcc_ex.o
 .text.LL_RCC_ReleaseBackupDomainReset
                0x00000000080043b6       0x20 ./Drivers/STM32WLxx_HAL_Driver/stm32wlxx_hal_rcc_ex.o
 *fill*         0x00000000080043d6        0x2 
 .text.HAL_RCCEx_PeriphCLKConfig
                0x00000000080043d8      0x234 ./Drivers/STM32WLxx_HAL_Driver/stm32wlxx_hal_rcc_ex.o
                0x00000000080043d8                HAL_RCCEx_PeriphCLKConfig
 .text.HAL_RTC_Init
                0x000000000800460c       0xf4 ./Drivers/STM32WLxx_HAL_Driver/stm32wlxx_hal_rtc.o
                0x000000000800460c                HAL_RTC_Init
 .text.HAL_RTC_SetAlarm_IT
                0x0000000008004700      0x1fc ./Drivers/STM32WLxx_HAL_Driver/stm32wlxx_hal_rtc.o
                0x0000000008004700                HAL_RTC_SetAlarm_IT
 .text.HAL_RTC_DeactivateAlarm
                0x00000000080048fc       0xac ./Drivers/STM32WLxx_HAL_Driver/stm32wlxx_hal_rtc.o
                0x00000000080048fc                HAL_RTC_DeactivateAlarm
 .text.HAL_RTC_AlarmIRQHandler
                0x00000000080049a8       0x54 ./Drivers/STM32WLxx_HAL_Driver/stm32wlxx_hal_rtc.o
                0x00000000080049a8                HAL_RTC_AlarmIRQHandler
 .text.HAL_RTC_WaitForSynchro
                0x00000000080049fc       0x4c ./Drivers/STM32WLxx_HAL_Driver/stm32wlxx_hal_rtc.o
                0x00000000080049fc                HAL_RTC_WaitForSynchro
 .text.RTC_EnterInitMode
                0x0000000008004a48       0x68 ./Drivers/STM32WLxx_HAL_Driver/stm32wlxx_hal_rtc.o
                0x0000000008004a48                RTC_EnterInitMode
 .text.RTC_ExitInitMode
                0x0000000008004ab0       0x7c ./Drivers/STM32WLxx_HAL_Driver/stm32wlxx_hal_rtc.o
                0x0000000008004ab0                RTC_ExitInitMode
 .text.RTC_ByteToBcd2
                0x0000000008004b2c       0x3e ./Drivers/STM32WLxx_HAL_Driver/stm32wlxx_hal_rtc.o
                0x0000000008004b2c                RTC_ByteToBcd2
 *fill*         0x0000000008004b6a        0x2 
 .text.HAL_RTCEx_EnableBypassShadow
                0x0000000008004b6c       0x64 ./Drivers/STM32WLxx_HAL_Driver/stm32wlxx_hal_rtc_ex.o
                0x0000000008004b6c                HAL_RTCEx_EnableBypassShadow
 .text.HAL_RTCEx_SetSSRU_IT
                0x0000000008004bd0       0x78 ./Drivers/STM32WLxx_HAL_Driver/stm32wlxx_hal_rtc_ex.o
                0x0000000008004bd0                HAL_RTCEx_SetSSRU_IT
 .text.HAL_RTCEx_SSRUIRQHandler
                0x0000000008004c48       0x34 ./Drivers/STM32WLxx_HAL_Driver/stm32wlxx_hal_rtc_ex.o
                0x0000000008004c48                HAL_RTCEx_SSRUIRQHandler
 .text.HAL_RTCEx_AlarmBEventCallback
                0x0000000008004c7c       0x12 ./Drivers/STM32WLxx_HAL_Driver/stm32wlxx_hal_rtc_ex.o
                0x0000000008004c7c                HAL_RTCEx_AlarmBEventCallback
 *fill*         0x0000000008004c8e        0x2 
 .text.HAL_RTCEx_BKUPWrite
                0x0000000008004c90       0x30 ./Drivers/STM32WLxx_HAL_Driver/stm32wlxx_hal_rtc_ex.o
                0x0000000008004c90                HAL_RTCEx_BKUPWrite
 .text.HAL_RTCEx_BKUPRead
                0x0000000008004cc0       0x2c ./Drivers/STM32WLxx_HAL_Driver/stm32wlxx_hal_rtc_ex.o
                0x0000000008004cc0                HAL_RTCEx_BKUPRead
 .text.LL_PWR_SetRadioBusyTrigger
                0x0000000008004cec       0x28 ./Drivers/STM32WLxx_HAL_Driver/stm32wlxx_hal_subghz.o
 .text.LL_PWR_UnselectSUBGHZSPI_NSS
                0x0000000008004d14       0x20 ./Drivers/STM32WLxx_HAL_Driver/stm32wlxx_hal_subghz.o
 .text.LL_PWR_SelectSUBGHZSPI_NSS
                0x0000000008004d34       0x20 ./Drivers/STM32WLxx_HAL_Driver/stm32wlxx_hal_subghz.o
 .text.LL_PWR_ClearFlag_RFBUSY
                0x0000000008004d54       0x18 ./Drivers/STM32WLxx_HAL_Driver/stm32wlxx_hal_subghz.o
 .text.LL_PWR_IsActiveFlag_RFBUSYS
                0x0000000008004d6c       0x24 ./Drivers/STM32WLxx_HAL_Driver/stm32wlxx_hal_subghz.o
 .text.LL_PWR_IsActiveFlag_RFBUSYMS
                0x0000000008004d90       0x24 ./Drivers/STM32WLxx_HAL_Driver/stm32wlxx_hal_subghz.o
 .text.LL_RCC_RF_DisableReset
                0x0000000008004db4       0x20 ./Drivers/STM32WLxx_HAL_Driver/stm32wlxx_hal_subghz.o
 .text.LL_RCC_IsRFUnderReset
                0x0000000008004dd4       0x24 ./Drivers/STM32WLxx_HAL_Driver/stm32wlxx_hal_subghz.o
 .text.LL_EXTI_EnableIT_32_63
                0x0000000008004df8       0x28 ./Drivers/STM32WLxx_HAL_Driver/stm32wlxx_hal_subghz.o
 .text.HAL_SUBGHZ_Init
                0x0000000008004e20       0xbc ./Drivers/STM32WLxx_HAL_Driver/stm32wlxx_hal_subghz.o
                0x0000000008004e20                HAL_SUBGHZ_Init
 .text.HAL_SUBGHZ_WriteRegisters
                0x0000000008004edc       0xbe ./Drivers/STM32WLxx_HAL_Driver/stm32wlxx_hal_subghz.o
                0x0000000008004edc                HAL_SUBGHZ_WriteRegisters
 .text.HAL_SUBGHZ_ReadRegisters
                0x0000000008004f9a       0xc2 ./Drivers/STM32WLxx_HAL_Driver/stm32wlxx_hal_subghz.o
                0x0000000008004f9a                HAL_SUBGHZ_ReadRegisters
 .text.HAL_SUBGHZ_ExecSetCmd
                0x000000000800505c       0xbe ./Drivers/STM32WLxx_HAL_Driver/stm32wlxx_hal_subghz.o
                0x000000000800505c                HAL_SUBGHZ_ExecSetCmd
 .text.HAL_SUBGHZ_ExecGetCmd
                0x000000000800511a       0xa8 ./Drivers/STM32WLxx_HAL_Driver/stm32wlxx_hal_subghz.o
                0x000000000800511a                HAL_SUBGHZ_ExecGetCmd
 .text.HAL_SUBGHZ_WriteBuffer
                0x00000000080051c2       0xa6 ./Drivers/STM32WLxx_HAL_Driver/stm32wlxx_hal_subghz.o
                0x00000000080051c2                HAL_SUBGHZ_WriteBuffer
 .text.HAL_SUBGHZ_ReadBuffer
                0x0000000008005268       0xb0 ./Drivers/STM32WLxx_HAL_Driver/stm32wlxx_hal_subghz.o
                0x0000000008005268                HAL_SUBGHZ_ReadBuffer
 .text.HAL_SUBGHZ_IRQHandler
                0x0000000008005318       0xfc ./Drivers/STM32WLxx_HAL_Driver/stm32wlxx_hal_subghz.o
                0x0000000008005318                HAL_SUBGHZ_IRQHandler
 .text.SUBGHZSPI_Init
                0x0000000008005414       0x40 ./Drivers/STM32WLxx_HAL_Driver/stm32wlxx_hal_subghz.o
                0x0000000008005414                SUBGHZSPI_Init
 .text.SUBGHZSPI_Transmit
                0x0000000008005454       0xac ./Drivers/STM32WLxx_HAL_Driver/stm32wlxx_hal_subghz.o
                0x0000000008005454                SUBGHZSPI_Transmit
 .text.SUBGHZSPI_Receive
                0x0000000008005500       0xb0 ./Drivers/STM32WLxx_HAL_Driver/stm32wlxx_hal_subghz.o
                0x0000000008005500                SUBGHZSPI_Receive
 .text.SUBGHZ_CheckDeviceReady
                0x00000000080055b0       0x2e ./Drivers/STM32WLxx_HAL_Driver/stm32wlxx_hal_subghz.o
                0x00000000080055b0                SUBGHZ_CheckDeviceReady
 *fill*         0x00000000080055de        0x2 
 .text.SUBGHZ_WaitOnBusy
                0x00000000080055e0       0x5c ./Drivers/STM32WLxx_HAL_Driver/stm32wlxx_hal_subghz.o
                0x00000000080055e0                SUBGHZ_WaitOnBusy
 .text.LL_RCC_GetUSARTClockSource
                0x000000000800563c       0x24 ./Drivers/STM32WLxx_HAL_Driver/stm32wlxx_hal_uart.o
 .text.LL_RCC_GetLPUARTClockSource
                0x0000000008005660       0x1e ./Drivers/STM32WLxx_HAL_Driver/stm32wlxx_hal_uart.o
 .text.HAL_UART_Init
                0x000000000800567e       0xa0 ./Drivers/STM32WLxx_HAL_Driver/stm32wlxx_hal_uart.o
                0x000000000800567e                HAL_UART_Init
 .text.HAL_UART_Receive_IT
                0x000000000800571e       0x5e ./Drivers/STM32WLxx_HAL_Driver/stm32wlxx_hal_uart.o
                0x000000000800571e                HAL_UART_Receive_IT
 .text.HAL_UART_Transmit_DMA
                0x000000000800577c      0x100 ./Drivers/STM32WLxx_HAL_Driver/stm32wlxx_hal_uart.o
                0x000000000800577c                HAL_UART_Transmit_DMA
 .text.HAL_UART_IRQHandler
                0x000000000800587c      0x468 ./Drivers/STM32WLxx_HAL_Driver/stm32wlxx_hal_uart.o
                0x000000000800587c                HAL_UART_IRQHandler
 .text.HAL_UART_TxHalfCpltCallback
                0x0000000008005ce4       0x12 ./Drivers/STM32WLxx_HAL_Driver/stm32wlxx_hal_uart.o
                0x0000000008005ce4                HAL_UART_TxHalfCpltCallback
 .text.HAL_UART_ErrorCallback
                0x0000000008005cf6       0x12 ./Drivers/STM32WLxx_HAL_Driver/stm32wlxx_hal_uart.o
                0x0000000008005cf6                HAL_UART_ErrorCallback
 .text.HAL_UARTEx_RxEventCallback
                0x0000000008005d08       0x16 ./Drivers/STM32WLxx_HAL_Driver/stm32wlxx_hal_uart.o
                0x0000000008005d08                HAL_UARTEx_RxEventCallback
 *fill*         0x0000000008005d1e        0x2 
 .text.UART_SetConfig
                0x0000000008005d20      0x4a0 ./Drivers/STM32WLxx_HAL_Driver/stm32wlxx_hal_uart.o
                0x0000000008005d20                UART_SetConfig
 .text.UART_AdvFeatureConfig
                0x00000000080061c0      0x142 ./Drivers/STM32WLxx_HAL_Driver/stm32wlxx_hal_uart.o
                0x00000000080061c0                UART_AdvFeatureConfig
 .text.UART_CheckIdleState
                0x0000000008006302       0x96 ./Drivers/STM32WLxx_HAL_Driver/stm32wlxx_hal_uart.o
                0x0000000008006302                UART_CheckIdleState
 .text.UART_WaitOnFlagUntilTimeout
                0x0000000008006398      0x100 ./Drivers/STM32WLxx_HAL_Driver/stm32wlxx_hal_uart.o
                0x0000000008006398                UART_WaitOnFlagUntilTimeout
 .text.UART_Start_Receive_IT
                0x0000000008006498      0x178 ./Drivers/STM32WLxx_HAL_Driver/stm32wlxx_hal_uart.o
                0x0000000008006498                UART_Start_Receive_IT
 .text.UART_EndTxTransfer
                0x0000000008006610       0x3a ./Drivers/STM32WLxx_HAL_Driver/stm32wlxx_hal_uart.o
 .text.UART_EndRxTransfer
                0x000000000800664a       0x62 ./Drivers/STM32WLxx_HAL_Driver/stm32wlxx_hal_uart.o
 .text.UART_DMATransmitCplt
                0x00000000080066ac       0x54 ./Drivers/STM32WLxx_HAL_Driver/stm32wlxx_hal_uart.o
 .text.UART_DMATxHalfCplt
                0x0000000008006700       0x1c ./Drivers/STM32WLxx_HAL_Driver/stm32wlxx_hal_uart.o
 .text.UART_DMAError
                0x000000000800671c       0x80 ./Drivers/STM32WLxx_HAL_Driver/stm32wlxx_hal_uart.o
 .text.UART_DMAAbortOnError
                0x000000000800679c       0x2c ./Drivers/STM32WLxx_HAL_Driver/stm32wlxx_hal_uart.o
 .text.UART_EndTransmit_IT
                0x00000000080067c8       0x34 ./Drivers/STM32WLxx_HAL_Driver/stm32wlxx_hal_uart.o
 .text.UART_RxISR_8BIT
                0x00000000080067fc       0xd8 ./Drivers/STM32WLxx_HAL_Driver/stm32wlxx_hal_uart.o
 .text.UART_RxISR_16BIT
                0x00000000080068d4       0xd8 ./Drivers/STM32WLxx_HAL_Driver/stm32wlxx_hal_uart.o
 .text.UART_RxISR_8BIT_FIFOEN
                0x00000000080069ac      0x204 ./Drivers/STM32WLxx_HAL_Driver/stm32wlxx_hal_uart.o
 .text.UART_RxISR_16BIT_FIFOEN
                0x0000000008006bb0      0x204 ./Drivers/STM32WLxx_HAL_Driver/stm32wlxx_hal_uart.o
 .text.HAL_UARTEx_WakeupCallback
                0x0000000008006db4       0x12 ./Drivers/STM32WLxx_HAL_Driver/stm32wlxx_hal_uart_ex.o
                0x0000000008006db4                HAL_UARTEx_WakeupCallback
 .text.HAL_UARTEx_RxFifoFullCallback
                0x0000000008006dc6       0x12 ./Drivers/STM32WLxx_HAL_Driver/stm32wlxx_hal_uart_ex.o
                0x0000000008006dc6                HAL_UARTEx_RxFifoFullCallback
 .text.HAL_UARTEx_TxFifoEmptyCallback
                0x0000000008006dd8       0x12 ./Drivers/STM32WLxx_HAL_Driver/stm32wlxx_hal_uart_ex.o
                0x0000000008006dd8                HAL_UARTEx_TxFifoEmptyCallback
 .text.HAL_UARTEx_StopModeWakeUpSourceConfig
                0x0000000008006dea       0xb6 ./Drivers/STM32WLxx_HAL_Driver/stm32wlxx_hal_uart_ex.o
                0x0000000008006dea                HAL_UARTEx_StopModeWakeUpSourceConfig
 .text.HAL_UARTEx_EnableStopMode
                0x0000000008006ea0       0x42 ./Drivers/STM32WLxx_HAL_Driver/stm32wlxx_hal_uart_ex.o
                0x0000000008006ea0                HAL_UARTEx_EnableStopMode
 .text.HAL_UARTEx_EnableFifoMode
                0x0000000008006ee2       0x76 ./Drivers/STM32WLxx_HAL_Driver/stm32wlxx_hal_uart_ex.o
                0x0000000008006ee2                HAL_UARTEx_EnableFifoMode
 .text.HAL_UARTEx_SetTxFifoThreshold
                0x0000000008006f58       0x7c ./Drivers/STM32WLxx_HAL_Driver/stm32wlxx_hal_uart_ex.o
                0x0000000008006f58                HAL_UARTEx_SetTxFifoThreshold
 .text.HAL_UARTEx_SetRxFifoThreshold
                0x0000000008006fd4       0x7c ./Drivers/STM32WLxx_HAL_Driver/stm32wlxx_hal_uart_ex.o
                0x0000000008006fd4                HAL_UARTEx_SetRxFifoThreshold
 .text.UARTEx_Wakeup_AddressConfig
                0x0000000008007050       0x44 ./Drivers/STM32WLxx_HAL_Driver/stm32wlxx_hal_uart_ex.o
 .text.UARTEx_SetNbDataToProcess
                0x0000000008007094       0xcc ./Drivers/STM32WLxx_HAL_Driver/stm32wlxx_hal_uart_ex.o
 .text.LL_GPIO_SetOutputPin
                0x0000000008007160       0x1a ./Middlewares/SubGHz_Phy/radio.o
 .text.LL_GPIO_ResetOutputPin
                0x000000000800717a       0x1a ./Middlewares/SubGHz_Phy/radio.o
 .text.RadioSetRxGenericConfig
                0x0000000008007194      0x30c ./Middlewares/SubGHz_Phy/radio.o
 .text.RadioSetTxGenericConfig
                0x00000000080074a0      0x2cc ./Middlewares/SubGHz_Phy/radio.o
 .text.RadioGetFskBandwidthRegValue
                0x000000000800776c       0x50 ./Middlewares/SubGHz_Phy/radio.o
 .text.RadioInit
                0x00000000080077bc       0xac ./Middlewares/SubGHz_Phy/radio.o
 .text.RadioGetStatus
                0x0000000008007868       0x2e ./Middlewares/SubGHz_Phy/radio.o
 *fill*         0x0000000008007896        0x2 
 .text.RadioSetModem
                0x0000000008007898       0x74 ./Middlewares/SubGHz_Phy/radio.o
 .text.RadioSetChannel
                0x000000000800790c       0x16 ./Middlewares/SubGHz_Phy/radio.o
 .text.RadioIsChannelFree
                0x0000000008007922       0xb4 ./Middlewares/SubGHz_Phy/radio.o
 .text.RadioRandom
                0x00000000080079d6       0x2c ./Middlewares/SubGHz_Phy/radio.o
 *fill*         0x0000000008007a02        0x2 
 .text.RadioSetRxConfig
                0x0000000008007a04      0x41c ./Middlewares/SubGHz_Phy/radio.o
 .text.RadioSetTxConfig
                0x0000000008007e20      0x26c ./Middlewares/SubGHz_Phy/radio.o
 .text.RadioCheckRfFrequency
                0x000000000800808c       0x14 ./Middlewares/SubGHz_Phy/radio.o
 .text.RadioGetLoRaBandwidthInHz
                0x00000000080080a0       0xac ./Middlewares/SubGHz_Phy/radio.o
 .text.RadioGetGfskTimeOnAirNumerator
                0x000000000800814c       0x54 ./Middlewares/SubGHz_Phy/radio.o
 .text.RadioGetLoRaTimeOnAirNumerator
                0x00000000080081a0      0x102 ./Middlewares/SubGHz_Phy/radio.o
 *fill*         0x00000000080082a2        0x2 
 .text.RadioTimeOnAir
                0x00000000080082a4       0xb0 ./Middlewares/SubGHz_Phy/radio.o
 .text.RadioSend
                0x0000000008008354      0x194 ./Middlewares/SubGHz_Phy/radio.o
 .text.RadioSleep
                0x00000000080084e8       0x26 ./Middlewares/SubGHz_Phy/radio.o
 .text.RadioStandby
                0x000000000800850e        0xe ./Middlewares/SubGHz_Phy/radio.o
 .text.RadioRx  0x000000000800851c       0x78 ./Middlewares/SubGHz_Phy/radio.o
 .text.RadioRxBoosted
                0x0000000008008594       0x68 ./Middlewares/SubGHz_Phy/radio.o
 .text.RadioSetRxDutyCycle
                0x00000000080085fc       0x2c ./Middlewares/SubGHz_Phy/radio.o
 .text.RadioStartCad
                0x0000000008008628       0x1c ./Middlewares/SubGHz_Phy/radio.o
 .text.RadioSetTxContinuousWave
                0x0000000008008644       0x58 ./Middlewares/SubGHz_Phy/radio.o
 .text.RadioRssi
                0x000000000800869c       0x1a ./Middlewares/SubGHz_Phy/radio.o
 .text.RadioWrite
                0x00000000080086b6       0x24 ./Middlewares/SubGHz_Phy/radio.o
 .text.RadioRead
                0x00000000080086da       0x1c ./Middlewares/SubGHz_Phy/radio.o
 .text.RadioWriteRegisters
                0x00000000080086f6       0x26 ./Middlewares/SubGHz_Phy/radio.o
 .text.RadioReadRegisters
                0x000000000800871c       0x26 ./Middlewares/SubGHz_Phy/radio.o
 *fill*         0x0000000008008742        0x2 
 .text.RadioSetMaxPayloadLength
                0x0000000008008744       0x5c ./Middlewares/SubGHz_Phy/radio.o
 .text.RadioSetPublicNetwork
                0x00000000080087a0       0x5c ./Middlewares/SubGHz_Phy/radio.o
 .text.RadioGetWakeupTime
                0x00000000080087fc       0x10 ./Middlewares/SubGHz_Phy/radio.o
 .text.RadioOnTxTimeoutIrq
                0x000000000800880c       0x3c ./Middlewares/SubGHz_Phy/radio.o
 .text.RadioOnRxTimeoutIrq
                0x0000000008008848       0x3c ./Middlewares/SubGHz_Phy/radio.o
 .text.RadioOnDioIrq
                0x0000000008008884       0x24 ./Middlewares/SubGHz_Phy/radio.o
 .text.RadioIrqProcess
                0x00000000080088a8      0x33c ./Middlewares/SubGHz_Phy/radio.o
 .text.RadioTxPrbs
                0x0000000008008be4       0x38 ./Middlewares/SubGHz_Phy/radio.o
 .text.RadioTxCw
                0x0000000008008c1c       0x2e ./Middlewares/SubGHz_Phy/radio.o
 .text.payload_integration
                0x0000000008008c4a      0x120 ./Middlewares/SubGHz_Phy/radio.o
 *fill*         0x0000000008008d6a        0x2 
 .text.SUBGRF_Init
                0x0000000008008d6c       0x8c ./Middlewares/SubGHz_Phy/radio_driver.o
                0x0000000008008d6c                SUBGRF_Init
 .text.SUBGRF_GetOperatingMode
                0x0000000008008df8       0x14 ./Middlewares/SubGHz_Phy/radio_driver.o
                0x0000000008008df8                SUBGRF_GetOperatingMode
 .text.SUBGRF_SetPayload
                0x0000000008008e0c       0x20 ./Middlewares/SubGHz_Phy/radio_driver.o
                0x0000000008008e0c                SUBGRF_SetPayload
 .text.SUBGRF_GetPayload
                0x0000000008008e2c       0x44 ./Middlewares/SubGHz_Phy/radio_driver.o
                0x0000000008008e2c                SUBGRF_GetPayload
 .text.SUBGRF_SendPayload
                0x0000000008008e70       0x26 ./Middlewares/SubGHz_Phy/radio_driver.o
                0x0000000008008e70                SUBGRF_SendPayload
 .text.SUBGRF_SetSyncWord
                0x0000000008008e96       0x1e ./Middlewares/SubGHz_Phy/radio_driver.o
                0x0000000008008e96                SUBGRF_SetSyncWord
 .text.SUBGRF_SetCrcSeed
                0x0000000008008eb4       0x40 ./Middlewares/SubGHz_Phy/radio_driver.o
                0x0000000008008eb4                SUBGRF_SetCrcSeed
 .text.SUBGRF_SetCrcPolynomial
                0x0000000008008ef4       0x40 ./Middlewares/SubGHz_Phy/radio_driver.o
                0x0000000008008ef4                SUBGRF_SetCrcPolynomial
 .text.SUBGRF_SetWhiteningSeed
                0x0000000008008f34       0x66 ./Middlewares/SubGHz_Phy/radio_driver.o
                0x0000000008008f34                SUBGRF_SetWhiteningSeed
 .text.SUBGRF_GetRandom
                0x0000000008008f9a       0x8c ./Middlewares/SubGHz_Phy/radio_driver.o
                0x0000000008008f9a                SUBGRF_GetRandom
 *fill*         0x0000000008009026        0x2 
 .text.SUBGRF_SetSleep
                0x0000000008009028       0x68 ./Middlewares/SubGHz_Phy/radio_driver.o
                0x0000000008009028                SUBGRF_SetSleep
 .text.SUBGRF_SetStandby
                0x0000000008009090       0x3c ./Middlewares/SubGHz_Phy/radio_driver.o
                0x0000000008009090                SUBGRF_SetStandby
 .text.SUBGRF_SetTx
                0x00000000080090cc       0x44 ./Middlewares/SubGHz_Phy/radio_driver.o
                0x00000000080090cc                SUBGRF_SetTx
 .text.SUBGRF_SetRx
                0x0000000008009110       0x44 ./Middlewares/SubGHz_Phy/radio_driver.o
                0x0000000008009110                SUBGRF_SetRx
 .text.SUBGRF_SetRxBoosted
                0x0000000008009154       0x4c ./Middlewares/SubGHz_Phy/radio_driver.o
                0x0000000008009154                SUBGRF_SetRxBoosted
 .text.SUBGRF_SetRxDutyCycle
                0x00000000080091a0       0x5c ./Middlewares/SubGHz_Phy/radio_driver.o
                0x00000000080091a0                SUBGRF_SetRxDutyCycle
 .text.SUBGRF_SetCad
                0x00000000080091fc       0x24 ./Middlewares/SubGHz_Phy/radio_driver.o
                0x00000000080091fc                SUBGRF_SetCad
 .text.SUBGRF_SetTxContinuousWave
                0x0000000008009220       0x18 ./Middlewares/SubGHz_Phy/radio_driver.o
                0x0000000008009220                SUBGRF_SetTxContinuousWave
 .text.SUBGRF_SetTxInfinitePreamble
                0x0000000008009238       0x18 ./Middlewares/SubGHz_Phy/radio_driver.o
                0x0000000008009238                SUBGRF_SetTxInfinitePreamble
 .text.SUBGRF_SetStopRxTimerOnPreambleDetect
                0x0000000008009250       0x24 ./Middlewares/SubGHz_Phy/radio_driver.o
                0x0000000008009250                SUBGRF_SetStopRxTimerOnPreambleDetect
 .text.SUBGRF_SetLoRaSymbNumTimeout
                0x0000000008009274       0x64 ./Middlewares/SubGHz_Phy/radio_driver.o
                0x0000000008009274                SUBGRF_SetLoRaSymbNumTimeout
 .text.SUBGRF_SetRegulatorMode
                0x00000000080092d8       0x34 ./Middlewares/SubGHz_Phy/radio_driver.o
                0x00000000080092d8                SUBGRF_SetRegulatorMode
 .text.SUBGRF_Calibrate
                0x000000000800930c       0x90 ./Middlewares/SubGHz_Phy/radio_driver.o
                0x000000000800930c                SUBGRF_Calibrate
 .text.SUBGRF_CalibrateImage
                0x000000000800939c       0x90 ./Middlewares/SubGHz_Phy/radio_driver.o
                0x000000000800939c                SUBGRF_CalibrateImage
 .text.SUBGRF_SetPaConfig
                0x000000000800942c       0x48 ./Middlewares/SubGHz_Phy/radio_driver.o
                0x000000000800942c                SUBGRF_SetPaConfig
 .text.SUBGRF_SetDioIrqParams
                0x0000000008009474       0x78 ./Middlewares/SubGHz_Phy/radio_driver.o
                0x0000000008009474                SUBGRF_SetDioIrqParams
 .text.SUBGRF_SetTcxoMode
                0x00000000080094ec       0x48 ./Middlewares/SubGHz_Phy/radio_driver.o
                0x00000000080094ec                SUBGRF_SetTcxoMode
 .text.SUBGRF_SetRfFrequency
                0x0000000008009534       0x88 ./Middlewares/SubGHz_Phy/radio_driver.o
                0x0000000008009534                SUBGRF_SetRfFrequency
 .text.SUBGRF_SetPacketType
                0x00000000080095bc       0x3c ./Middlewares/SubGHz_Phy/radio_driver.o
                0x00000000080095bc                SUBGRF_SetPacketType
 .text.SUBGRF_GetPacketType
                0x00000000080095f8       0x14 ./Middlewares/SubGHz_Phy/radio_driver.o
                0x00000000080095f8                SUBGRF_GetPacketType
 .text.SUBGRF_SetTxParams
                0x000000000800960c       0xd0 ./Middlewares/SubGHz_Phy/radio_driver.o
                0x000000000800960c                SUBGRF_SetTxParams
 .text.SUBGRF_SetModulationParams
                0x00000000080096dc      0x19c ./Middlewares/SubGHz_Phy/radio_driver.o
                0x00000000080096dc                SUBGRF_SetModulationParams
 .text.SUBGRF_SetPacketParams
                0x0000000008009878      0x140 ./Middlewares/SubGHz_Phy/radio_driver.o
                0x0000000008009878                SUBGRF_SetPacketParams
 .text.SUBGRF_SetBufferBaseAddress
                0x00000000080099b8       0x34 ./Middlewares/SubGHz_Phy/radio_driver.o
                0x00000000080099b8                SUBGRF_SetBufferBaseAddress
 .text.SUBGRF_GetRssiInst
                0x00000000080099ec       0x30 ./Middlewares/SubGHz_Phy/radio_driver.o
                0x00000000080099ec                SUBGRF_GetRssiInst
 .text.SUBGRF_GetRxBufferStatus
                0x0000000008009a1c       0x5c ./Middlewares/SubGHz_Phy/radio_driver.o
                0x0000000008009a1c                SUBGRF_GetRxBufferStatus
 .text.SUBGRF_GetPacketStatus
                0x0000000008009a78       0xa8 ./Middlewares/SubGHz_Phy/radio_driver.o
                0x0000000008009a78                SUBGRF_GetPacketStatus
 .text.SUBGRF_WriteRegister
                0x0000000008009b20       0x28 ./Middlewares/SubGHz_Phy/radio_driver.o
                0x0000000008009b20                SUBGRF_WriteRegister
 .text.SUBGRF_ReadRegister
                0x0000000008009b48       0x28 ./Middlewares/SubGHz_Phy/radio_driver.o
                0x0000000008009b48                SUBGRF_ReadRegister
 .text.SUBGRF_WriteRegisters
                0x0000000008009b70       0x28 ./Middlewares/SubGHz_Phy/radio_driver.o
                0x0000000008009b70                SUBGRF_WriteRegisters
 .text.SUBGRF_ReadRegisters
                0x0000000008009b98       0x28 ./Middlewares/SubGHz_Phy/radio_driver.o
                0x0000000008009b98                SUBGRF_ReadRegisters
 .text.SUBGRF_WriteBuffer
                0x0000000008009bc0       0x2c ./Middlewares/SubGHz_Phy/radio_driver.o
                0x0000000008009bc0                SUBGRF_WriteBuffer
 .text.SUBGRF_ReadBuffer
                0x0000000008009bec       0x2c ./Middlewares/SubGHz_Phy/radio_driver.o
                0x0000000008009bec                SUBGRF_ReadBuffer
 .text.SUBGRF_SetSwitch
                0x0000000008009c18       0x50 ./Middlewares/SubGHz_Phy/radio_driver.o
                0x0000000008009c18                SUBGRF_SetSwitch
 .text.SUBGRF_SetRfTxPower
                0x0000000008009c68       0x68 ./Middlewares/SubGHz_Phy/radio_driver.o
                0x0000000008009c68                SUBGRF_SetRfTxPower
 .text.SUBGRF_GetRadioWakeUpTime
                0x0000000008009cd0        0xe ./Middlewares/SubGHz_Phy/radio_driver.o
                0x0000000008009cd0                SUBGRF_GetRadioWakeUpTime
 *fill*         0x0000000008009cde        0x2 
 .text.HAL_SUBGHZ_TxCpltCallback
                0x0000000008009ce0       0x1c ./Middlewares/SubGHz_Phy/radio_driver.o
                0x0000000008009ce0                HAL_SUBGHZ_TxCpltCallback
 .text.HAL_SUBGHZ_RxCpltCallback
                0x0000000008009cfc       0x1c ./Middlewares/SubGHz_Phy/radio_driver.o
                0x0000000008009cfc                HAL_SUBGHZ_RxCpltCallback
 .text.HAL_SUBGHZ_CRCErrorCallback
                0x0000000008009d18       0x1c ./Middlewares/SubGHz_Phy/radio_driver.o
                0x0000000008009d18                HAL_SUBGHZ_CRCErrorCallback
 .text.HAL_SUBGHZ_CADStatusCallback
                0x0000000008009d34       0x3c ./Middlewares/SubGHz_Phy/radio_driver.o
                0x0000000008009d34                HAL_SUBGHZ_CADStatusCallback
 .text.HAL_SUBGHZ_RxTxTimeoutCallback
                0x0000000008009d70       0x20 ./Middlewares/SubGHz_Phy/radio_driver.o
                0x0000000008009d70                HAL_SUBGHZ_RxTxTimeoutCallback
 .text.HAL_SUBGHZ_HeaderErrorCallback
                0x0000000008009d90       0x1c ./Middlewares/SubGHz_Phy/radio_driver.o
                0x0000000008009d90                HAL_SUBGHZ_HeaderErrorCallback
 .text.HAL_SUBGHZ_PreambleDetectedCallback
                0x0000000008009dac       0x1c ./Middlewares/SubGHz_Phy/radio_driver.o
                0x0000000008009dac                HAL_SUBGHZ_PreambleDetectedCallback
 .text.HAL_SUBGHZ_SyncWordValidCallback
                0x0000000008009dc8       0x1c ./Middlewares/SubGHz_Phy/radio_driver.o
                0x0000000008009dc8                HAL_SUBGHZ_SyncWordValidCallback
 .text.HAL_SUBGHZ_HeaderValidCallback
                0x0000000008009de4       0x1c ./Middlewares/SubGHz_Phy/radio_driver.o
                0x0000000008009de4                HAL_SUBGHZ_HeaderValidCallback
 .text.Radio_SMPS_Set
                0x0000000008009e00       0x42 ./Middlewares/SubGHz_Phy/radio_driver.o
 *fill*         0x0000000008009e42        0x2 
 .text.UTIL_ADV_TRACE_Init
                0x0000000008009e44       0x38 ./Utilities/stm32_adv_trace.o
                0x0000000008009e44                UTIL_ADV_TRACE_Init
 .text.UTIL_ADV_TRACE_COND_FSend
                0x0000000008009e7c      0x104 ./Utilities/stm32_adv_trace.o
                0x0000000008009e7c                UTIL_ADV_TRACE_COND_FSend
 .text.UTIL_ADV_TRACE_RegisterTimeStampFunction
                0x0000000008009f80       0x1c ./Utilities/stm32_adv_trace.o
                0x0000000008009f80                UTIL_ADV_TRACE_RegisterTimeStampFunction
 .text.UTIL_ADV_TRACE_SetVerboseLevel
                0x0000000008009f9c       0x20 ./Utilities/stm32_adv_trace.o
                0x0000000008009f9c                UTIL_ADV_TRACE_SetVerboseLevel
 .text.TRACE_Send
                0x0000000008009fbc      0x108 ./Utilities/stm32_adv_trace.o
 .text.TRACE_TxCpltCallback
                0x000000000800a0c4      0x110 ./Utilities/stm32_adv_trace.o
 .text.TRACE_AllocateBufer
                0x000000000800a1d4       0xfc ./Utilities/stm32_adv_trace.o
 .text.TRACE_Lock
                0x000000000800a2d0       0x3c ./Utilities/stm32_adv_trace.o
 .text.TRACE_UnLock
                0x000000000800a30c       0x3c ./Utilities/stm32_adv_trace.o
 .text.TRACE_IsLocked
                0x000000000800a348       0x20 ./Utilities/stm32_adv_trace.o
 .text.UTIL_LPM_Init
                0x000000000800a368       0x20 ./Utilities/stm32_lpm.o
                0x000000000800a368                UTIL_LPM_Init
 .text.UTIL_LPM_SetStopMode
                0x000000000800a388       0x60 ./Utilities/stm32_lpm.o
                0x000000000800a388                UTIL_LPM_SetStopMode
 .text.UTIL_LPM_SetOffMode
                0x000000000800a3e8       0x60 ./Utilities/stm32_lpm.o
                0x000000000800a3e8                UTIL_LPM_SetOffMode
 .text.UTIL_LPM_EnterLowPower
                0x000000000800a448       0x6c ./Utilities/stm32_lpm.o
                0x000000000800a448                UTIL_LPM_EnterLowPower
 .text.UTIL_MEM_set_8
                0x000000000800a4b4       0x36 ./Utilities/stm32_mem.o
                0x000000000800a4b4                UTIL_MEM_set_8
 *fill*         0x000000000800a4ea        0x2 
 .text.UTIL_SEQ_Run
                0x000000000800a4ec      0x1c8 ./Utilities/stm32_seq.o
                0x000000000800a4ec                UTIL_SEQ_Run
 .text.UTIL_SEQ_RegTask
                0x000000000800a6b4       0x44 ./Utilities/stm32_seq.o
                0x000000000800a6b4                UTIL_SEQ_RegTask
 .text.UTIL_SEQ_SetTask
                0x000000000800a6f8       0x58 ./Utilities/stm32_seq.o
                0x000000000800a6f8                UTIL_SEQ_SetTask
 .text.UTIL_SEQ_PreIdle
                0x000000000800a750        0xc ./Utilities/stm32_seq.o
                0x000000000800a750                UTIL_SEQ_PreIdle
 .text.UTIL_SEQ_PostIdle
                0x000000000800a75c        0xc ./Utilities/stm32_seq.o
                0x000000000800a75c                UTIL_SEQ_PostIdle
 .text.SEQ_BitPosition
                0x000000000800a768       0x70 ./Utilities/stm32_seq.o
                0x000000000800a768                SEQ_BitPosition
 .text.SysTimeAdd
                0x000000000800a7d8       0x72 ./Utilities/stm32_systime.o
                0x000000000800a7d8                SysTimeAdd
 *fill*         0x000000000800a84a        0x2 
 .text.SysTimeGet
                0x000000000800a84c       0x70 ./Utilities/stm32_systime.o
                0x000000000800a84c                SysTimeGet
 .text.UTIL_TIMER_Init
                0x000000000800a8bc       0x20 ./Utilities/stm32_timer.o
                0x000000000800a8bc                UTIL_TIMER_Init
 .text.UTIL_TIMER_Create
                0x000000000800a8dc       0x6c ./Utilities/stm32_timer.o
                0x000000000800a8dc                UTIL_TIMER_Create
 .text.UTIL_TIMER_Start
                0x000000000800a948       0xdc ./Utilities/stm32_timer.o
                0x000000000800a948                UTIL_TIMER_Start
 .text.UTIL_TIMER_Stop
                0x000000000800aa24       0xe0 ./Utilities/stm32_timer.o
                0x000000000800aa24                UTIL_TIMER_Stop
 .text.UTIL_TIMER_SetPeriod
                0x000000000800ab04       0x54 ./Utilities/stm32_timer.o
                0x000000000800ab04                UTIL_TIMER_SetPeriod
 .text.UTIL_TIMER_IRQ_Handler
                0x000000000800ab58      0x100 ./Utilities/stm32_timer.o
                0x000000000800ab58                UTIL_TIMER_IRQ_Handler
 .text.UTIL_TIMER_GetCurrentTime
                0x000000000800ac58       0x24 ./Utilities/stm32_timer.o
                0x000000000800ac58                UTIL_TIMER_GetCurrentTime
 .text.UTIL_TIMER_GetElapsedTime
                0x000000000800ac7c       0x38 ./Utilities/stm32_timer.o
                0x000000000800ac7c                UTIL_TIMER_GetElapsedTime
 .text.TimerExists
                0x000000000800acb4       0x38 ./Utilities/stm32_timer.o
                0x000000000800acb4                TimerExists
 .text.TimerSetTimeout
                0x000000000800acec       0x54 ./Utilities/stm32_timer.o
                0x000000000800acec                TimerSetTimeout
 .text.TimerInsertTimer
                0x000000000800ad40       0x60 ./Utilities/stm32_timer.o
                0x000000000800ad40                TimerInsertTimer
 .text.TimerInsertNewHeadTimer
                0x000000000800ada0       0x3c ./Utilities/stm32_timer.o
                0x000000000800ada0                TimerInsertNewHeadTimer
 .text.ee_skip_atoi
                0x000000000800addc       0x4c ./Utilities/stm32_tiny_vsnprintf.o
 .text.ee_number
                0x000000000800ae28      0x1e0 ./Utilities/stm32_tiny_vsnprintf.o
 .text.tiny_vsnprintf_like
                0x000000000800b008      0x2ac ./Utilities/stm32_tiny_vsnprintf.o
                0x000000000800b008                tiny_vsnprintf_like
 .text.__libc_init_array
                0x000000000800b2b4       0x48 c:/st/stm32cubeide_1.7.0/stm32cubeide/plugins/com.st.stm32cube.ide.mcu.externaltools.gnu-tools-for-stm32.9-2020-q2-update.win32_2.0.0.202105311346/tools/bin/../lib/gcc/arm-none-eabi/9.3.1/../../../../arm-none-eabi/lib/thumb/v7e-m/nofp\libc_nano.a(lib_a-init.o)
                0x000000000800b2b4                __libc_init_array
 .text.memcpy   0x000000000800b2fc       0x1c c:/st/stm32cubeide_1.7.0/stm32cubeide/plugins/com.st.stm32cube.ide.mcu.externaltools.gnu-tools-for-stm32.9-2020-q2-update.win32_2.0.0.202105311346/tools/bin/../lib/gcc/arm-none-eabi/9.3.1/../../../../arm-none-eabi/lib/thumb/v7e-m/nofp\libc_nano.a(lib_a-memcpy-stub.o)
                0x000000000800b2fc                memcpy
 .text.memset   0x000000000800b318       0x10 c:/st/stm32cubeide_1.7.0/stm32cubeide/plugins/com.st.stm32cube.ide.mcu.externaltools.gnu-tools-for-stm32.9-2020-q2-update.win32_2.0.0.202105311346/tools/bin/../lib/gcc/arm-none-eabi/9.3.1/../../../../arm-none-eabi/lib/thumb/v7e-m/nofp\libc_nano.a(lib_a-memset.o)
                0x000000000800b318                memset
 *(.glue_7)
 .glue_7        0x000000000800b328        0x0 linker stubs
 *(.glue_7t)
 .glue_7t       0x000000000800b328        0x0 linker stubs
 *(.eh_frame)
 .eh_frame      0x000000000800b328        0x0 c:/st/stm32cubeide_1.7.0/stm32cubeide/plugins/com.st.stm32cube.ide.mcu.externaltools.gnu-tools-for-stm32.9-2020-q2-update.win32_2.0.0.202105311346/tools/bin/../lib/gcc/arm-none-eabi/9.3.1/thumb/v7e-m/nofp/crtbegin.o
 *(.init)
 .init          0x000000000800b328        0x4 c:/st/stm32cubeide_1.7.0/stm32cubeide/plugins/com.st.stm32cube.ide.mcu.externaltools.gnu-tools-for-stm32.9-2020-q2-update.win32_2.0.0.202105311346/tools/bin/../lib/gcc/arm-none-eabi/9.3.1/thumb/v7e-m/nofp/crti.o
                0x000000000800b328                _init
 .init          0x000000000800b32c        0x8 c:/st/stm32cubeide_1.7.0/stm32cubeide/plugins/com.st.stm32cube.ide.mcu.externaltools.gnu-tools-for-stm32.9-2020-q2-update.win32_2.0.0.202105311346/tools/bin/../lib/gcc/arm-none-eabi/9.3.1/thumb/v7e-m/nofp/crtn.o
 *(.fini)
 .fini          0x000000000800b334        0x4 c:/st/stm32cubeide_1.7.0/stm32cubeide/plugins/com.st.stm32cube.ide.mcu.externaltools.gnu-tools-for-stm32.9-2020-q2-update.win32_2.0.0.202105311346/tools/bin/../lib/gcc/arm-none-eabi/9.3.1/thumb/v7e-m/nofp/crti.o
                0x000000000800b334                _fini
 .fini          0x000000000800b338        0x8 c:/st/stm32cubeide_1.7.0/stm32cubeide/plugins/com.st.stm32cube.ide.mcu.externaltools.gnu-tools-for-stm32.9-2020-q2-update.win32_2.0.0.202105311346/tools/bin/../lib/gcc/arm-none-eabi/9.3.1/thumb/v7e-m/nofp/crtn.o
                0x000000000800b340                . = ALIGN (0x8)
                0x000000000800b340                _etext = .

.vfp11_veneer   0x000000000800b340        0x0
 .vfp11_veneer  0x000000000800b340        0x0 linker stubs

.v4_bx          0x000000000800b340        0x0
 .v4_bx         0x000000000800b340        0x0 linker stubs

.iplt           0x000000000800b340        0x0
 .iplt          0x000000000800b340        0x0 c:/st/stm32cubeide_1.7.0/stm32cubeide/plugins/com.st.stm32cube.ide.mcu.externaltools.gnu-tools-for-stm32.9-2020-q2-update.win32_2.0.0.202105311346/tools/bin/../lib/gcc/arm-none-eabi/9.3.1/thumb/v7e-m/nofp/crtbegin.o

.rodata         0x000000000800b340      0x330
                0x000000000800b340                . = ALIGN (0x8)
 *(.rodata)
 .rodata        0x000000000800b340       0x11 ./Application/Core/main.o
 *fill*         0x000000000800b351        0x3 
 .rodata        0x000000000800b354        0x9 ./Application/Core/sys_app.o
 *fill*         0x000000000800b35d        0x3 
 .rodata        0x000000000800b360       0x1c ./Drivers/STM32WLxx_HAL_Driver/stm32wlxx_hal_rcc.o
 .rodata        0x000000000800b37c       0x10 ./Drivers/STM32WLxx_HAL_Driver/stm32wlxx_hal_uart_ex.o
 .rodata        0x000000000800b38c       0x10 ./Middlewares/SubGHz_Phy/radio.o
 .rodata        0x000000000800b39c       0x11 ./Middlewares/SubGHz_Phy/radio_driver.o
 *fill*         0x000000000800b3ad        0x3 
 .rodata        0x000000000800b3b0       0x57 ./Utilities/stm32_tiny_vsnprintf.o
 *(.rodata*)
 *fill*         0x000000000800b407        0x1 
 .rodata.SYS_LED_PIN
                0x000000000800b408        0x6 ./Application/Core/board_resources.o
 *fill*         0x000000000800b40e        0x2 
 .rodata.UTIL_PowerDriver
                0x000000000800b410       0x18 ./Application/Core/stm32_lpm_if.o
                0x000000000800b410                UTIL_PowerDriver
 .rodata.UTIL_TimerDriver
                0x000000000800b428       0x2c ./Application/Core/timer_if.o
                0x000000000800b428                UTIL_TimerDriver
 .rodata.UTIL_SYSTIMDriver
                0x000000000800b454       0x14 ./Application/Core/timer_if.o
                0x000000000800b454                UTIL_SYSTIMDriver
 .rodata.UTIL_TraceDriver
                0x000000000800b468       0x10 ./Application/Core/usart_if.o
                0x000000000800b468                UTIL_TraceDriver
 .rodata.AHBPrescTable
                0x000000000800b478       0x40 ./Drivers/CMSIS/system_stm32wlxx.o
                0x000000000800b478                AHBPrescTable
 .rodata.APBPrescTable
                0x000000000800b4b8       0x20 ./Drivers/CMSIS/system_stm32wlxx.o
                0x000000000800b4b8                APBPrescTable
 .rodata.MSIRangeTable
                0x000000000800b4d8       0x40 ./Drivers/CMSIS/system_stm32wlxx.o
                0x000000000800b4d8                MSIRangeTable
 .rodata.UARTPrescTable
                0x000000000800b518       0x18 ./Drivers/STM32WLxx_HAL_Driver/stm32wlxx_hal_uart.o
                0x000000000800b518                UARTPrescTable
 .rodata.Radio  0x000000000800b530       0x7c ./Middlewares/SubGHz_Phy/radio.o
                0x000000000800b530                Radio
 .rodata.FskBandwidths
                0x000000000800b5ac       0xb0 ./Middlewares/SubGHz_Phy/radio.o
                0x000000000800b5ac                FskBandwidths
 .rodata.Bandwidths
                0x000000000800b65c        0x3 ./Middlewares/SubGHz_Phy/radio.o
                0x000000000800b65c                Bandwidths
 *fill*         0x000000000800b65f        0x1 
 .rodata.SEQ_clz_table_4bit
                0x000000000800b660       0x10 ./Utilities/stm32_seq.o
                0x000000000800b670                . = ALIGN (0x8)

.ARM.extab      0x000000000800b670        0x0
                0x000000000800b670                . = ALIGN (0x8)
 *(.ARM.extab* .gnu.linkonce.armextab.*)
                0x000000000800b670                . = ALIGN (0x8)

.ARM            0x000000000800b670        0x8
                0x000000000800b670                . = ALIGN (0x8)
                0x000000000800b670                __exidx_start = .
 *(.ARM.exidx*)
 .ARM.exidx     0x000000000800b670        0x8 c:/st/stm32cubeide_1.7.0/stm32cubeide/plugins/com.st.stm32cube.ide.mcu.externaltools.gnu-tools-for-stm32.9-2020-q2-update.win32_2.0.0.202105311346/tools/bin/../lib/gcc/arm-none-eabi/9.3.1/thumb/v7e-m/nofp\libgcc.a(_udivmoddi4.o)
                0x000000000800b678                __exidx_end = .
                0x000000000800b678                . = ALIGN (0x8)

.rel.dyn        0x000000000800b678        0x0
 .rel.iplt      0x000000000800b678        0x0 c:/st/stm32cubeide_1.7.0/stm32cubeide/plugins/com.st.stm32cube.ide.mcu.externaltools.gnu-tools-for-stm32.9-2020-q2-update.win32_2.0.0.202105311346/tools/bin/../lib/gcc/arm-none-eabi/9.3.1/thumb/v7e-m/nofp/crtbegin.o

.preinit_array  0x000000000800b678        0x0
                0x000000000800b678                . = ALIGN (0x8)
                0x000000000800b678                PROVIDE (__preinit_array_start = .)
 *(.preinit_array*)
                0x000000000800b678                PROVIDE (__preinit_array_end = .)
                0x000000000800b678                . = ALIGN (0x8)

.init_array     0x000000000800b678        0x8
                0x000000000800b678                . = ALIGN (0x8)
                0x000000000800b678                PROVIDE (__init_array_start = .)
 *(SORT_BY_NAME(.init_array.*))
 *(.init_array*)
 .init_array    0x000000000800b678        0x4 c:/st/stm32cubeide_1.7.0/stm32cubeide/plugins/com.st.stm32cube.ide.mcu.externaltools.gnu-tools-for-stm32.9-2020-q2-update.win32_2.0.0.202105311346/tools/bin/../lib/gcc/arm-none-eabi/9.3.1/thumb/v7e-m/nofp/crtbegin.o
                0x000000000800b67c                PROVIDE (__init_array_end = .)
                0x000000000800b680                . = ALIGN (0x8)
 *fill*         0x000000000800b67c        0x4 

.fini_array     0x000000000800b680        0x8
                0x000000000800b680                . = ALIGN (0x8)
                [!provide]                        PROVIDE (__fini_array_start = .)
 *(SORT_BY_NAME(.fini_array.*))
 *(.fini_array*)
 .fini_array    0x000000000800b680        0x4 c:/st/stm32cubeide_1.7.0/stm32cubeide/plugins/com.st.stm32cube.ide.mcu.externaltools.gnu-tools-for-stm32.9-2020-q2-update.win32_2.0.0.202105311346/tools/bin/../lib/gcc/arm-none-eabi/9.3.1/thumb/v7e-m/nofp/crtbegin.o
                [!provide]                        PROVIDE (__fini_array_end = .)
                0x000000000800b688                . = ALIGN (0x8)
 *fill*         0x000000000800b684        0x4 
                0x000000000800b688                _sidata = LOADADDR (.data)

.data           0x0000000020000000       0x30 load address 0x000000000800b688
                0x0000000020000000                . = ALIGN (0x8)
                0x0000000020000000                _sdata = .
 *(.data)
 *(.data*)
 .data.radio_rx_flag
                0x0000000020000000        0x1 ./Application/App/subghz_phy_app.o
                0x0000000020000000                radio_rx_flag
 .data.radio_tx_flag
                0x0000000020000001        0x1 ./Application/App/subghz_phy_app.o
                0x0000000020000001                radio_tx_flag
 .data.BufferSize
                0x0000000020000002        0x2 ./Application/App/subghz_phy_app.o
                0x0000000020000002                BufferSize
 .data.SYS_LED_PORT
                0x0000000020000004        0xc ./Application/Core/board_resources.o
 .data.ping_flag
                0x0000000020000010        0x1 ./Application/Core/main.o
                0x0000000020000010                ping_flag
 *fill*         0x0000000020000011        0x3 
 .data.SystemCoreClock
                0x0000000020000014        0x4 ./Drivers/CMSIS/system_stm32wlxx.o
                0x0000000020000014                SystemCoreClock
 .data.uwTickPrio
                0x0000000020000018        0x4 ./Drivers/STM32WLxx_HAL_Driver/stm32wlxx_hal.o
                0x0000000020000018                uwTickPrio
 .data.uwTickFreq
                0x000000002000001c        0x1 ./Drivers/STM32WLxx_HAL_Driver/stm32wlxx_hal.o
                0x000000002000001c                uwTickFreq
 .data.MaxPayloadLength
                0x000000002000001d        0x1 ./Middlewares/SubGHz_Phy/radio.o
 *fill*         0x000000002000001e        0x2 
 .data.TaskMask
                0x0000000020000020        0x4 ./Utilities/stm32_seq.o
 .data.SuperMask
                0x0000000020000024        0x4 ./Utilities/stm32_seq.o
 .data.lower_digits
                0x0000000020000028        0x4 ./Utilities/stm32_tiny_vsnprintf.o
 .data.upper_digits
                0x000000002000002c        0x4 ./Utilities/stm32_tiny_vsnprintf.o
                0x0000000020000030                . = ALIGN (0x8)
                0x0000000020000030                _edata = .

.igot.plt       0x0000000020000030        0x0 load address 0x000000000800b6b8
 .igot.plt      0x0000000020000030        0x0 c:/st/stm32cubeide_1.7.0/stm32cubeide/plugins/com.st.stm32cube.ide.mcu.externaltools.gnu-tools-for-stm32.9-2020-q2-update.win32_2.0.0.202105311346/tools/bin/../lib/gcc/arm-none-eabi/9.3.1/thumb/v7e-m/nofp/crtbegin.o
                0x0000000020000030                . = ALIGN (0x8)

.bss            0x0000000020000030      0x8e8 load address 0x000000000800b6b8
                0x0000000020000030                _sbss = .
                0x0000000020000030                __bss_start__ = _sbss
 *(.bss)
 .bss           0x0000000020000030       0x1c c:/st/stm32cubeide_1.7.0/stm32cubeide/plugins/com.st.stm32cube.ide.mcu.externaltools.gnu-tools-for-stm32.9-2020-q2-update.win32_2.0.0.202105311346/tools/bin/../lib/gcc/arm-none-eabi/9.3.1/thumb/v7e-m/nofp/crtbegin.o
 *(.bss*)
 .bss.tx_cnt    0x000000002000004c        0x1 ./Application/App/subghz_phy_app.o
                0x000000002000004c                tx_cnt
 .bss.State     0x000000002000004d        0x1 ./Application/App/subghz_phy_app.o
                0x000000002000004d                State
 .bss.RssiValue
                0x000000002000004e        0x1 ./Application/App/subghz_phy_app.o
                0x000000002000004e                RssiValue
 .bss.SnrValue  0x000000002000004f        0x1 ./Application/App/subghz_phy_app.o
                0x000000002000004f                SnrValue
 .bss.timerLed  0x0000000020000050       0x18 ./Application/App/subghz_phy_app.o
 .bss.RadioEvents
                0x0000000020000068       0x1c ./Application/App/subghz_phy_app.o
 .bss.i2c_read_done_flag
                0x0000000020000084        0x1 ./Application/Core/main.o
                0x0000000020000084                i2c_read_done_flag
 *fill*         0x0000000020000085        0x3 
 .bss.ground_hum_data
                0x0000000020000088        0x4 ./Application/Core/main.o
                0x0000000020000088                ground_hum_data
 .bss.RTC_Initialized
                0x000000002000008c        0x1 ./Application/Core/timer_if.o
 *fill*         0x000000002000008d        0x3 
 .bss.RtcTimerContext
                0x0000000020000090        0x4 ./Application/Core/timer_if.o
 .bss.TxCpltCallback
                0x0000000020000094        0x4 ./Application/Core/usart_if.o