Component: ARM Compiler 6.16 Tool: armlink [5dfeaa00]

==============================================================================

Section Cross References

    app_subghz_phy.o(.text.MX_SubGHz_Phy_Init) refers to sys_app.o(.text.SystemApp_Init) for SystemApp_Init
    app_subghz_phy.o(.text.MX_SubGHz_Phy_Init) refers to subghz_phy_app.o(.text.SubghzApp_Init) for SubghzApp_Init
    app_subghz_phy.o(.ARM.exidx.text.MX_SubGHz_Phy_Init) refers to app_subghz_phy.o(.text.MX_SubGHz_Phy_Init) for [Anonymous Symbol]
    app_subghz_phy.o(.text.MX_SubGHz_Phy_Process) refers to stm32_seq.o(.text.UTIL_SEQ_Run) for UTIL_SEQ_Run
    app_subghz_phy.o(.ARM.exidx.text.MX_SubGHz_Phy_Process) refers to app_subghz_phy.o(.text.MX_SubGHz_Phy_Process) for [Anonymous Symbol]
    subghz_phy_app.o(.text.op_join_request_handle) refers to stm32_adv_trace.o(.text.UTIL_ADV_TRACE_COND_FSend) for UTIL_ADV_TRACE_COND_FSend
    subghz_phy_app.o(.text.op_join_request_handle) refers to stm32wlxx_hal.o(.text.HAL_GetUIDw0) for HAL_GetUIDw0
    subghz_phy_app.o(.text.op_join_request_handle) refers to stm32wlxx_hal.o(.text.HAL_GetUIDw1) for HAL_GetUIDw1
    subghz_phy_app.o(.text.op_join_request_handle) refers to subghz_phy_app.o(.bss..L_MergedGlobals.14) for [Anonymous Symbol]
    subghz_phy_app.o(.text.op_join_request_handle) refers to subghz_phy_app.o(.data..L_MergedGlobals) for [Anonymous Symbol]
    subghz_phy_app.o(.ARM.exidx.text.op_join_request_handle) refers to subghz_phy_app.o(.text.op_join_request_handle) for [Anonymous Symbol]
    subghz_phy_app.o(.text.op_join_accept_handle) refers to stm32_adv_trace.o(.text.UTIL_ADV_TRACE_COND_FSend) for UTIL_ADV_TRACE_COND_FSend
    subghz_phy_app.o(.text.op_join_accept_handle) refers to subghz_phy_app.o(.text.led_toggle) for led_toggle
    subghz_phy_app.o(.text.op_join_accept_handle) refers to subghz_phy_app.o(.text.OUTLINED_FUNCTION_0) for OUTLINED_FUNCTION_0
    subghz_phy_app.o(.text.op_join_accept_handle) refers to subghz_phy_app.o(.data..L_MergedGlobals) for [Anonymous Symbol]
    subghz_phy_app.o(.text.op_join_accept_handle) refers to subghz_phy_app.o(.bss..L_MergedGlobals.14) for [Anonymous Symbol]
    subghz_phy_app.o(.text.op_join_accept_handle) refers to subghz_phy_app.o(.rodata.str1.1) for [Anonymous Symbol]
    subghz_phy_app.o(.text.op_join_accept_handle) refers to main.o(.bss..L_MergedGlobals) for save_flash_flag
    subghz_phy_app.o(.ARM.exidx.text.op_join_accept_handle) refers to subghz_phy_app.o(.text.op_join_accept_handle) for [Anonymous Symbol]
    subghz_phy_app.o(.text.op_join_accept_ack_handle) refers to subghz_phy_app.o(.text.OUTLINED_FUNCTION_0) for OUTLINED_FUNCTION_0
    subghz_phy_app.o(.text.op_join_accept_ack_handle) refers to stm32_adv_trace.o(.text.UTIL_ADV_TRACE_COND_FSend) for UTIL_ADV_TRACE_COND_FSend
    subghz_phy_app.o(.text.op_join_accept_ack_handle) refers to subghz_phy_app.o(.bss..L_MergedGlobals.14) for [Anonymous Symbol]
    subghz_phy_app.o(.text.op_join_accept_ack_handle) refers to rd_flash.o(.bss..L_MergedGlobals) for dev_key_32
    subghz_phy_app.o(.text.op_join_accept_ack_handle) refers to subghz_phy_app.o(.data..L_MergedGlobals) for [Anonymous Symbol]
    subghz_phy_app.o(.ARM.exidx.text.op_join_accept_ack_handle) refers to subghz_phy_app.o(.text.op_join_accept_ack_handle) for [Anonymous Symbol]
    subghz_phy_app.o(.text.op_delete_device_handle) refers to rd_flash.o(.text.delete_device_infor) for delete_device_infor
    subghz_phy_app.o(.text.op_delete_device_handle) refers to subghz_phy_app.o(.text.led_blink) for led_blink
    subghz_phy_app.o(.text.op_delete_device_handle) refers to subghz_phy_app.o(.bss..L_MergedGlobals.14) for [Anonymous Symbol]
    subghz_phy_app.o(.text.op_delete_device_handle) refers to subghz_phy_app.o(.data..L_MergedGlobals) for [Anonymous Symbol]
    subghz_phy_app.o(.ARM.exidx.text.op_delete_device_handle) refers to subghz_phy_app.o(.text.op_delete_device_handle) for [Anonymous Symbol]
    subghz_phy_app.o(.ARM.exidx.text.op_light_to_gw_handle) refers to subghz_phy_app.o(.text.op_light_to_gw_handle) for [Anonymous Symbol]
    subghz_phy_app.o(.ARM.exidx.text.op_gw_to_light_handle) refers to subghz_phy_app.o(.text.op_gw_to_light_handle) for [Anonymous Symbol]
    subghz_phy_app.o(.text.op_temp_hum_to_gw_handle) refers to stm32_adv_trace.o(.text.UTIL_ADV_TRACE_COND_FSend) for UTIL_ADV_TRACE_COND_FSend
    subghz_phy_app.o(.text.op_temp_hum_to_gw_handle) refers to subghz_phy_app.o(.data..L_MergedGlobals) for [Anonymous Symbol]
    subghz_phy_app.o(.text.op_temp_hum_to_gw_handle) refers to subghz_phy_app.o(.bss..L_MergedGlobals.14) for [Anonymous Symbol]
    subghz_phy_app.o(.text.op_temp_hum_to_gw_handle) refers to main.o(.bss..L_MergedGlobals) for sht30_temp
    subghz_phy_app.o(.ARM.exidx.text.op_temp_hum_to_gw_handle) refers to subghz_phy_app.o(.text.op_temp_hum_to_gw_handle) for [Anonymous Symbol]
[...]
    UART_AdvFeatureConfig                    0x08006525   Thumb Code   168  stm32wlxx_hal_uart.o(.text.UART_AdvFeatureConfig)
    UART_CheckIdleState                      0x080065cd   Thumb Code    76  stm32wlxx_hal_uart.o(.text.UART_CheckIdleState)
    UART_SetConfig                           0x08006925   Thumb Code   424  stm32wlxx_hal_uart.o(.text.UART_SetConfig)
    UART_Start_Receive_IT                    0x08006b05   Thumb Code   184  stm32wlxx_hal_uart.o(.text.UART_Start_Receive_IT)
    UART_WaitOnFlagUntilTimeout              0x08006bcd   Thumb Code   126  stm32wlxx_hal_uart.o(.text.UART_WaitOnFlagUntilTimeout)
    USART2_IRQHandler                        0x08006c4d   Thumb Code     8  stm32wlxx_it.o(.text.USART2_IRQHandler)
    UTIL_ADV_TRACE_COND_FSend                0x08006c59   Thumb Code   160  stm32_adv_trace.o(.text.UTIL_ADV_TRACE_COND_FSend)
    UTIL_ADV_TRACE_Init                      0x08006cfd   Thumb Code    36  stm32_adv_trace.o(.text.UTIL_ADV_TRACE_Init)
    UTIL_ADV_TRACE_PostSendHook              0x08006d2d   Thumb Code     8  sys_app.o(.text.UTIL_ADV_TRACE_PostSendHook)
    UTIL_ADV_TRACE_PreSendHook               0x08006d35   Thumb Code     8  sys_app.o(.text.UTIL_ADV_TRACE_PreSendHook)
    UTIL_ADV_TRACE_RegisterTimeStampFunction 0x08006d3d   Thumb Code     8  stm32_adv_trace.o(.text.UTIL_ADV_TRACE_RegisterTimeStampFunction)
    UTIL_ADV_TRACE_SetVerboseLevel           0x08006d45   Thumb Code     8  stm32_adv_trace.o(.text.UTIL_ADV_TRACE_SetVerboseLevel)
    UTIL_LPM_EnterLowPower                   0x08006d51   Thumb Code    52  stm32_lpm.o(.text.UTIL_LPM_EnterLowPower)
    UTIL_LPM_Init                            0x08006d89   Thumb Code    12  stm32_lpm.o(.text.UTIL_LPM_Init)
    UTIL_LPM_SetOffMode                      0x08006d95   Thumb Code    44  stm32_lpm.o(.text.UTIL_LPM_SetOffMode)
    UTIL_LPM_SetStopMode                     0x08006dc1   Thumb Code    44  stm32_lpm.o(.text.UTIL_LPM_SetStopMode)
    UTIL_MEM_set_8                           0x08006df1   Thumb Code    14  stm32_mem.o(.text.UTIL_MEM_set_8)
    UTIL_SEQ_Idle                            0x08006dff   Thumb Code     4  sys_app.o(.text.UTIL_SEQ_Idle)
    UTIL_SEQ_PostIdle                        0x08006e03   Thumb Code     2  stm32_seq.o(.text.UTIL_SEQ_PostIdle)
    UTIL_SEQ_PreIdle                         0x08006e05   Thumb Code     2  stm32_seq.o(.text.UTIL_SEQ_PreIdle)
    UTIL_SEQ_RegTask                         0x08006e09   Thumb Code    32  stm32_seq.o(.text.UTIL_SEQ_RegTask)
    UTIL_SEQ_Run                             0x08006e29   Thumb Code   224  stm32_seq.o(.text.UTIL_SEQ_Run)
    UTIL_SEQ_SetTask                         0x08006f11   Thumb Code    36  stm32_seq.o(.text.UTIL_SEQ_SetTask)
    UTIL_TIMER_Create                        0x08006f39   Thumb Code    52  stm32_timer.o(.text.UTIL_TIMER_Create)
    UTIL_TIMER_GetCurrentTime                0x08006f6d   Thumb Code    20  stm32_timer.o(.text.UTIL_TIMER_GetCurrentTime)
    UTIL_TIMER_GetElapsedTime                0x08006f81   Thumb Code    32  stm32_timer.o(.text.UTIL_TIMER_GetElapsedTime)
    UTIL_TIMER_IRQ_Handler                   0x08006fa1   Thumb Code   128  stm32_timer.o(.text.UTIL_TIMER_IRQ_Handler)
    UTIL_TIMER_Init                          0x08007021   Thumb Code    12  stm32_timer.o(.text.UTIL_TIMER_Init)
    UTIL_TIMER_SetPeriod                     0x0800702d   Thumb Code    48  stm32_timer.o(.text.UTIL_TIMER_SetPeriod)
    UTIL_TIMER_Start                         0x0800705d   Thumb Code   108  stm32_timer.o(.text.UTIL_TIMER_Start)
    UTIL_TIMER_Stop                          0x080070c9   Thumb Code    96  stm32_timer.o(.text.UTIL_TIMER_Stop)
    UsageFault_Handler                       0x08007131   Thumb Code     2  stm32wlxx_it.o(.text.UsageFault_Handler)
    _save_netkey_device_id                   0x08007135   Thumb Code   152  rd_flash.o(.text._save_netkey_device_id)
    aes_encrypt_decrypt                      0x080071d1   Thumb Code    72  subghz_phy_app.o(.text.aes_encrypt_decrypt)
    delete_device_infor                      0x0800721d   Thumb Code   104  rd_flash.o(.text.delete_device_infor)
    device_gen_dev_key                       0x08007285   Thumb Code    40  rd_flash.o(.text.device_gen_dev_key)
    device_gen_random_time                   0x080072ad   Thumb Code    40  rd_flash.o(.text.device_gen_random_time)
    led_blink                                0x080072dd   Thumb Code    36  subghz_phy_app.o(.text.led_blink)
    led_toggle                               0x08007305   Thumb Code    52  subghz_phy_app.o(.text.led_toggle)
    main                                     0x0800733d   Thumb Code   284  main.o(.text.main)
    op_co2_to_gw_handle                      0x08007489   Thumb Code     4  subghz_phy_app.o(.text.op_co2_to_gw_handle)
    op_delete_device_handle                  0x0800748d   Thumb Code    64  subghz_phy_app.o(.text.op_delete_device_handle)
    op_ground_to_gw_handle                   0x080074cd   Thumb Code     4  subghz_phy_app.o(.text.op_ground_to_gw_handle)
    op_gw_to_co2_handle                      0x080074d1   Thumb Code     4  subghz_phy_app.o(.text.op_gw_to_co2_handle)
    op_gw_to_ground_handle                   0x080074d5   Thumb Code     4  subghz_phy_app.o(.text.op_gw_to_ground_handle)
    op_gw_to_light_handle                    0x080074d9   Thumb Code     4  subghz_phy_app.o(.text.op_gw_to_light_handle)
    op_gw_to_temp_hum_handle                 0x080074dd   Thumb Code     4  subghz_phy_app.o(.text.op_gw_to_temp_hum_handle)
    op_join_accept_ack_handle                0x080074e1   Thumb Code   120  subghz_phy_app.o(.text.op_join_accept_ack_handle)
    op_join_accept_handle                    0x080075c9   Thumb Code   392  subghz_phy_app.o(.text.op_join_accept_handle)
    op_join_request_handle                   0x080077dd   Thumb Code   140  subghz_phy_app.o(.text.op_join_request_handle)
    op_light_to_gw_handle                    0x08007889   Thumb Code     4  subghz_phy_app.o(.text.op_light_to_gw_handle)
    op_temp_hum_to_gw_handle                 0x0800788d   Thumb Code    80  subghz_phy_app.o(.text.op_temp_hum_to_gw_handle)
    op_uart_send_light_off_handle            0x08007919   Thumb Code     4  subghz_phy_app.o(.text.op_uart_send_light_off_handle)
    op_uart_send_light_on_handle             0x0800791d   Thumb Code    40  subghz_phy_app.o(.text.op_uart_send_light_on_handle)
    rd_message_hande                         0x08007945   Thumb Code    92  subghz_phy_app.o(.text.rd_message_hande)
    rd_set_aes_key                           0x080079dd   Thumb Code    24  subghz_phy_app.o(.text.rd_set_aes_key)
    read_key_device_id                       0x080079f9   Thumb Code    32  rd_flash.o(.text.read_key_device_id)
    sht30_read_i2c_data                      0x08007a1d   Thumb Code    72  sht30_sensor.o(.text.sht30_read_i2c_data)
    tiny_vsnprintf_like                      0x08007a91   Thumb Code   612  stm32_tiny_vsnprintf.o(.text.tiny_vsnprintf_like)
    vcom_DeInit                              0x08007d49   Thumb Code    36  usart_if.o(.text.vcom_DeInit)
    vcom_Init                                0x08007d71   Thumb Code    28  usart_if.o(.text.vcom_Init)
    vcom_ReceiveInit                         0x08007d95   Thumb Code    64  usart_if.o(.text.vcom_ReceiveInit)
    vcom_Resume                              0x08007dd9   Thumb Code    32  usart_if.o(.text.vcom_Resume)
    vcom_Trace_DMA                           0x08007dfd   Thumb Code    16  usart_if.o(.text.vcom_Trace_DMA)
    write_led                                0x08007e11   Thumb Code    72  subghz_phy_app.o(.text.write_led)
    __scatterload_copy                       0x08007e5d   Thumb Code    14  handlers.o(i.__scatterload_copy)
    __scatterload_null                       0x08007e6b   Thumb Code     2  handlers.o(i.__scatterload_null)
    __scatterload_zeroinit                   0x08007e6d   Thumb Code    14  handlers.o(i.__scatterload_zeroinit)
    AHBPrescTable                            0x08007ec4   Data          64  system_stm32wlxx.o(.rodata.AHBPrescTable)
    APBPrescTable                            0x08007f04   Data          32  system_stm32wlxx.o(.rodata.APBPrescTable)
    Bandwidths                               0x08007f24   Data          12  radio.o(.rodata.Bandwidths)
    FskBandwidths                            0x08007f30   Data         176  radio.o(.rodata.FskBandwidths)
    MSIRangeTable                            0x08007fe0   Data          64  system_stm32wlxx.o(.rodata.MSIRangeTable)
    Radio                                    0x08008020   Data         124  radio.o(.rodata.Radio)
    UARTPrescTable                           0x080080b0   Data          24  stm32wlxx_hal_uart.o(.rodata.UARTPrescTable)
    UTIL_PowerDriver                         0x080080c8   Data          24  stm32_lpm_if.o(.rodata.UTIL_PowerDriver)
    UTIL_SYSTIMDriver                        0x080080e0   Data          20  timer_if.o(.rodata.UTIL_SYSTIMDriver)
    UTIL_TimerDriver                         0x080080f4   Data          44  timer_if.o(.rodata.UTIL_TimerDriver)
    UTIL_TraceDriver                         0x08008120   Data          16  usart_if.o(.rodata.UTIL_TraceDriver)
    Region$$Table$$Base                      0x080081fc   Number         0  anon$$obj.o(Region$$Table)
    Region$$Table$$Limit                     0x0800821c   Number         0  anon$$obj.o(Region$$Table)
    add_device_flag                          0x20000000   Data           1  subghz_phy_app.o(.data..L_MergedGlobals)
    radio_rx_flag                            0x20000001   Data           1  subghz_phy_app.o(.data..L_MergedGlobals)
    radio_tx_flag                            0x20000002   Data           1  subghz_phy_app.o(.data..L_MergedGlobals)
    BufferSize                               0x20000004   Data           2  subghz_phy_app.o(.data..L_MergedGlobals)
    rd_tx_opcode                             0x20000008   Data           4  subghz_phy_app.o(.data..L_MergedGlobals)
    rd_mac_id                                0x2000000c   Data           8  subghz_phy_app.o(.data..L_MergedGlobals)
    rd_aes_key                               0x20000014   Data          16  subghz_phy_app.o(.data..L_MergedGlobals)
    uwTickPrio                               0x20000024   Data           4  stm32wlxx_hal.o(.data..L_MergedGlobals)
    uwTickFreq                               0x20000028   Data           4  stm32wlxx_hal.o(.data..L_MergedGlobals)
    SystemCoreClock                          0x20000038   Data           4  system_stm32wlxx.o(.data.SystemCoreClock)
    rd_message_func_handle                   0x2000003c   Data         160  subghz_phy_app.o(.data.rd_message_func_handle)
    device_send_message_cnt                  0x200000e0   Data           1  main.o(.bss..L_MergedGlobals)
    device_send_flag                         0x200000e1   Data           1  main.o(.bss..L_MergedGlobals)
    check_one_time                           0x200000e2   Data           1  main.o(.bss..L_MergedGlobals)
    save_flash_flag                          0x200000e3   Data           1  main.o(.bss..L_MergedGlobals)
    sht30_temp                               0x200000e4   Data           4  main.o(.bss..L_MergedGlobals)
    sht30_hum                                0x200000e8   Data           4  main.o(.bss..L_MergedGlobals)
    hi2c3                                    0x200000ec   Data          84  main.o(.bss..L_MergedGlobals)
    charRx                                   0x20000148   Data           1  usart_if.o(.bss..L_MergedGlobals)
    delete_device_flag                       0x20000150   Data           1  rd_flash.o(.bss..L_MergedGlobals)
    dev_key_32                               0x20000154   Data           4  rd_flash.o(.bss..L_MergedGlobals)
    random_time                              0x20000158   Data           4  rd_flash.o(.bss..L_MergedGlobals)
    Flash_Unicast                            0x20000160   Data           8  rd_flash.o(.bss..L_MergedGlobals)
    rd_random                                0x20000168   Data          16  rd_flash.o(.bss..L_MergedGlobals)
    hrng                                     0x20000178   Data          24  rd_flash.o(.bss..L_MergedGlobals)
    flash_buff                               0x20000190   Data          40  rd_flash.o(.bss..L_MergedGlobals)
    TxTimeoutTimer                           0x200001bc   Data          28  radio.o(.bss..L_MergedGlobals)
    RxTimeoutTimer                           0x200001d8   Data          28  radio.o(.bss..L_MergedGlobals)
    FrequencyError                           0x200001f8   Data           4  radio_driver.o(.bss..L_MergedGlobals)
    network_status                           0x20000214   Data           1  subghz_phy_app.o(.bss..L_MergedGlobals.14)
    message_cnt                              0x20000215   Data           1  subghz_phy_app.o(.bss..L_MergedGlobals.14)
    RssiValue                                0x20000216   Data           1  subghz_phy_app.o(.bss..L_MergedGlobals.14)
    SnrValue                                 0x20000217   Data           1  subghz_phy_app.o(.bss..L_MergedGlobals.14)
    rd_device_id                             0x20000218   Data           2  subghz_phy_app.o(.bss..L_MergedGlobals.14)
    rd_rx_opcode                             0x2000021c   Data           4  subghz_phy_app.o(.bss..L_MergedGlobals.14)
    State                                    0x20000220   Data           4  subghz_phy_app.o(.bss..L_MergedGlobals.14)
    mac_id                                   0x20000224   Data           8  subghz_phy_app.o(.bss..L_MergedGlobals.14)
    rd_netkey_char                           0x2000022c   Data          16  subghz_phy_app.o(.bss..L_MergedGlobals.14)
    rd_net_key_32bit                         0x2000023c   Data          16  subghz_phy_app.o(.bss..L_MergedGlobals.14)
    device_send_buff                         0x2000024c   Data          32  subghz_phy_app.o(.bss..L_MergedGlobals.14)
    encrypted_data                           0x2000026c   Data          32  subghz_phy_app.o(.bss..L_MergedGlobals.14)
    decrypted_data                           0x2000028c   Data          32  subghz_phy_app.o(.bss..L_MergedGlobals.15)
    Buffer                                   0x200002ac   Data          32  subghz_phy_app.o(.bss..L_MergedGlobals.15)
    SubgRf                                   0x20000624   Data         152  radio.o(.bss.SubgRf)
    hcryp                                    0x20000744   Data         272  subghz_phy_app.o(.bss.hcryp)
    hdma_usart2_tx                           0x20000854   Data         100  usart.o(.bss.hdma_usart2_tx)
    hrtc                                     0x200008b8   Data          60  rtc.o(.bss.hrtc)
    hsubghz                                  0x200008f4   Data          20  subghz.o(.bss.hsubghz)
    huart2                                   0x20000908   Data         144  usart.o(.bss.huart2)
    pFlash                                   0x20000998   Data          24  stm32wlxx_hal_flash.o(.bss.pFlash)
    pKeyAES                                  0x200009b0   Data          16  subghz_phy_app.o(.bss.pKeyAES)
    radio_free_flag                          0x200009c0   Data           1  main.o(.bss.radio_free_flag)
    trick_time                               0x20000ac4   Data           4  main.o(.bss.trick_time)
    uwTick                                   0x20000ac8   Data           4  stm32wlxx_hal.o(.bss.uwTick)
    __initial_sp                             0x200012d0   Data           0  startup_stm32wl55xx_cm4.o(STACK)



==============================================================================

Memory Map of the image

  Image Entry point : 0x08000139

  Load Region LR_IROM1 (Base: 0x08000000, Size: 0x00008300, Max: 0x00040000, ABSOLUTE)

    Execution Region ER_IROM1 (Exec base: 0x08000000, Load base: 0x08000000, Size: 0x0000821c, Max: 0x00040000, ABSOLUTE)

    Exec Addr    Load Addr    Size         Type   Attr      Idx    E Section Name        Object

    0x08000000   0x08000000   0x00000138   Data   RO          593    RESET               startup_stm32wl55xx_cm4.o
    0x08000138   0x08000138   0x00000000   Code   RO         3087  * .ARM.Collect$$$$00000000  mc_w.l(entry.o)
    0x08000138   0x08000138   0x00000004   Code   RO         3136    .ARM.Collect$$$$00000001  mc_w.l(entry2.o)
    0x0800013c   0x0800013c   0x00000004   Code   RO         3139    .ARM.Collect$$$$00000004  mc_w.l(entry5.o)
    0x08000140   0x08000140   0x00000000   Code   RO         3141    .ARM.Collect$$$$00000008  mc_w.l(entry7b.o)
    0x08000140   0x08000140   0x00000000   Code   RO         3143    .ARM.Collect$$$$0000000A  mc_w.l(entry8b.o)
    0x08000140   0x08000140   0x00000008   Code   RO         3144    .ARM.Collect$$$$0000000B  mc_w.l(entry9a.o)
    0x08000148   0x08000148   0x00000000   Code   RO         3146    .ARM.Collect$$$$0000000D  mc_w.l(entry10a.o)
    0x08000148   0x08000148   0x00000000   Code   RO         3148    .ARM.Collect$$$$0000000F  mc_w.l(entry11a.o)
    0x08000148   0x08000148   0x00000004   Code   RO         3137    .ARM.Collect$$$$00002712  mc_w.l(entry2.o)
    0x0800014c   0x0800014c   0x00000024   Code   RO          594    .text               startup_stm32wl55xx_cm4.o
    0x08000170   0x08000170   0x00000062   Code   RO         3090    .text               mc_w.l(uldiv.o)
    0x080001d2   0x080001d2   0x00000024   Code   RO         3092    .text               mc_w.l(memcpya.o)
    0x080001f6   0x080001f6   0x00000024   Code   RO         3094    .text               mc_w.l(memseta.o)
    0x0800021a   0x0800021a   0x0000000e   Code   RO         3096    .text               mc_w.l(strlen.o)
    0x08000228   0x08000228   0x000000b0   Code   RO         3100    .text               mf_w.l(fadd.o)
    0x080002d8   0x080002d8   0x00000064   Code   RO         3102    .text               mf_w.l(fmul.o)
    0x0800033c   0x0800033c   0x0000007c   Code   RO         3104    .text               mf_w.l(fdiv.o)
    0x080003b8   0x080003b8   0x0000000a   Code   RO         3110    .text               mf_w.l(ffltui.o)
    0x080003c2   0x080003c2   0x00000028   Code   RO         3114    .text               mf_w.l(ffixui.o)
    0x080003ea   0x080003ea   0x0000001e   Code   RO         3150    .text               mc_w.l(llshl.o)
    0x08000408   0x08000408   0x00000020   Code   RO         3152    .text               mc_w.l(llushr.o)
    0x08000428   0x08000428   0x00000000   Code   RO         3163    .text               mc_w.l(iusefp.o)
    0x08000428   0x08000428   0x0000006e   Code   RO         3164    .text               mf_w.l(fepilogue.o)
    0x08000496   0x08000496   0x00000002   PAD
    0x08000498   0x08000498   0x00000024   Code   RO         3172    .text               mc_w.l(init.o)
    0x080004bc   0x080004bc   0x00000002   Code   RO          334    .text.BusFault_Handler  stm32wlxx_it.o
    0x080004be   0x080004be   0x00000114   Code   RO         2352    .text.CRYP_AESCCM_Process  stm32wlxx_hal_cryp.o
    0x080005d2   0x080005d2   0x00000114   Code   RO         2350    .text.CRYP_AESGCM_Process  stm32wlxx_hal_cryp.o
    0x080006e6   0x080006e6   0x00000074   Code   RO         2382    .text.CRYP_AES_ProcessData  stm32wlxx_hal_cryp.o
    0x0800075a   0x0800075a   0x00000002   PAD
    0x0800075c   0x0800075c   0x00000108   Code   RO         2396    .text.CRYP_GCMCCM_SetHeaderPhase  stm32wlxx_hal_cryp.o
    0x08000864   0x08000864   0x00000042   Code   RO         2362    .text.CRYP_SetKey   stm32wlxx_hal_cryp.o
    0x080008a6   0x080008a6   0x00000030   Code   RO         2384    .text.CRYP_WaitOnCCFlag  stm32wlxx_hal_cryp.o
    0x080008d6   0x080008d6   0x00000002   PAD
    0x080008d8   0x080008d8   0x000000f4   Code   RO          406    .text.DBG_Init      sys_debug.o
    0x080009cc   0x080009cc   0x0000000c   Code   RO          348    .text.DMA1_Channel5_IRQHandler  stm32wlxx_it.o
    0x080009d8   0x080009d8   0x0000004c   Code   RO          961    .text.DMA_CalcDMAMUXChannelBaseAndMask  stm32wlxx_hal_dma.o
    0x08000a24   0x08000a24   0x00000028   Code   RO          963    .text.DMA_CalcDMAMUXRequestGenBaseAndMask  stm32wlxx_hal_dma.o
    0x08000a4c   0x08000a4c   0x0000003a   Code   RO          969    .text.DMA_SetConfig  stm32wlxx_hal_dma.o
    0x08000a86   0x08000a86   0x00000002   Code   RO          340    .text.DebugMon_Handler  stm32wlxx_it.o
    0x08000a88   0x08000a88   0x00000002   Code   RO          185    .text.Error_Handler  main.o
    0x08000a8a   0x08000a8a   0x00000002   PAD
    0x08000a8c   0x08000a8c   0x00000030   Code   RO         1049    .text.FLASH_Program_Fast  stm32wlxx_hal_flash.o
    0x08000abc   0x08000abc   0x0000005c   Code   RO         1047    .text.FLASH_WaitForLastOperation  stm32wlxx_hal_flash.o
    0x08000b18   0x08000b18   0x0000011c   Code   RO         2354    .text.HAL_CRYP_Decrypt  stm32wlxx_hal_cryp.o
    0x08000c34   0x08000c34   0x000000b0   Code   RO         2348    .text.HAL_CRYP_Encrypt  stm32wlxx_hal_cryp.o
    0x08000ce4   0x08000ce4   0x00000002   Code   RO         2380    .text.HAL_CRYP_ErrorCallback  stm32wlxx_hal_cryp.o
    0x08000ce6   0x08000ce6   0x00000002   PAD
    0x08000ce8   0x08000ce8   0x00000040   Code   RO         2322    .text.HAL_CRYP_Init  stm32wlxx_hal_cryp.o
    0x08000d28   0x08000d28   0x0000002c   Code   RO           58    .text.HAL_CRYP_MspInit  subghz_phy_app.o
    0x08000d54   0x08000d54   0x00000008   Code   RO          755    .text.HAL_DBGMCU_EnableDBGSleepMode  stm32wlxx_hal.o
    0x08000d5c   0x08000d5c   0x0000000c   Code   RO          763    .text.HAL_DBGMCU_EnableDBGStandbyMode  stm32wlxx_hal.o
    0x08000d68   0x08000d68   0x0000000c   Code   RO          759    .text.HAL_DBGMCU_EnableDBGStopMode  stm32wlxx_hal.o
    0x08000d74   0x08000d74   0x0000006a   Code   RO          973    .text.HAL_DMA_Abort  stm32wlxx_hal_dma.o
    0x08000dde   0x08000dde   0x00000066   Code   RO          975    .text.HAL_DMA_Abort_IT  stm32wlxx_hal_dma.o
    0x08000e44   0x08000e44   0x00000020   Code   RO          989    .text.HAL_DMA_ConfigChannelAttributes  stm32wlxx_hal_dma.o
    0x08000e64   0x08000e64   0x000000a4   Code   RO          965    .text.HAL_DMA_DeInit  stm32wlxx_hal_dma.o
    0x08000f08   0x08000f08   0x0000009c   Code   RO          979    .text.HAL_DMA_IRQHandler  stm32wlxx_hal_dma.o
    0x08000fa4   0x08000fa4   0x000000bc   Code   RO          959    .text.HAL_DMA_Init  stm32wlxx_hal_dma.o
    0x08001060   0x08001060   0x00000080   Code   RO          971    .text.HAL_DMA_Start_IT  stm32wlxx_hal_dma.o
    0x080010e0   0x080010e0   0x0000000c   Code   RO          392    .text.HAL_Delay     sys_app.o
    0x080010ec   0x080010ec   0x000000ac   Code   RO         1082    .text.HAL_FLASHEx_Erase  stm32wlxx_hal_flash_ex.o
    0x08001198   0x08001198   0x00000008   Code   RO         1069    .text.HAL_FLASH_GetError  stm32wlxx_hal_flash.o
    0x080011a0   0x080011a0   0x00000014   Code   RO         1061    .text.HAL_FLASH_Lock  stm32wlxx_hal_flash.o
    0x080011b4   0x080011b4   0x0000006c   Code   RO         1045    .text.HAL_FLASH_Program  stm32wlxx_hal_flash.o
    0x08001220   0x08001220   0x00000028   Code   RO         1059    .text.HAL_FLASH_Unlock  stm32wlxx_hal_flash.o
    0x08001248   0x08001248   0x000000ec   Code   RO         1124    .text.HAL_GPIO_DeInit  stm32wlxx_hal_gpio.o
    0x08001334   0x08001334   0x00000170   Code   RO         1122    .text.HAL_GPIO_Init  stm32wlxx_hal_gpio.o
    0x080014a4   0x080014a4   0x00000010   Code   RO         1130    .text.HAL_GPIO_TogglePin  stm32wlxx_hal_gpio.o
    0x080014b4   0x080014b4   0x0000000c   Code   RO         1128    .text.HAL_GPIO_WritePin  stm32wlxx_hal_gpio.o
    0x080014c0   0x080014c0   0x00000004   Code   RO          390    .text.HAL_GetTick   sys_app.o
    0x080014c4   0x080014c4   0x0000000c   Code   RO          749    .text.HAL_GetUIDw0  stm32wlxx_hal.o
    0x080014d0   0x080014d0   0x0000000c   Code   RO          751    .text.HAL_GetUIDw1  stm32wlxx_hal.o
    0x080014dc   0x080014dc   0x00000040   Code   RO         2302    .text.HAL_I2CEx_ConfigAnalogFilter  stm32wlxx_hal_i2c_ex.o
    0x0800151c   0x0800151c   0x0000003e   Code   RO         2304    .text.HAL_I2CEx_ConfigDigitalFilter  stm32wlxx_hal_i2c_ex.o
    0x0800155a   0x0800155a   0x00000002   PAD
    0x0800155c   0x0800155c   0x00000094   Code   RO         1966    .text.HAL_I2C_Init  stm32wlxx_hal_i2c.o
    0x080015f0   0x080015f0   0x000000c0   Code   RO         1984    .text.HAL_I2C_Master_Receive  stm32wlxx_hal_i2c.o
    0x080016b0   0x080016b0   0x000000c4   Code   RO         1974    .text.HAL_I2C_Master_Transmit  stm32wlxx_hal_i2c.o
    0x08001774   0x08001774   0x0000007c   Code   RO          183    .text.HAL_I2C_MspInit  main.o
    0x080017f0   0x080017f0   0x00000018   Code   RO          727    .text.HAL_IncTick   stm32wlxx_hal.o
    0x08001808   0x08001808   0x00000024   Code   RO          717    .text.HAL_Init      stm32wlxx_hal.o
    0x0800182c   0x0800182c   0x00000004   Code   RO          388    .text.HAL_InitTick  sys_app.o
    0x08001830   0x08001830   0x00000002   Code   RO          320    .text.HAL_MspInit   stm32wlxx_hal_msp.o
    0x08001832   0x08001832   0x00000002   PAD
    0x08001834   0x08001834   0x00000024   Code   RO          917    .text.HAL_NVIC_DisableIRQ  stm32wlxx_hal_cortex.o
    0x08001858   0x08001858   0x0000001c   Code   RO          915    .text.HAL_NVIC_EnableIRQ  stm32wlxx_hal_cortex.o
    0x08001874   0x08001874   0x0000004c   Code   RO          913    .text.HAL_NVIC_SetPriority  stm32wlxx_hal_cortex.o
    0x080018c0   0x080018c0   0x00000020   Code   RO          911    .text.HAL_NVIC_SetPriorityGrouping  stm32wlxx_hal_cortex.o
    0x080018e0   0x080018e0   0x0000003c   Code   RO         1254    .text.HAL_PWREx_DisableLowPowerRunMode  stm32wlxx_hal_pwr_ex.o
    0x0800191c   0x0800191c   0x00000008   Code   RO         1252    .text.HAL_PWREx_EnableLowPowerRunMode  stm32wlxx_hal_pwr_ex.o
    0x08001924   0x08001924   0x00000028   Code   RO         1260    .text.HAL_PWREx_EnterSTOP2Mode  stm32wlxx_hal_pwr_ex.o
    0x0800194c   0x0800194c   0x0000000c   Code   RO         1186    .text.HAL_PWREx_GetVoltageRange  stm32wlxx_hal_pwr_ex.o
    0x08001958   0x08001958   0x00000010   Code   RO         1148    .text.HAL_PWR_EnableBkUpAccess  stm32wlxx_hal_pwr.o
    0x08001968   0x08001968   0x00000044   Code   RO         1162    .text.HAL_PWR_EnterSLEEPMode  stm32wlxx_hal_pwr.o
    0x080019ac   0x080019ac   0x0000015c   Code   RO         1345    .text.HAL_RCCEx_PeriphCLKConfig  stm32wlxx_hal_rcc_ex.o
    0x08001b08   0x08001b08   0x000001e4   Code   RO         1296    .text.HAL_RCC_ClockConfig  stm32wlxx_hal_rcc.o
    0x08001cec   0x08001cec   0x00000020   Code   RO         1294    .text.HAL_RCC_GetHCLKFreq  stm32wlxx_hal_rcc.o
    0x08001d0c   0x08001d0c   0x00000018   Code   RO         1306    .text.HAL_RCC_GetPCLK1Freq  stm32wlxx_hal_rcc.o
    0x08001d24   0x08001d24   0x0000001c   Code   RO         1308    .text.HAL_RCC_GetPCLK2Freq  stm32wlxx_hal_rcc.o
    0x08001d40   0x08001d40   0x000000e8   Code   RO         1300    .text.HAL_RCC_GetSysClockFreq  stm32wlxx_hal_rcc.o
    0x08001e28   0x08001e28   0x00000050   Code   RO         1298    .text.HAL_RCC_MCOConfig  stm32wlxx_hal_rcc.o
    0x08001e78   0x08001e78   0x00000544   Code   RO         1290    .text.HAL_RCC_OscConfig  stm32wlxx_hal_rcc.o
    0x080023bc   0x080023bc   0x00000002   Code   RO         2567    .text.HAL_RNG_ErrorCallback  stm32wlxx_hal_rng.o
    0x080023be   0x080023be   0x00000092   Code   RO         2559    .text.HAL_RNG_GenerateRandomNumber  stm32wlxx_hal_rng.o
    0x08002450   0x08002450   0x000000d0   Code   RO         2551    .text.HAL_RNG_Init  stm32wlxx_hal_rng.o
    0x08002520   0x08002520   0x00000050   Code   RO          537    .text.HAL_RNG_MspInit  rd_flash.o
    0x08002570   0x08002570   0x00000002   Code   RO         1539    .text.HAL_RTCEx_AlarmBEventCallback  stm32wlxx_hal_rtc_ex.o
    0x08002572   0x08002572   0x00000002   PAD
    0x08002574   0x08002574   0x00000008   Code   RO         1577    .text.HAL_RTCEx_BKUPRead  stm32wlxx_hal_rtc_ex.o
    0x0800257c   0x0800257c   0x0000000c   Code   RO         1575    .text.HAL_RTCEx_BKUPWrite  stm32wlxx_hal_rtc_ex.o
    0x08002588   0x08002588   0x00000024   Code   RO         1523    .text.HAL_RTCEx_EnableBypassShadow  stm32wlxx_hal_rtc_ex.o
    0x080025ac   0x080025ac   0x00000010   Code   RO          281    .text.HAL_RTCEx_SSRUEventCallback  timer_if.o
    0x080025bc   0x080025bc   0x0000001c   Code   RO         1535    .text.HAL_RTCEx_SSRUIRQHandler  stm32wlxx_hal_rtc_ex.o
    0x080025d8   0x080025d8   0x00000034   Code   RO         1531    .text.HAL_RTCEx_SetSSRU_IT  stm32wlxx_hal_rtc_ex.o
    0x0800260c   0x0800260c   0x00000004   Code   RO          279    .text.HAL_RTC_AlarmAEventCallback  timer_if.o
    0x08002610   0x08002610   0x00000034   Code   RO         1435    .text.HAL_RTC_AlarmIRQHandler  stm32wlxx_hal_rtc.o
    0x08002644   0x08002644   0x00000060   Code   RO         1431    .text.HAL_RTC_DeactivateAlarm  stm32wlxx_hal_rtc.o
    0x080026a4   0x080026a4   0x0000008c   Code   RO         1393    .text.HAL_RTC_Init  stm32wlxx_hal_rtc.o
    0x08002730   0x08002730   0x00000078   Code   RO          232    .text.HAL_RTC_MspInit  rtc.o
    0x080027a8   0x080027a8   0x000000b8   Code   RO         1429    .text.HAL_RTC_SetAlarm_IT  stm32wlxx_hal_rtc.o
    0x08002860   0x08002860   0x00000034   Code   RO         1441    .text.HAL_RTC_WaitForSynchro  stm32wlxx_hal_rtc.o
    0x08002894   0x08002894   0x0000000c   Code   RO          741    .text.HAL_ResumeTick  stm32wlxx_hal.o
    0x080028a0   0x080028a0   0x0000001c   Code   RO         2824    .text.HAL_SUBGHZ_CADStatusCallback  radio_driver.o
    0x080028bc   0x080028bc   0x00000008   Code   RO         2822    .text.HAL_SUBGHZ_CRCErrorCallback  radio_driver.o
    0x080028c4   0x080028c4   0x00000054   Code   RO         1639    .text.HAL_SUBGHZ_ExecGetCmd  stm32wlxx_hal_subghz.o
    0x08002918   0x08002918   0x00000074   Code   RO         1637    .text.HAL_SUBGHZ_ExecSetCmd  stm32wlxx_hal_subghz.o
    0x0800298c   0x0800298c   0x00000008   Code   RO         2828    .text.HAL_SUBGHZ_HeaderErrorCallback  radio_driver.o
    0x08002994   0x08002994   0x00000008   Code   RO         2834    .text.HAL_SUBGHZ_HeaderValidCallback  radio_driver.o
    0x0800299c   0x0800299c   0x0000008e   Code   RO         1645    .text.HAL_SUBGHZ_IRQHandler  stm32wlxx_hal_subghz.o
    0x08002a2a   0x08002a2a   0x00000002   PAD
    0x08002a2c   0x08002a2c   0x000000a0   Code   RO         1609    .text.HAL_SUBGHZ_Init  stm32wlxx_hal_subghz.o
    0x08002acc   0x08002acc   0x00000030   Code   RO          365    .text.HAL_SUBGHZ_MspInit  subghz.o
    0x08002afc   0x08002afc   0x00000008   Code   RO         2830    .text.HAL_SUBGHZ_PreambleDetectedCallback  radio_driver.o
    0x08002b04   0x08002b04   0x00000054   Code   RO         1643    .text.HAL_SUBGHZ_ReadBuffer  stm32wlxx_hal_subghz.o
    0x08002b58   0x08002b58   0x0000005c   Code   RO         1629    .text.HAL_SUBGHZ_ReadRegisters  stm32wlxx_hal_subghz.o
    0x08002bb4   0x08002bb4   0x00000008   Code   RO         2820    .text.HAL_SUBGHZ_RxCpltCallback  radio_driver.o
    0x08002bbc   0x08002bbc   0x0000000c   Code   RO         2826    .text.HAL_SUBGHZ_RxTxTimeoutCallback  radio_driver.o
    0x08002bc8   0x08002bc8   0x00000008   Code   RO         2832    .text.HAL_SUBGHZ_SyncWordValidCallback  radio_driver.o
    0x08002bd0   0x08002bd0   0x0000000c   Code   RO         2818    .text.HAL_SUBGHZ_TxCpltCallback  radio_driver.o
    0x08002bdc   0x08002bdc   0x00000054   Code   RO         1641    .text.HAL_SUBGHZ_WriteBuffer  stm32wlxx_hal_subghz.o
    0x08002c30   0x08002c30   0x0000006c   Code   RO         1621    .text.HAL_SUBGHZ_WriteRegisters  stm32wlxx_hal_subghz.o
    0x08002c9c   0x08002c9c   0x0000000c   Code   RO          739    .text.HAL_SuspendTick  stm32wlxx_hal.o
    0x08002ca8   0x08002ca8   0x00000044   Code   RO         1931    .text.HAL_UARTEx_EnableFifoMode  stm32wlxx_hal_uart_ex.o
    0x08002cec   0x08002cec   0x00000020   Code   RO         1927    .text.HAL_UARTEx_EnableStopMode  stm32wlxx_hal_uart_ex.o
    0x08002d0c   0x08002d0c   0x00000002   Code   RO         1789    .text.HAL_UARTEx_RxEventCallback  stm32wlxx_hal_uart.o
    0x08002d0e   0x08002d0e   0x00000002   Code   RO         1919    .text.HAL_UARTEx_RxFifoFullCallback  stm32wlxx_hal_uart_ex.o
    0x08002d10   0x08002d10   0x0000001c   Code   RO         1939    .text.HAL_UARTEx_SetRxFifoThreshold  stm32wlxx_hal_uart_ex.o
    0x08002d2c   0x08002d2c   0x0000001c   Code   RO         1937    .text.HAL_UARTEx_SetTxFifoThreshold  stm32wlxx_hal_uart_ex.o
    0x08002d48   0x08002d48   0x0000007c   Code   RO         1925    .text.HAL_UARTEx_StopModeWakeUpSourceConfig  stm32wlxx_hal_uart_ex.o
    0x08002dc4   0x08002dc4   0x00000002   Code   RO         1921    .text.HAL_UARTEx_TxFifoEmptyCallback  stm32wlxx_hal_uart_ex.o
    0x08002dc6   0x08002dc6   0x00000002   Code   RO         1917    .text.HAL_UARTEx_WakeupCallback  stm32wlxx_hal_uart_ex.o
    0x08002dc8   0x08002dc8   0x00000002   Code   RO         1787    .text.HAL_UART_ErrorCallback  stm32wlxx_hal_uart.o
    0x08002dca   0x08002dca   0x00000002   PAD
    0x08002dcc   0x08002dcc   0x00000254   Code   RO         1783    .text.HAL_UART_IRQHandler  stm32wlxx_hal_uart.o
    0x08003020   0x08003020   0x0000003a   Code   RO         1695    .text.HAL_UART_Init  stm32wlxx_hal_uart.o
    0x0800305a   0x0800305a   0x00000002   PAD
    0x0800305c   0x0800305c   0x00000038   Code   RO          424    .text.HAL_UART_MspDeInit  usart.o
    0x08003094   0x08003094   0x000000d4   Code   RO          422    .text.HAL_UART_MspInit  usart.o
    0x08003168   0x08003168   0x00000030   Code   RO         1731    .text.HAL_UART_Receive_IT  stm32wlxx_hal_uart.o
    0x08003198   0x08003198   0x0000002c   Code   RO          450    .text.HAL_UART_RxCpltCallback  usart_if.o
    0x080031c4   0x080031c4   0x00000084   Code   RO         1735    .text.HAL_UART_Transmit_DMA  stm32wlxx_hal_uart.o
    0x08003248   0x08003248   0x0000000c   Code   RO          448    .text.HAL_UART_TxCpltCallback  usart_if.o
    0x08003254   0x08003254   0x00000002   Code   RO         1793    .text.HAL_UART_TxHalfCpltCallback  stm32wlxx_hal_uart.o
    0x08003256   0x08003256   0x00000002   Code   RO          330    .text.HardFault_Handler  stm32wlxx_it.o
    0x08003258   0x08003258   0x0000001c   Code   RO         2106    .text.I2C_Flush_TXDR  stm32wlxx_hal_i2c.o
    0x08003274   0x08003274   0x00000058   Code   RO         2122    .text.I2C_IsAcknowledgeFailed  stm32wlxx_hal_i2c.o
    0x080032cc   0x080032cc   0x00000028   Code   RO         1978    .text.I2C_TransferConfig  stm32wlxx_hal_i2c.o
    0x080032f4   0x080032f4   0x00000062   Code   RO         1976    .text.I2C_WaitOnFlagUntilTimeout  stm32wlxx_hal_i2c.o
    0x08003356   0x08003356   0x00000002   PAD
    0x08003358   0x08003358   0x0000006c   Code   RO         1986    .text.I2C_WaitOnRXNEFlagUntilTimeout  stm32wlxx_hal_i2c.o
    0x080033c4   0x080033c4   0x00000036   Code   RO         1982    .text.I2C_WaitOnSTOPFlagUntilTimeout  stm32wlxx_hal_i2c.o
    0x080033fa   0x080033fa   0x0000003c   Code   RO         1980    .text.I2C_WaitOnTXISFlagUntilTimeout  stm32wlxx_hal_i2c.o
    0x08003436   0x08003436   0x00000002   PAD
    0x08003438   0x08003438   0x0000001c   Code   RO          167    .text.LL_AHB1_GRP1_EnableClock  dma.o
    0x08003454   0x08003454   0x00000018   Code   RO           68    .text.LL_AHB2_GRP1_EnableClock  subghz_phy_app.o
    0x0800346c   0x0800346c   0x00000018   Code   RO          121    .text.LL_AHB2_GRP1_EnableClock  board_resources.o
    0x08003484   0x08003484   0x0000001c   Code   RO          191    .text.LL_AHB2_GRP1_EnableClock  main.o
    0x080034a0   0x080034a0   0x00000018   Code   RO          396    .text.LL_AHB2_GRP1_EnableClock  sys_app.o
    0x080034b8   0x080034b8   0x00000018   Code   RO          408    .text.LL_AHB2_GRP1_EnableClock  sys_debug.o
    0x080034d0   0x080034d0   0x00000020   Code   RO          603    .text.LL_AHB2_GRP1_EnableClock  radio_board_if.o
    0x080034f0   0x080034f0   0x00000020   Code   RO         1347    .text.LL_RCC_SetI2CClockSource  stm32wlxx_hal_rcc_ex.o
    0x08003510   0x08003510   0x00000022   Code   RO          165    .text.MX_DMA_Init   dma.o
    0x08003532   0x08003532   0x00000002   PAD
    0x08003534   0x08003534   0x00000074   Code   RO          230    .text.MX_RTC_Init   rtc.o
    0x080035a8   0x080035a8   0x0000001c   Code   RO          363    .text.MX_SUBGHZ_Init  subghz.o
    0x080035c4   0x080035c4   0x0000000e   Code   RO            3    .text.MX_SubGHz_Phy_Init  app_subghz_phy.o
    0x080035d2   0x080035d2   0x00000008   Code   RO            5    .text.MX_SubGHz_Phy_Process  app_subghz_phy.o
    0x080035da   0x080035da   0x00000002   PAD
    0x080035dc   0x080035dc   0x00000068   Code   RO          420    .text.MX_USART2_UART_Init  usart.o
    0x08003644   0x08003644   0x00000002   Code   RO          332    .text.MemManage_Handler  stm32wlxx_it.o
    0x08003646   0x08003646   0x00000002   Code   RO          328    .text.NMI_Handler   stm32wlxx_it.o
    0x08003648   0x08003648   0x0000000a   Code   RO           86    .text.OUTLINED_FUNCTION_0  subghz_phy_app.o
    0x08003652   0x08003652   0x00000010   Code   RO          285    .text.OUTLINED_FUNCTION_0  timer_if.o
    0x08003662   0x08003662   0x00000008   Code   RO          410    .text.OUTLINED_FUNCTION_0  sys_debug.o
    0x0800366a   0x0800366a   0x0000000c   Code   RO          557    .text.OUTLINED_FUNCTION_0  rd_flash.o
    0x08003676   0x08003676   0x00000008   Code   RO          617    .text.OUTLINED_FUNCTION_0  radio_board_if.o
    0x0800367e   0x0800367e   0x0000000a   Code   RO          787    .text.OUTLINED_FUNCTION_0  stm32wlxx_hal.o
    0x08003688   0x08003688   0x00000008   Code   RO         1071    .text.OUTLINED_FUNCTION_0  stm32wlxx_hal_flash.o
    0x08003690   0x08003690   0x00000008   Code   RO         1112    .text.OUTLINED_FUNCTION_0  stm32wlxx_hal_flash_ex.o
    0x08003698   0x08003698   0x0000000a   Code   RO         1268    .text.OUTLINED_FUNCTION_0  stm32wlxx_hal_pwr_ex.o
    0x080036a2   0x080036a2   0x00000028   Code   RO         1320    .text.OUTLINED_FUNCTION_0  stm32wlxx_hal_rcc.o
    0x080036ca   0x080036ca   0x00000014   Code   RO         1375    .text.OUTLINED_FUNCTION_0  stm32wlxx_hal_rcc_ex.o
    0x080036de   0x080036de   0x0000000c   Code   RO         1445    .text.OUTLINED_FUNCTION_0  stm32wlxx_hal_rtc.o
    0x080036ea   0x080036ea   0x00000010   Code   RO         1579    .text.OUTLINED_FUNCTION_0  stm32wlxx_hal_rtc_ex.o
    0x080036fa   0x080036fa   0x0000000e   Code   RO         1669    .text.OUTLINED_FUNCTION_0  stm32wlxx_hal_subghz.o
    0x08003708   0x08003708   0x00000016   Code   RO         1833    .text.OUTLINED_FUNCTION_0  stm32wlxx_hal_uart.o
    0x0800371e   0x0800371e   0x0000001c   Code   RO         1947    .text.OUTLINED_FUNCTION_0  stm32wlxx_hal_uart_ex.o
    0x0800373a   0x0800373a   0x00000016   Code   RO         2402    .text.OUTLINED_FUNCTION_0  stm32wlxx_hal_cryp.o
    0x08003750   0x08003750   0x0000000c   Code   RO         2577    .text.OUTLINED_FUNCTION_0  stm32wlxx_hal_rng.o
    0x0800375c   0x0800375c   0x00000010   Code   RO         2673    .text.OUTLINED_FUNCTION_0  radio.o
    0x0800376c   0x0800376c   0x00000006   Code   RO         2836    .text.OUTLINED_FUNCTION_0  radio_driver.o
    0x08003772   0x08003772   0x00000012   Code   RO         2897    .text.OUTLINED_FUNCTION_0  stm32_adv_trace.o
    0x08003784   0x08003784   0x0000000e   Code   RO           88    .text.OUTLINED_FUNCTION_1  subghz_phy_app.o
    0x08003792   0x08003792   0x0000000a   Code   RO          287    .text.OUTLINED_FUNCTION_1  timer_if.o
    0x0800379c   0x0800379c   0x0000000a   Code   RO          559    .text.OUTLINED_FUNCTION_1  rd_flash.o
    0x080037a6   0x080037a6   0x00000006   Code   RO         1322    .text.OUTLINED_FUNCTION_1  stm32wlxx_hal_rcc.o
    0x080037ac   0x080037ac   0x00000018   Code   RO         1447    .text.OUTLINED_FUNCTION_1  stm32wlxx_hal_rtc.o
    0x080037c4   0x080037c4   0x00000010   Code   RO         1671    .text.OUTLINED_FUNCTION_1  stm32wlxx_hal_subghz.o
    0x080037d4   0x080037d4   0x00000012   Code   RO         1835    .text.OUTLINED_FUNCTION_1  stm32wlxx_hal_uart.o
    0x080037e6   0x080037e6   0x00000012   Code   RO         1949    .text.OUTLINED_FUNCTION_1  stm32wlxx_hal_uart_ex.o
    0x080037f8   0x080037f8   0x00000008   Code   RO         2675    .text.OUTLINED_FUNCTION_1  radio.o
    0x08003800   0x08003800   0x0000000e   Code   RO         2838    .text.OUTLINED_FUNCTION_1  radio_driver.o
    0x0800380e   0x0800380e   0x00000006   Code   RO         1465    .text.OUTLINED_FUNCTION_10  stm32wlxx_hal_rtc.o
    0x08003814   0x08003814   0x0000000c   Code   RO         1599    .text.OUTLINED_FUNCTION_10  stm32wlxx_hal_rtc_ex.o
    0x08003820   0x08003820   0x0000000a   Code   RO         1467    .text.OUTLINED_FUNCTION_11  stm32wlxx_hal_rtc.o
    0x0800382a   0x0800382a   0x0000000e   Code   RO         1855    .text.OUTLINED_FUNCTION_11  stm32wlxx_hal_uart.o
    0x08003838   0x08003838   0x0000001a   Code   RO         2424    .text.OUTLINED_FUNCTION_11  stm32wlxx_hal_cryp.o
    0x08003852   0x08003852   0x00000020   Code   RO         2148    .text.OUTLINED_FUNCTION_12  stm32wlxx_hal_i2c.o
    0x08003872   0x08003872   0x00000016   Code   RO         1859    .text.OUTLINED_FUNCTION_13  stm32wlxx_hal_uart.o
    0x08003888   0x08003888   0x0000001e   Code   RO         2150    .text.OUTLINED_FUNCTION_13  stm32wlxx_hal_i2c.o
    0x080038a6   0x080038a6   0x0000000a   Code   RO         2428    .text.OUTLINED_FUNCTION_13  stm32wlxx_hal_cryp.o
    0x080038b0   0x080038b0   0x00000012   Code   RO         1863    .text.OUTLINED_FUNCTION_15  stm32wlxx_hal_uart.o
    0x080038c2   0x080038c2   0x00000012   Code   RO         1865    .text.OUTLINED_FUNCTION_16  stm32wlxx_hal_uart.o
    0x080038d4   0x080038d4   0x0000001c   Code   RO         2434    .text.OUTLINED_FUNCTION_16  stm32wlxx_hal_cryp.o
    0x080038f0   0x080038f0   0x00000012   Code   RO         1867    .text.OUTLINED_FUNCTION_17  stm32wlxx_hal_uart.o
    0x08003902   0x08003902   0x00000008   Code   RO         2436    .text.OUTLINED_FUNCTION_17  stm32wlxx_hal_cryp.o
    0x0800390a   0x0800390a   0x00000008   Code   RO         2160    .text.OUTLINED_FUNCTION_18  stm32wlxx_hal_i2c.o
    0x08003912   0x08003912   0x0000000e   Code   RO         2438    .text.OUTLINED_FUNCTION_18  stm32wlxx_hal_cryp.o
    0x08003920   0x08003920   0x0000001a   Code   RO         2440    .text.OUTLINED_FUNCTION_19  stm32wlxx_hal_cryp.o
    0x0800393a   0x0800393a   0x0000000a   Code   RO           90    .text.OUTLINED_FUNCTION_2  subghz_phy_app.o
    0x08003944   0x08003944   0x0000000a   Code   RO          561    .text.OUTLINED_FUNCTION_2  rd_flash.o
    0x0800394e   0x0800394e   0x0000000a   Code   RO          791    .text.OUTLINED_FUNCTION_2  stm32wlxx_hal.o
    0x08003958   0x08003958   0x0000000c   Code   RO         1324    .text.OUTLINED_FUNCTION_2  stm32wlxx_hal_rcc.o
    0x08003964   0x08003964   0x00000014   Code   RO         1449    .text.OUTLINED_FUNCTION_2  stm32wlxx_hal_rtc.o
    0x08003978   0x08003978   0x00000012   Code   RO         1673    .text.OUTLINED_FUNCTION_2  stm32wlxx_hal_subghz.o
    0x0800398a   0x0800398a   0x00000024   Code   RO         1837    .text.OUTLINED_FUNCTION_2  stm32wlxx_hal_uart.o
    0x080039ae   0x080039ae   0x00000012   Code   RO         2128    .text.OUTLINED_FUNCTION_2  stm32wlxx_hal_i2c.o
    0x080039c0   0x080039c0   0x00000034   Code   RO         2406    .text.OUTLINED_FUNCTION_2  stm32wlxx_hal_cryp.o
    0x080039f4   0x080039f4   0x00000006   Code   RO         2677    .text.OUTLINED_FUNCTION_2  radio.o
    0x080039fa   0x080039fa   0x00000012   Code   RO         1873    .text.OUTLINED_FUNCTION_20  stm32wlxx_hal_uart.o
    0x08003a0c   0x08003a0c   0x0000000e   Code   RO         1875    .text.OUTLINED_FUNCTION_21  stm32wlxx_hal_uart.o
    0x08003a1a   0x08003a1a   0x0000000a   Code   RO         2444    .text.OUTLINED_FUNCTION_21  stm32wlxx_hal_cryp.o
    0x08003a24   0x08003a24   0x0000000c   Code   RO         1877    .text.OUTLINED_FUNCTION_22  stm32wlxx_hal_uart.o
    0x08003a30   0x08003a30   0x0000000e   Code   RO         2170    .text.OUTLINED_FUNCTION_23  stm32wlxx_hal_i2c.o
    0x08003a3e   0x08003a3e   0x00000012   Code   RO         2448    .text.OUTLINED_FUNCTION_23  stm32wlxx_hal_cryp.o
    0x08003a50   0x08003a50   0x00000010   Code   RO         1881    .text.OUTLINED_FUNCTION_24  stm32wlxx_hal_uart.o
    0x08003a60   0x08003a60   0x00000008   Code   RO         1885    .text.OUTLINED_FUNCTION_26  stm32wlxx_hal_uart.o
    0x08003a68   0x08003a68   0x0000000e   Code   RO         2176    .text.OUTLINED_FUNCTION_26  stm32wlxx_hal_i2c.o
    0x08003a76   0x08003a76   0x0000001a   Code   RO         2454    .text.OUTLINED_FUNCTION_26  stm32wlxx_hal_cryp.o
    0x08003a90   0x08003a90   0x0000000e   Code   RO         1887    .text.OUTLINED_FUNCTION_27  stm32wlxx_hal_uart.o
    0x08003a9e   0x08003a9e   0x0000000e   Code   RO         2178    .text.OUTLINED_FUNCTION_27  stm32wlxx_hal_i2c.o
    0x08003aac   0x08003aac   0x0000000e   Code   RO         2456    .text.OUTLINED_FUNCTION_27  stm32wlxx_hal_cryp.o
    0x08003aba   0x08003aba   0x0000000e   Code   RO         2458    .text.OUTLINED_FUNCTION_28  stm32wlxx_hal_cryp.o
    0x08003ac8   0x08003ac8   0x00000014   Code   RO         2460    .text.OUTLINED_FUNCTION_29  stm32wlxx_hal_cryp.o
    0x08003adc   0x08003adc   0x0000000a   Code   RO          793    .text.OUTLINED_FUNCTION_3  stm32wlxx_hal.o
    0x08003ae6   0x08003ae6   0x00000010   Code   RO         1326    .text.OUTLINED_FUNCTION_3  stm32wlxx_hal_rcc.o
    0x08003af6   0x08003af6   0x0000000e   Code   RO         1675    .text.OUTLINED_FUNCTION_3  stm32wlxx_hal_subghz.o
    0x08003b04   0x08003b04   0x00000020   Code   RO         1839    .text.OUTLINED_FUNCTION_3  stm32wlxx_hal_uart.o
    0x08003b24   0x08003b24   0x0000000a   Code   RO         1953    .text.OUTLINED_FUNCTION_3  stm32wlxx_hal_uart_ex.o
    0x08003b2e   0x08003b2e   0x00000034   Code   RO         2408    .text.OUTLINED_FUNCTION_3  stm32wlxx_hal_cryp.o
    0x08003b62   0x08003b62   0x0000000c   Code   RO         2679    .text.OUTLINED_FUNCTION_3  radio.o
    0x08003b6e   0x08003b6e   0x0000000a   Code   RO         1893    .text.OUTLINED_FUNCTION_30  stm32wlxx_hal_uart.o
    0x08003b78   0x08003b78   0x00000008   Code   RO         2462    .text.OUTLINED_FUNCTION_30  stm32wlxx_hal_cryp.o
    0x08003b80   0x08003b80   0x0000000e   Code   RO         1897    .text.OUTLINED_FUNCTION_32  stm32wlxx_hal_uart.o
    0x08003b8e   0x08003b8e   0x0000000e   Code   RO         1899    .text.OUTLINED_FUNCTION_33  stm32wlxx_hal_uart.o
    0x08003b9c   0x08003b9c   0x00000006   Code   RO         1901    .text.OUTLINED_FUNCTION_34  stm32wlxx_hal_uart.o
    0x08003ba2   0x08003ba2   0x00000006   Code   RO         1903    .text.OUTLINED_FUNCTION_35  stm32wlxx_hal_uart.o
    0x08003ba8   0x08003ba8   0x00000006   Code   RO         2202    .text.OUTLINED_FUNCTION_39  stm32wlxx_hal_i2c.o
    0x08003bae   0x08003bae   0x00000010   Code   RO         2480    .text.OUTLINED_FUNCTION_39  stm32wlxx_hal_cryp.o
    0x08003bbe   0x08003bbe   0x00000008   Code   RO         1328    .text.OUTLINED_FUNCTION_4  stm32wlxx_hal_rcc.o
    0x08003bc6   0x08003bc6   0x0000000e   Code   RO         1383    .text.OUTLINED_FUNCTION_4  stm32wlxx_hal_rcc_ex.o
    0x08003bd4   0x08003bd4   0x00000012   Code   RO         1453    .text.OUTLINED_FUNCTION_4  stm32wlxx_hal_rtc.o
    0x08003be6   0x08003be6   0x00000012   Code   RO         1677    .text.OUTLINED_FUNCTION_4  stm32wlxx_hal_subghz.o
    0x08003bf8   0x08003bf8   0x0000000c   Code   RO         1841    .text.OUTLINED_FUNCTION_4  stm32wlxx_hal_uart.o
    0x08003c04   0x08003c04   0x0000000a   Code   RO         1955    .text.OUTLINED_FUNCTION_4  stm32wlxx_hal_uart_ex.o
    0x08003c0e   0x08003c0e   0x00000008   Code   RO         2132    .text.OUTLINED_FUNCTION_4  stm32wlxx_hal_i2c.o
    0x08003c16   0x08003c16   0x00000042   Code   RO         2410    .text.OUTLINED_FUNCTION_4  stm32wlxx_hal_cryp.o
    0x08003c58   0x08003c58   0x0000000c   Code   RO         2681    .text.OUTLINED_FUNCTION_4  radio.o
    0x08003c64   0x08003c64   0x0000000a   Code   RO         2204    .text.OUTLINED_FUNCTION_40  stm32wlxx_hal_i2c.o
    0x08003c6e   0x08003c6e   0x00000010   Code   RO         2482    .text.OUTLINED_FUNCTION_40  stm32wlxx_hal_cryp.o
    0x08003c7e   0x08003c7e   0x00000010   Code   RO         2486    .text.OUTLINED_FUNCTION_42  stm32wlxx_hal_cryp.o
    0x08003c8e   0x08003c8e   0x00000008   Code   RO         2488    .text.OUTLINED_FUNCTION_43  stm32wlxx_hal_cryp.o
    0x08003c96   0x08003c96   0x00000008   Code   RO         2490    .text.OUTLINED_FUNCTION_44  stm32wlxx_hal_cryp.o
    0x08003c9e   0x08003c9e   0x00000008   Code   RO         2492    .text.OUTLINED_FUNCTION_45  stm32wlxx_hal_cryp.o
    0x08003ca6   0x08003ca6   0x00000012   Code   RO         2216    .text.OUTLINED_FUNCTION_46  stm32wlxx_hal_i2c.o
    0x08003cb8   0x08003cb8   0x00000010   Code   RO         2494    .text.OUTLINED_FUNCTION_46  stm32wlxx_hal_cryp.o
    0x08003cc8   0x08003cc8   0x00000008   Code   RO         2498    .text.OUTLINED_FUNCTION_48  stm32wlxx_hal_cryp.o
    0x08003cd0   0x08003cd0   0x0000000e   Code   RO         2500    .text.OUTLINED_FUNCTION_49  stm32wlxx_hal_cryp.o
    0x08003cde   0x08003cde   0x0000000a   Code   RO         1278    .text.OUTLINED_FUNCTION_5  stm32wlxx_hal_pwr_ex.o
    0x08003ce8   0x08003ce8   0x00000006   Code   RO         1330    .text.OUTLINED_FUNCTION_5  stm32wlxx_hal_rcc.o
    0x08003cee   0x08003cee   0x0000000e   Code   RO         1455    .text.OUTLINED_FUNCTION_5  stm32wlxx_hal_rtc.o
    0x08003cfc   0x08003cfc   0x00000010   Code   RO         1679    .text.OUTLINED_FUNCTION_5  stm32wlxx_hal_subghz.o
    0x08003d0c   0x08003d0c   0x00000008   Code   RO         2683    .text.OUTLINED_FUNCTION_5  radio.o
    0x08003d14   0x08003d14   0x0000000e   Code   RO         2506    .text.OUTLINED_FUNCTION_52  stm32wlxx_hal_cryp.o
    0x08003d22   0x08003d22   0x00000008   Code   RO         2230    .text.OUTLINED_FUNCTION_53  stm32wlxx_hal_i2c.o
    0x08003d2a   0x08003d2a   0x00000012   Code   RO         2236    .text.OUTLINED_FUNCTION_56  stm32wlxx_hal_i2c.o
    0x08003d3c   0x08003d3c   0x00000016   Code   RO         2514    .text.OUTLINED_FUNCTION_56  stm32wlxx_hal_cryp.o
    0x08003d52   0x08003d52   0x0000000e   Code   RO         2238    .text.OUTLINED_FUNCTION_57  stm32wlxx_hal_i2c.o
    0x08003d60   0x08003d60   0x00000008   Code   RO         1332    .text.OUTLINED_FUNCTION_6  stm32wlxx_hal_rcc.o
    0x08003d68   0x08003d68   0x00000010   Code   RO         1457    .text.OUTLINED_FUNCTION_6  stm32wlxx_hal_rtc.o
    0x08003d78   0x08003d78   0x00000006   Code   RO         1681    .text.OUTLINED_FUNCTION_6  stm32wlxx_hal_subghz.o
    0x08003d7e   0x08003d7e   0x0000000e   Code   RO         2685    .text.OUTLINED_FUNCTION_6  radio.o
    0x08003d8c   0x08003d8c   0x0000000e   Code   RO         2522    .text.OUTLINED_FUNCTION_60  stm32wlxx_hal_cryp.o
    0x08003d9a   0x08003d9a   0x00000006   Code   RO         2256    .text.OUTLINED_FUNCTION_66  stm32wlxx_hal_i2c.o
    0x08003da0   0x08003da0   0x00000010   Code   RO         1459    .text.OUTLINED_FUNCTION_7  stm32wlxx_hal_rtc.o
    0x08003db0   0x08003db0   0x00000008   Code   RO         1683    .text.OUTLINED_FUNCTION_7  stm32wlxx_hal_subghz.o
    0x08003db8   0x08003db8   0x0000001c   Code   RO         1847    .text.OUTLINED_FUNCTION_7  stm32wlxx_hal_uart.o
    0x08003dd4   0x08003dd4   0x00000006   Code   RO         2687    .text.OUTLINED_FUNCTION_7  radio.o
    0x08003dda   0x08003dda   0x00000006   Code   RO         2264    .text.OUTLINED_FUNCTION_70  stm32wlxx_hal_i2c.o
    0x08003de0   0x08003de0   0x00000010   Code   RO         1461    .text.OUTLINED_FUNCTION_8  stm32wlxx_hal_rtc.o
    0x08003df0   0x08003df0   0x00000008   Code   RO         1685    .text.OUTLINED_FUNCTION_8  stm32wlxx_hal_subghz.o
    0x08003df8   0x08003df8   0x0000000c   Code   RO         1849    .text.OUTLINED_FUNCTION_8  stm32wlxx_hal_uart.o
    0x08003e04   0x08003e04   0x00000036   Code   RO         2418    .text.OUTLINED_FUNCTION_8  stm32wlxx_hal_cryp.o
    0x08003e3a   0x08003e3a   0x00000006   Code   RO         2689    .text.OUTLINED_FUNCTION_8  radio.o
    0x08003e40   0x08003e40   0x0000000e   Code   RO         1463    .text.OUTLINED_FUNCTION_9  stm32wlxx_hal_rtc.o
    0x08003e4e   0x08003e4e   0x0000000a   Code   RO         2691    .text.OUTLINED_FUNCTION_9  radio.o
    0x08003e58   0x08003e58   0x00000038   Code   RO           46    .text.OnRxDone      subghz_phy_app.o
    0x08003e90   0x08003e90   0x0000001c   Code   RO           52    .text.OnRxError     subghz_phy_app.o
    0x08003eac   0x08003eac   0x0000001c   Code   RO           50    .text.OnRxTimeout   subghz_phy_app.o
    0x08003ec8   0x08003ec8   0x0000001c   Code   RO           44    .text.OnTxDone      subghz_phy_app.o
    0x08003ee4   0x08003ee4   0x0000001c   Code   RO           48    .text.OnTxTimeout   subghz_phy_app.o
    0x08003f00   0x08003f00   0x00000002   Code   RO          308    .text.PWR_EnterOffMode  stm32_lpm_if.o
    0x08003f02   0x08003f02   0x00000012   Code   RO          300    .text.PWR_EnterSleepMode  stm32_lpm_if.o
    0x08003f14   0x08003f14   0x0000001c   Code   RO          304    .text.PWR_EnterStopMode  stm32_lpm_if.o
    0x08003f30   0x08003f30   0x00000002   Code   RO          310    .text.PWR_ExitOffMode  stm32_lpm_if.o
    0x08003f32   0x08003f32   0x00000004   Code   RO          302    .text.PWR_ExitSleepMode  stm32_lpm_if.o
    0x08003f36   0x08003f36   0x0000000e   Code   RO          306    .text.PWR_ExitStopMode  stm32_lpm_if.o
    0x08003f44   0x08003f44   0x00000002   Code   RO          342    .text.PendSV_Handler  stm32wlxx_it.o
    0x08003f46   0x08003f46   0x00000002   PAD
    0x08003f48   0x08003f48   0x00000164   Code   RO           54    .text.PingPong_Process  subghz_phy_app.o
    0x080040ac   0x080040ac   0x00000064   Code   RO          607    .text.RBI_ConfigRFSwitch  radio_board_if.o
    0x08004110   0x08004110   0x00000004   Code   RO          609    .text.RBI_GetTxConfig  radio_board_if.o
    0x08004114   0x08004114   0x00000004   Code   RO          611    .text.RBI_GetWakeUpTime  radio_board_if.o
    0x08004118   0x08004118   0x00000068   Code   RO          601    .text.RBI_Init      radio_board_if.o
    0x08004180   0x08004180   0x00000004   Code   RO          615    .text.RBI_IsDCDC    radio_board_if.o
    0x08004184   0x08004184   0x00000004   Code   RO          613    .text.RBI_IsTCXO    radio_board_if.o
    0x08004188   0x08004188   0x000000a4   Code   RO         1292    .text.RCC_SetFlashLatencyFromMSIRange  stm32wlxx_hal_rcc.o
    0x0800422c   0x0800422c   0x00000038   Code   RO           56    .text.RD_AES_Init   subghz_phy_app.o
    0x08004264   0x08004264   0x00000058   Code   RO          181    .text.RD_MX_I2C3_Init  main.o
    0x080042bc   0x080042bc   0x00000028   Code   RO          535    .text.RD_RNG_Init   rd_flash.o
    0x080042e4   0x080042e4   0x00000080   Code   RO          467    .text.RD_sht30_caculate_data  sht30_sensor.o
    0x08004364   0x08004364   0x0000003e   Code   RO          465    .text.RD_sht30_crc_check  sht30_sensor.o
    0x080043a2   0x080043a2   0x00000082   Code   RO         2561    .text.RNG_RecoverSeedError  stm32wlxx_hal_rng.o
    0x08004424   0x08004424   0x0000000c   Code   RO          352    .text.RTC_Alarm_IRQHandler  stm32wlxx_it.o
    0x08004430   0x08004430   0x00000024   Code   RO         1407    .text.RTC_ByteToBcd2  stm32wlxx_hal_rtc.o
    0x08004454   0x08004454   0x00000050   Code   RO         1397    .text.RTC_EnterInitMode  stm32wlxx_hal_rtc.o
    0x080044a4   0x080044a4   0x0000004c   Code   RO         1399    .text.RTC_ExitInitMode  stm32wlxx_hal_rtc.o
    0x080044f0   0x080044f0   0x00000004   Code   RO         2619    .text.RadioCheckRfFrequency  radio.o
    0x080044f4   0x080044f4   0x00000024   Code   RO         2665    .text.RadioGetFskBandwidthRegValue  radio.o
    0x08004518   0x08004518   0x00000028   Code   RO         2605    .text.RadioGetStatus  radio.o
    0x08004540   0x08004540   0x0000000a   Code   RO         2649    .text.RadioGetWakeupTime  radio.o
    0x0800454a   0x0800454a   0x00000002   PAD
    0x0800454c   0x0800454c   0x0000007c   Code   RO         2603    .text.RadioInit     radio.o
    0x080045c8   0x080045c8   0x00000160   Code   RO         2651    .text.RadioIrqProcess  radio.o
    0x08004728   0x08004728   0x00000082   Code   RO         2611    .text.RadioIsChannelFree  radio.o
    0x080047aa   0x080047aa   0x00000002   PAD
    0x080047ac   0x080047ac   0x0000000c   Code   RO         2667    .text.RadioOnDioIrq  radio.o
    0x080047b8   0x080047b8   0x00000018   Code   RO         2671    .text.RadioOnRxTimeoutIrq  radio.o
    0x080047d0   0x080047d0   0x0000001c   Code   RO         2669    .text.RadioOnTxTimeoutIrq  radio.o
    0x080047ec   0x080047ec   0x00000016   Code   RO         2613    .text.RadioRandom   radio.o
    0x08004802   0x08004802   0x00000004   Code   RO         2639    .text.RadioRead     radio.o
    0x08004806   0x08004806   0x00000004   Code   RO         2643    .text.RadioReadRegisters  radio.o
    0x0800480a   0x0800480a   0x00000008   Code   RO         2635    .text.RadioRssi     radio.o
    0x08004812   0x08004812   0x00000002   PAD
    0x08004814   0x08004814   0x0000003c   Code   RO         2629    .text.RadioRx       radio.o
    0x08004850   0x08004850   0x0000003c   Code   RO         2653    .text.RadioRxBoosted  radio.o
    0x0800488c   0x0800488c   0x0000015c   Code   RO         2623    .text.RadioSend     radio.o
    0x080049e8   0x080049e8   0x00000004   Code   RO         2609    .text.RadioSetChannel  radio.o
    0x080049ec   0x080049ec   0x00000028   Code   RO         2645    .text.RadioSetMaxPayloadLength  radio.o
    0x08004a14   0x08004a14   0x0000004c   Code   RO         2607    .text.RadioSetModem  radio.o
    0x08004a60   0x08004a60   0x00000038   Code   RO         2647    .text.RadioSetPublicNetwork  radio.o
    0x08004a98   0x08004a98   0x0000028c   Code   RO         2615    .text.RadioSetRxConfig  radio.o
    0x08004d24   0x08004d24   0x00000024   Code   RO         2655    .text.RadioSetRxDutyCycle  radio.o
    0x08004d48   0x08004d48   0x000001a0   Code   RO         2661    .text.RadioSetRxGenericConfig  radio.o
    0x08004ee8   0x08004ee8   0x00000198   Code   RO         2617    .text.RadioSetTxConfig  radio.o
    0x08005080   0x08005080   0x0000003c   Code   RO         2633    .text.RadioSetTxContinuousWave  radio.o
    0x080050bc   0x080050bc   0x00000160   Code   RO         2663    .text.RadioSetTxGenericConfig  radio.o
    0x0800521c   0x0800521c   0x00000012   Code   RO         2625    .text.RadioSleep    radio.o
    0x0800522e   0x0800522e   0x00000006   Code   RO         2627    .text.RadioStandby  radio.o
    0x08005234   0x08005234   0x00000016   Code   RO         2631    .text.RadioStartCad  radio.o
    0x0800524a   0x0800524a   0x00000002   PAD
    0x0800524c   0x0800524c   0x00000124   Code   RO         2621    .text.RadioTimeOnAir  radio.o
    0x08005370   0x08005370   0x00000014   Code   RO         2659    .text.RadioTxCw     radio.o
    0x08005384   0x08005384   0x00000030   Code   RO         2657    .text.RadioTxPrbs   radio.o
    0x080053b4   0x080053b4   0x00000004   Code   RO         2637    .text.RadioWrite    radio.o
    0x080053b8   0x080053b8   0x00000004   Code   RO         2641    .text.RadioWriteRegisters  radio.o
    0x080053bc   0x080053bc   0x0000002a   Code   RO         2710    .text.Radio_SMPS_Set  radio_driver.o
    0x080053e6   0x080053e6   0x00000002   PAD
    0x080053e8   0x080053e8   0x0000003c   Code   RO         2951    .text.SEQ_BitPosition  stm32_seq.o
    0x08005424   0x08005424   0x00000024   Code   RO         1613    .text.SUBGHZSPI_Init  stm32wlxx_hal_subghz.o
    0x08005448   0x08005448   0x00000058   Code   RO         1631    .text.SUBGHZSPI_Receive  stm32wlxx_hal_subghz.o
    0x080054a0   0x080054a0   0x00000058   Code   RO         1625    .text.SUBGHZSPI_Transmit  stm32wlxx_hal_subghz.o
    0x080054f8   0x080054f8   0x00000030   Code   RO         1623    .text.SUBGHZ_CheckDeviceReady  stm32wlxx_hal_subghz.o
    0x08005528   0x08005528   0x00000008   Code   RO          354    .text.SUBGHZ_Radio_IRQHandler  stm32wlxx_it.o
    0x08005530   0x08005530   0x00000044   Code   RO         1627    .text.SUBGHZ_WaitOnBusy  stm32wlxx_hal_subghz.o
    0x08005574   0x08005574   0x0000001c   Code   RO         2718    .text.SUBGRF_Calibrate  radio_driver.o
    0x08005590   0x08005590   0x00000078   Code   RO         2776    .text.SUBGRF_CalibrateImage  radio_driver.o
    0x08005608   0x08005608   0x00000008   Code   RO         2720    .text.SUBGRF_GetOperatingMode  radio_driver.o
    0x08005610   0x08005610   0x00000074   Code   RO         2804    .text.SUBGRF_GetPacketStatus  radio_driver.o
    0x08005684   0x08005684   0x00000030   Code   RO         2726    .text.SUBGRF_GetPayload  radio_driver.o
    0x080056b4   0x080056b4   0x00000004   Code   RO         2816    .text.SUBGRF_GetRadioWakeUpTime  radio_driver.o
    0x080056b8   0x080056b8   0x00000064   Code   RO         2750    .text.SUBGRF_GetRandom  radio_driver.o
    0x0800571c   0x0800571c   0x0000001c   Code   RO         2802    .text.SUBGRF_GetRssiInst  radio_driver.o
    0x08005738   0x08005738   0x0000003c   Code   RO         2728    .text.SUBGRF_GetRxBufferStatus  radio_driver.o
    0x08005774   0x08005774   0x00000064   Code   RO         2708    .text.SUBGRF_Init   radio_driver.o
    0x080057d8   0x080057d8   0x0000000c   Code   RO         2730    .text.SUBGRF_ReadBuffer  radio_driver.o
    0x080057e4   0x080057e4   0x00000018   Code   RO         2748    .text.SUBGRF_ReadRegister  radio_driver.o
    0x080057fc   0x080057fc   0x0000000c   Code   RO         2754    .text.SUBGRF_ReadRegisters  radio_driver.o
    0x08005808   0x08005808   0x00000012   Code   RO         2732    .text.SUBGRF_SendPayload  radio_driver.o
    0x0800581a   0x0800581a   0x00000002   PAD
    0x0800581c   0x0800581c   0x0000001c   Code   RO         2798    .text.SUBGRF_SetBufferBaseAddress  radio_driver.o
    0x08005838   0x08005838   0x00000018   Code   RO         2764    .text.SUBGRF_SetCad  radio_driver.o
    0x08005850   0x08005850   0x00000020   Code   RO         2744    .text.SUBGRF_SetCrcPolynomial  radio_driver.o
    0x08005870   0x08005870   0x00000024   Code   RO         2740    .text.SUBGRF_SetCrcSeed  radio_driver.o
    0x08005894   0x08005894   0x0000003c   Code   RO         2782    .text.SUBGRF_SetDioIrqParams  radio_driver.o
    0x080058d0   0x080058d0   0x00000040   Code   RO         2772    .text.SUBGRF_SetLoRaSymbNumTimeout  radio_driver.o
    0x08005910   0x08005910   0x000000d0   Code   RO         2792    .text.SUBGRF_SetModulationParams  radio_driver.o
    0x080059e0   0x080059e0   0x00000020   Code   RO         2778    .text.SUBGRF_SetPaConfig  radio_driver.o
    0x08005a00   0x08005a00   0x000000cc   Code   RO         2794    .text.SUBGRF_SetPacketParams  radio_driver.o
    0x08005acc   0x08005acc   0x00000028   Code   RO         2788    .text.SUBGRF_SetPacketType  radio_driver.o
    0x08005af4   0x08005af4   0x0000000a   Code   RO         2722    .text.SUBGRF_SetPayload  radio_driver.o
    0x08005afe   0x08005afe   0x00000002   PAD
    0x08005b00   0x08005b00   0x00000020   Code   RO         2774    .text.SUBGRF_SetRegulatorMode  radio_driver.o
    0x08005b20   0x08005b20   0x00000038   Code   RO         2786    .text.SUBGRF_SetRfFrequency  radio_driver.o
    0x08005b58   0x08005b58   0x00000028   Code   RO         2814    .text.SUBGRF_SetRfTxPower  radio_driver.o
    0x08005b80   0x08005b80   0x00000024   Code   RO         2752    .text.SUBGRF_SetRx  radio_driver.o
    0x08005ba4   0x08005ba4   0x0000003c   Code   RO         2760    .text.SUBGRF_SetRxBoosted  radio_driver.o
    0x08005be0   0x08005be0   0x0000003c   Code   RO         2762    .text.SUBGRF_SetRxDutyCycle  radio_driver.o
    0x08005c1c   0x08005c1c   0x00000034   Code   RO         2756    .text.SUBGRF_SetSleep  radio_driver.o
    0x08005c50   0x08005c50   0x00000028   Code   RO         2712    .text.SUBGRF_SetStandby  radio_driver.o
    0x08005c78   0x08005c78   0x00000018   Code   RO         2770    .text.SUBGRF_SetStopRxTimerOnPreambleDetect  radio_driver.o
    0x08005c90   0x08005c90   0x00000028   Code   RO         2812    .text.SUBGRF_SetSwitch  radio_driver.o
    0x08005cb8   0x08005cb8   0x00000012   Code   RO         2736    .text.SUBGRF_SetSyncWord  radio_driver.o
    0x08005cca   0x08005cca   0x00000002   PAD
    0x08005ccc   0x08005ccc   0x00000028   Code   RO         2714    .text.SUBGRF_SetTcxoMode  radio_driver.o
    0x08005cf4   0x08005cf4   0x00000024   Code   RO         2734    .text.SUBGRF_SetTx  radio_driver.o
    0x08005d18   0x08005d18   0x0000000c   Code   RO         2766    .text.SUBGRF_SetTxContinuousWave  radio_driver.o
    0x08005d24   0x08005d24   0x00000010   Code   RO         2768    .text.SUBGRF_SetTxInfinitePreamble  radio_driver.o
    0x08005d34   0x08005d34   0x00000088   Code   RO         2790    .text.SUBGRF_SetTxParams  radio_driver.o
    0x08005dbc   0x08005dbc   0x00000038   Code   RO         2746    .text.SUBGRF_SetWhiteningSeed  radio_driver.o
    0x08005df4   0x08005df4   0x0000000c   Code   RO         2724    .text.SUBGRF_WriteBuffer  radio_driver.o
    0x08005e00   0x08005e00   0x00000018   Code   RO         2716    .text.SUBGRF_WriteRegister  radio_driver.o
    0x08005e18   0x08005e18   0x00000010   Code   RO         2738    .text.SUBGRF_WriteRegisters  radio_driver.o
    0x08005e28   0x08005e28   0x00000002   Code   RO          338    .text.SVC_Handler   stm32wlxx_it.o
    0x08005e2a   0x08005e2a   0x00000002   PAD
    0x08005e2c   0x08005e2c   0x00000048   Code   RO          119    .text.SYS_LED_Init  board_resources.o
    0x08005e74   0x08005e74   0x000000cc   Code   RO           42    .text.SubghzApp_Init  subghz_phy_app.o
    0x08005f40   0x08005f40   0x00000004   Code   RO          344    .text.SysTick_Handler  stm32wlxx_it.o
    0x08005f44   0x08005f44   0x00000028   Code   RO         2993    .text.SysTimeAdd    stm32_systime.o
    0x08005f6c   0x08005f6c   0x00000044   Code   RO         2999    .text.SysTimeGet    stm32_systime.o
    0x08005fb0   0x08005fb0   0x000000c4   Code   RO          378    .text.SystemApp_Init  sys_app.o
    0x08006074   0x08006074   0x0000007c   Code   RO          179    .text.SystemClock_Config  main.o
    0x080060f0   0x080060f0   0x00000002   Code   RO          701    .text.SystemInit    system_stm32wlxx.o
    0x080060f2   0x080060f2   0x00000002   PAD
    0x080060f4   0x080060f4   0x00000008   Code   RO          346    .text.TAMP_STAMP_LSECSS_SSRU_IRQHandler  stm32wlxx_it.o
    0x080060fc   0x080060fc   0x00000008   Code   RO          283    .text.TIMER_IF_BkUp_Read_MSBticks  timer_if.o
    0x08006104   0x08006104   0x00000008   Code   RO          267    .text.TIMER_IF_BkUp_Read_Seconds  timer_if.o
    0x0800610c   0x0800610c   0x00000008   Code   RO          271    .text.TIMER_IF_BkUp_Read_SubSeconds  timer_if.o
    0x08006114   0x08006114   0x0000000c   Code   RO          275    .text.TIMER_IF_BkUp_Write_MSBticks  timer_if.o
    0x08006120   0x08006120   0x0000000c   Code   RO          265    .text.TIMER_IF_BkUp_Write_Seconds  timer_if.o
    0x0800612c   0x0800612c   0x0000000c   Code   RO          269    .text.TIMER_IF_BkUp_Write_SubSeconds  timer_if.o
    0x08006138   0x08006138   0x00000010   Code   RO          263    .text.TIMER_IF_Convert_Tick2ms  timer_if.o
    0x08006148   0x08006148   0x00000008   Code   RO          261    .text.TIMER_IF_Convert_ms2Tick  timer_if.o
    0x08006150   0x08006150   0x00000018   Code   RO          277    .text.TIMER_IF_DelayMs  timer_if.o
    0x08006168   0x08006168   0x00000004   Code   RO          259    .text.TIMER_IF_GetMinimumTimeout  timer_if.o
    0x0800616c   0x0800616c   0x00000028   Code   RO          273    .text.TIMER_IF_GetTime  timer_if.o
    0x08006194   0x08006194   0x00000008   Code   RO          253    .text.TIMER_IF_GetTimerContext  timer_if.o
    0x0800619c   0x0800619c   0x00000010   Code   RO          255    .text.TIMER_IF_GetTimerElapsedTime  timer_if.o
    0x080061ac   0x080061ac   0x00000014   Code   RO          257    .text.TIMER_IF_GetTimerValue  timer_if.o
    0x080061c0   0x080061c0   0x0000003c   Code   RO          245    .text.TIMER_IF_Init  timer_if.o
    0x080061fc   0x080061fc   0x00000010   Code   RO          251    .text.TIMER_IF_SetTimerContext  timer_if.o
    0x0800620c   0x0800620c   0x0000004c   Code   RO          247    .text.TIMER_IF_StartTimer  timer_if.o
    0x08006258   0x08006258   0x00000020   Code   RO          249    .text.TIMER_IF_StopTimer  timer_if.o
    0x08006278   0x08006278   0x0000007c   Code   RO         2861    .text.TRACE_AllocateBufer  stm32_adv_trace.o
    0x080062f4   0x080062f4   0x00000018   Code   RO         2859    .text.TRACE_Lock    stm32_adv_trace.o
    0x0800630c   0x0800630c   0x0000007c   Code   RO         2865    .text.TRACE_Send    stm32_adv_trace.o
    0x08006388   0x08006388   0x00000090   Code   RO         2851    .text.TRACE_TxCpltCallback  stm32_adv_trace.o
    0x08006418   0x08006418   0x0000001c   Code   RO         2863    .text.TRACE_UnLock  stm32_adv_trace.o
    0x08006434   0x08006434   0x00000018   Code   RO         3034    .text.TimerExists   stm32_timer.o
    0x0800644c   0x0800644c   0x00000014   Code   RO         3036    .text.TimerInsertNewHeadTimer  stm32_timer.o
    0x08006460   0x08006460   0x00000024   Code   RO         3038    .text.TimerInsertTimer  stm32_timer.o
    0x08006484   0x08006484   0x00000038   Code   RO         3044    .text.TimerSetTimeout  stm32_timer.o
    0x080064bc   0x080064bc   0x00000024   Code   RO          380    .text.TimestampNow  sys_app.o
    0x080064e0   0x080064e0   0x00000044   Code   RO         1933    .text.UARTEx_SetNbDataToProcess  stm32wlxx_hal_uart_ex.o
    0x08006524   0x08006524   0x000000a8   Code   RO         1701    .text.UART_AdvFeatureConfig  stm32wlxx_hal_uart.o
    0x080065cc   0x080065cc   0x0000004c   Code   RO         1703    .text.UART_CheckIdleState  stm32wlxx_hal_uart.o
    0x08006618   0x08006618   0x00000010   Code   RO         1785    .text.UART_DMAAbortOnError  stm32wlxx_hal_uart.o
    0x08006628   0x08006628   0x00000056   Code   RO         1741    .text.UART_DMAError  stm32wlxx_hal_uart.o
    0x0800667e   0x0800667e   0x00000028   Code   RO         1737    .text.UART_DMATransmitCplt  stm32wlxx_hal_uart.o
    0x080066a6   0x080066a6   0x00000006   Code   RO         1739    .text.UART_DMATxHalfCplt  stm32wlxx_hal_uart.o
    0x080066ac   0x080066ac   0x00000030   Code   RO         1755    .text.UART_EndRxTransfer  stm32wlxx_hal_uart.o
    0x080066dc   0x080066dc   0x0000001a   Code   RO         1753    .text.UART_EndTxTransfer  stm32wlxx_hal_uart.o
    0x080066f6   0x080066f6   0x0000004a   Code   RO         1825    .text.UART_RxISR_16BIT  stm32wlxx_hal_uart.o
    0x08006740   0x08006740   0x000000cc   Code   RO         1821    .text.UART_RxISR_16BIT_FIFOEN  stm32wlxx_hal_uart.o
    0x0800680c   0x0800680c   0x00000046   Code   RO         1827    .text.UART_RxISR_8BIT  stm32wlxx_hal_uart.o
    0x08006852   0x08006852   0x00000002   PAD
    0x08006854   0x08006854   0x000000d0   Code   RO         1823    .text.UART_RxISR_8BIT_FIFOEN  stm32wlxx_hal_uart.o
    0x08006924   0x08006924   0x000001e0   Code   RO         1699    .text.UART_SetConfig  stm32wlxx_hal_uart.o
    0x08006b04   0x08006b04   0x000000c8   Code   RO         1733    .text.UART_Start_Receive_IT  stm32wlxx_hal_uart.o
    0x08006bcc   0x08006bcc   0x0000007e   Code   RO         1717    .text.UART_WaitOnFlagUntilTimeout  stm32wlxx_hal_uart.o
    0x08006c4a   0x08006c4a   0x00000002   PAD
    0x08006c4c   0x08006c4c   0x0000000c   Code   RO          350    .text.USART2_IRQHandler  stm32wlxx_it.o
    0x08006c58   0x08006c58   0x000000a4   Code   RO         2857    .text.UTIL_ADV_TRACE_COND_FSend  stm32_adv_trace.o
    0x08006cfc   0x08006cfc   0x00000030   Code   RO         2849    .text.UTIL_ADV_TRACE_Init  stm32_adv_trace.o
    0x08006d2c   0x08006d2c   0x00000008   Code   RO          386    .text.UTIL_ADV_TRACE_PostSendHook  sys_app.o
    0x08006d34   0x08006d34   0x00000008   Code   RO          384    .text.UTIL_ADV_TRACE_PreSendHook  sys_app.o
    0x08006d3c   0x08006d3c   0x00000008   Code   RO         2881    .text.UTIL_ADV_TRACE_RegisterTimeStampFunction  stm32_adv_trace.o
    0x08006d44   0x08006d44   0x0000000c   Code   RO         2883    .text.UTIL_ADV_TRACE_SetVerboseLevel  stm32_adv_trace.o
    0x08006d50   0x08006d50   0x00000038   Code   RO         2920    .text.UTIL_LPM_EnterLowPower  stm32_lpm.o
    0x08006d88   0x08006d88   0x0000000c   Code   RO         2910    .text.UTIL_LPM_Init  stm32_lpm.o
    0x08006d94   0x08006d94   0x0000002c   Code   RO         2916    .text.UTIL_LPM_SetOffMode  stm32_lpm.o
    0x08006dc0   0x08006dc0   0x00000030   Code   RO         2914    .text.UTIL_LPM_SetStopMode  stm32_lpm.o
    0x08006df0   0x08006df0   0x0000000e   Code   RO         2935    .text.UTIL_MEM_set_8  stm32_mem.o
    0x08006dfe   0x08006dfe   0x00000004   Code   RO          382    .text.UTIL_SEQ_Idle  sys_app.o
    0x08006e02   0x08006e02   0x00000002   Code   RO         2957    .text.UTIL_SEQ_PostIdle  stm32_seq.o
    0x08006e04   0x08006e04   0x00000002   Code   RO         2953    .text.UTIL_SEQ_PreIdle  stm32_seq.o
    0x08006e06   0x08006e06   0x00000002   PAD
    0x08006e08   0x08006e08   0x00000020   Code   RO         2959    .text.UTIL_SEQ_RegTask  stm32_seq.o
    0x08006e28   0x08006e28   0x000000e8   Code   RO         2949    .text.UTIL_SEQ_Run  stm32_seq.o
    0x08006f10   0x08006f10   0x00000028   Code   RO         2961    .text.UTIL_SEQ_SetTask  stm32_seq.o
    0x08006f38   0x08006f38   0x00000034   Code   RO         3030    .text.UTIL_TIMER_Create  stm32_timer.o
    0x08006f6c   0x08006f6c   0x00000014   Code   RO         3058    .text.UTIL_TIMER_GetCurrentTime  stm32_timer.o
    0x08006f80   0x08006f80   0x00000020   Code   RO         3060    .text.UTIL_TIMER_GetElapsedTime  stm32_timer.o
    0x08006fa0   0x08006fa0   0x00000080   Code   RO         3056    .text.UTIL_TIMER_IRQ_Handler  stm32_timer.o
    0x08007020   0x08007020   0x0000000c   Code   RO         3026    .text.UTIL_TIMER_Init  stm32_timer.o
    0x0800702c   0x0800702c   0x00000030   Code   RO         3046    .text.UTIL_TIMER_SetPeriod  stm32_timer.o
    0x0800705c   0x0800705c   0x0000006c   Code   RO         3032    .text.UTIL_TIMER_Start  stm32_timer.o
    0x080070c8   0x080070c8   0x00000068   Code   RO         3042    .text.UTIL_TIMER_Stop  stm32_timer.o
    0x08007130   0x08007130   0x00000002   Code   RO          336    .text.UsageFault_Handler  stm32wlxx_it.o
    0x08007132   0x08007132   0x00000002   PAD
    0x08007134   0x08007134   0x0000009c   Code   RO          543    .text._save_netkey_device_id  rd_flash.o
    0x080071d0   0x080071d0   0x0000004c   Code   RO           82    .text.aes_encrypt_decrypt  subghz_phy_app.o
    0x0800721c   0x0800721c   0x00000068   Code   RO          547    .text.delete_device_infor  rd_flash.o
    0x08007284   0x08007284   0x00000028   Code   RO          541    .text.device_gen_dev_key  rd_flash.o
    0x080072ac   0x080072ac   0x00000030   Code   RO          533    .text.device_gen_random_time  rd_flash.o
    0x080072dc   0x080072dc   0x00000028   Code   RO           64    .text.led_blink     subghz_phy_app.o
    0x08007304   0x08007304   0x00000038   Code   RO           62    .text.led_toggle    subghz_phy_app.o
    0x0800733c   0x0800733c   0x0000014c   Code   RO          177    .text.main          main.o
    0x08007488   0x08007488   0x00000004   Code   RO           30    .text.op_co2_to_gw_handle  subghz_phy_app.o
    0x0800748c   0x0800748c   0x00000040   Code   RO           20    .text.op_delete_device_handle  subghz_phy_app.o
    0x080074cc   0x080074cc   0x00000004   Code   RO           34    .text.op_ground_to_gw_handle  subghz_phy_app.o
    0x080074d0   0x080074d0   0x00000004   Code   RO           32    .text.op_gw_to_co2_handle  subghz_phy_app.o
    0x080074d4   0x080074d4   0x00000004   Code   RO           36    .text.op_gw_to_ground_handle  subghz_phy_app.o
    0x080074d8   0x080074d8   0x00000004   Code   RO           24    .text.op_gw_to_light_handle  subghz_phy_app.o
    0x080074dc   0x080074dc   0x00000004   Code   RO           28    .text.op_gw_to_temp_hum_handle  subghz_phy_app.o
    0x080074e0   0x080074e0   0x000000e8   Code   RO           18    .text.op_join_accept_ack_handle  subghz_phy_app.o
    0x080075c8   0x080075c8   0x00000214   Code   RO           16    .text.op_join_accept_handle  subghz_phy_app.o
    0x080077dc   0x080077dc   0x000000ac   Code   RO           14    .text.op_join_request_handle  subghz_phy_app.o
    0x08007888   0x08007888   0x00000004   Code   RO           22    .text.op_light_to_gw_handle  subghz_phy_app.o
    0x0800788c   0x0800788c   0x0000008c   Code   RO           26    .text.op_temp_hum_to_gw_handle  subghz_phy_app.o
    0x08007918   0x08007918   0x00000004   Code   RO           40    .text.op_uart_send_light_off_handle  subghz_phy_app.o
    0x0800791c   0x0800791c   0x00000028   Code   RO           38    .text.op_uart_send_light_on_handle  subghz_phy_app.o
    0x08007944   0x08007944   0x00000098   Code   RO           66    .text.rd_message_hande  subghz_phy_app.o
    0x080079dc   0x080079dc   0x0000001c   Code   RO           76    .text.rd_set_aes_key  subghz_phy_app.o
    0x080079f8   0x080079f8   0x00000024   Code   RO          545    .text.read_key_device_id  rd_flash.o
    0x08007a1c   0x08007a1c   0x0000004c   Code   RO          463    .text.sht30_read_i2c_data  sht30_sensor.o
    0x08007a68   0x08007a68   0x00000028   Code   RO          394    .text.tiny_snprintf_like  sys_app.o
    0x08007a90   0x08007a90   0x000002b8   Code   RO         3071    .text.tiny_vsnprintf_like  stm32_tiny_vsnprintf.o
    0x08007d48   0x08007d48   0x00000028   Code   RO          438    .text.vcom_DeInit   usart_if.o
    0x08007d70   0x08007d70   0x00000024   Code   RO          436    .text.vcom_Init     usart_if.o
    0x08007d94   0x08007d94   0x00000044   Code   RO          440    .text.vcom_ReceiveInit  usart_if.o
    0x08007dd8   0x08007dd8   0x00000024   Code   RO          446    .text.vcom_Resume   usart_if.o
    0x08007dfc   0x08007dfc   0x00000014   Code   RO          442    .text.vcom_Trace_DMA  usart_if.o
    0x08007e10   0x08007e10   0x0000004c   Code   RO           70    .text.write_led     subghz_phy_app.o
    0x08007e5c   0x08007e5c   0x0000000e   Code   RO         3178    i.__scatterload_copy  mc_w.l(handlers.o)
    0x08007e6a   0x08007e6a   0x00000002   Code   RO         3179    i.__scatterload_null  mc_w.l(handlers.o)
    0x08007e6c   0x08007e6c   0x0000000e   Code   RO         3180    i.__scatterload_zeroinit  mc_w.l(handlers.o)
    0x08007e7a   0x08007e7a   0x00000002   PAD
    0x08007e7c   0x08007e7c   0x00000030   Data   RO         2524    .rodata..L__const.CRYP_GCMCCM_SetHeaderPhase_IT.mask  stm32wlxx_hal_cryp.o
    0x08007eac   0x08007eac   0x00000006   Data   RO         1334    .rodata..L__const.RCC_SetFlashLatency.FLASH_CLK_SRC_RANGE_VOS1  stm32wlxx_hal_rcc.o
    0x08007eb2   0x08007eb2   0x00000006   Data   RO         1335    .rodata..L__const.RCC_SetFlashLatency.FLASH_CLK_SRC_RANGE_VOS2  stm32wlxx_hal_rcc.o
    0x08007eb8   0x08007eb8   0x0000000c   Data   RO         1336    .rodata..L__const.RCC_SetFlashLatency.FLASH_LATENCY_RANGE  stm32wlxx_hal_rcc.o
    0x08007ec4   0x08007ec4   0x00000040   Data   RO          706    .rodata.AHBPrescTable  system_stm32wlxx.o
    0x08007f04   0x08007f04   0x00000020   Data   RO          707    .rodata.APBPrescTable  system_stm32wlxx.o
    0x08007f24   0x08007f24   0x0000000c   Data   RO         2695    .rodata.Bandwidths  radio.o
    0x08007f30   0x08007f30   0x000000b0   Data   RO         2694    .rodata.FskBandwidths  radio.o
    0x08007fe0   0x08007fe0   0x00000040   Data   RO          708    .rodata.MSIRangeTable  system_stm32wlxx.o
    0x08008020   0x08008020   0x0000007c   Data   RO         2693    .rodata.Radio       radio.o
    0x0800809c   0x0800809c   0x00000006   Data   RO          151    .rodata.SYS_LED_PIN  board_resources.o
    0x080080a2   0x080080a2   0x00000002   PAD
    0x080080a4   0x080080a4   0x0000000c   Data   RO          152    .rodata.SYS_LED_PORT  board_resources.o
    0x080080b0   0x080080b0   0x00000018   Data   RO         1905    .rodata.UARTPrescTable  stm32wlxx_hal_uart.o
    0x080080c8   0x080080c8   0x00000018   Data   RO          312    .rodata.UTIL_PowerDriver  stm32_lpm_if.o
    0x080080e0   0x080080e0   0x00000014   Data   RO          290    .rodata.UTIL_SYSTIMDriver  timer_if.o
    0x080080f4   0x080080f4   0x0000002c   Data   RO          289    .rodata.UTIL_TimerDriver  timer_if.o
    0x08008120   0x08008120   0x00000010   Data   RO          452    .rodata.UTIL_TraceDriver  usart_if.o
    0x08008130   0x08008130   0x00000010   Data   RO         1906    .rodata.cst16       stm32wlxx_hal_uart.o
    0x08008140   0x08008140   0x00000010   Data   RO         2982    .rodata.cst16       stm32_seq.o
    0x08008150   0x08008150   0x00000010   Data   RO         1957    .rodata.cst8        stm32wlxx_hal_uart_ex.o
    0x08008160   0x08008160   0x00000083   Data   RO          107    .rodata.str1.1      subghz_phy_app.o
    0x080081e3   0x080081e3   0x00000010   Data   RO          564    .rodata.str1.1      rd_flash.o
    0x080081f3   0x080081f3   0x00000007   Data   RO         3073    .rodata.str1.1      stm32_tiny_vsnprintf.o
    0x080081fa   0x080081fa   0x00000002   PAD
    0x080081fc   0x080081fc   0x00000020   Data   RO         3177    Region$$Table       anon$$obj.o


    Execution Region RW_IRAM1 (Exec base: 0x20000000, Load base: 0x08008220, Size: 0x000012d0, Max: 0x00008000, ABSOLUTE)

    Exec Addr    Load Addr    Size         Type   Attr      Idx    E Section Name        Object

    0x20000000   0x08008220   0x00000024   Data   RW          108    .data..L_MergedGlobals  subghz_phy_app.o
    0x20000024   0x08008244   0x00000008   Data   RW          796    .data..L_MergedGlobals  stm32wlxx_hal.o
    0x2000002c   0x0800824c   0x00000008   Data   RW         2983    .data..L_MergedGlobals  stm32_seq.o
    0x20000034   0x08008254   0x00000001   Data   RW         2697    .data.MaxPayloadLength  radio.o
    0x20000035   0x08008255   0x00000003   PAD
    0x20000038   0x08008258   0x00000004   Data   RW          705    .data.SystemCoreClock  system_stm32wlxx.o
    0x2000003c   0x0800825c   0x000000a0   Data   RW           95    .data.rd_message_func_handle  subghz_phy_app.o
    0x200000dc   0x080082fc   0x00000004   PAD
    0x200000e0        -       0x00000060   Zero   RW          221    .bss..L_MergedGlobals  main.o
    0x20000140        -       0x00000008   Zero   RW          291    .bss..L_MergedGlobals  timer_if.o
    0x20000148        -       0x00000008   Zero   RW          454    .bss..L_MergedGlobals  usart_if.o
    0x20000150        -       0x00000068   Zero   RW          565    .bss..L_MergedGlobals  rd_flash.o
    0x200001b8        -       0x0000003c   Zero   RW         2699    .bss..L_MergedGlobals  radio.o
    0x200001f4        -       0x00000018   Zero   RW         2840    .bss..L_MergedGlobals  radio_driver.o
    0x2000020c        -       0x00000008   Zero   RW         2922    .bss..L_MergedGlobals  stm32_lpm.o
    0x20000214        -       0x00000078   Zero   RW          109    .bss..L_MergedGlobals.14  subghz_phy_app.o
    0x2000028c        -       0x00000040   Zero   RW          110    .bss..L_MergedGlobals.15  subghz_phy_app.o
    0x200002cc        -       0x00000020   Zero   RW         2984    .bss..L_MergedGlobals.2  stm32_seq.o
    0x200002ec        -       0x00000200   Zero   RW         2900    .bss.ADV_TRACE_Buffer  stm32_adv_trace.o
    0x200004ec        -       0x0000001c   Zero   RW         2899    .bss.ADV_TRACE_Ctx  stm32_adv_trace.o
    0x20000508        -       0x0000001c   Zero   RW          105    .bss.RadioEvents    subghz_phy_app.o
    0x20000524        -       0x000000ff   Zero   RW         2698    .bss.RadioRxPayload  radio.o
    0x20000623   0x080082fc   0x00000001   PAD
    0x20000624        -       0x00000098   Zero   RW         2696    .bss.SubgRf         radio.o
    0x200006bc        -       0x00000080   Zero   RW         2981    .bss.TaskCb         stm32_seq.o
    0x2000073c        -       0x00000004   Zero   RW         3062    .bss.TimerListHead  stm32_timer.o
    0x20000740        -       0x00000004   Zero   RW          453    .bss.TxCpltCallback  usart_if.o
    0x20000744        -       0x00000110   Zero   RW          106    .bss.hcryp          subghz_phy_app.o
    0x20000854        -       0x00000064   Zero   RW          427    .bss.hdma_usart2_tx  usart.o
    0x200008b8        -       0x0000003c   Zero   RW          236    .bss.hrtc           rtc.o
    0x200008f4        -       0x00000014   Zero   RW          369    .bss.hsubghz        subghz.o
    0x20000908        -       0x00000090   Zero   RW          426    .bss.huart2         usart.o
    0x20000998        -       0x00000018   Zero   RW         1073    .bss.pFlash         stm32wlxx_hal_flash.o
    0x200009b0        -       0x00000010   Zero   RW          102    .bss.pKeyAES        subghz_phy_app.o
    0x200009c0        -       0x00000001   Zero   RW          203    .bss.radio_free_flag  main.o
    0x200009c1        -       0x00000100   Zero   RW         2901    .bss.sztmp          stm32_adv_trace.o
    0x20000ac1   0x080082fc   0x00000003   PAD
    0x20000ac4        -       0x00000004   Zero   RW          201    .bss.trick_time     main.o
    0x20000ac8        -       0x00000004   Zero   RW          795    .bss.uwTick         stm32wlxx_hal.o
    0x20000acc   0x080082fc   0x00000004   PAD
    0x20000ad0        -       0x00000800   Zero   RW          591    STACK               startup_stm32wl55xx_cm4.o


    Execution Region RW_IRAM2 (Exec base: 0x20008000, Load base: 0x08008300, Size: 0x00008000, Max: 0x00008000, ABSOLUTE)

    Exec Addr    Load Addr    Size         Type   Attr      Idx    E Section Name        Object

    0x20008000        -       0x00008000   Zero   RW            1    RW_IRAM2.bss        anon$$obj.o


==============================================================================

Image component sizes


      Code (inc. data)   RO Data    RW Data    ZI Data      Debug   Object Name

        22          0          0          0          0        827   app_subghz_phy.o
        96          8         18          0          0       7916   board_resources.o
        62          4          0          0          0       4042   dma.o
       698         84          0          0        101      14843   main.o
      3878        140        312          1        467      27843   radio.o
       260         72          0          0          0       4093   radio_board_if.o
      2384        124          0          0         24      25399   radio_driver.o
       536         28         16          0        104       9165   rd_flash.o
       236         16          0          0         60       7272   rtc.o
       266         20          0          0          0       3067   sht30_sensor.o
        36          8        312          0       2048        872   startup_stm32wl55xx_cm4.o
       694         32          0          0        796      10248   stm32_adv_trace.o
       160          8          0          0          8       2694   stm32_lpm.o
        68          4         24          0          0       2653   stm32_lpm_if.o
        14          0          0          0          0       1448   stm32_mem.o
       368         16         16          8        160       6359   stm32_seq.o
       108          8          0          0          0       6072   stm32_systime.o
       640         12          0          0          4       7642   stm32_timer.o
       696         84          7          0          0       3593   stm32_tiny_vsnprintf.o
       170         28          0          8          4      12457   stm32wlxx_hal.o
       172         20          0          0          0      10015   stm32wlxx_hal_cortex.o
      2200         12         48          0          0      33731   stm32wlxx_hal_cryp.o
      1050         32          0          0          0       9402   stm32wlxx_hal_dma.o
       324         28          0          0         24       5930   stm32wlxx_hal_flash.o
       180          8          0          0          0      10298   stm32wlxx_hal_flash_ex.o
       632         16          0          0          0       4892   stm32wlxx_hal_gpio.o
      1236         24          0          0          0      41516   stm32wlxx_hal_i2c.o
       126          0          0          0          0       5829   stm32wlxx_hal_i2c_ex.o
         2          0          0          0          0        464   stm32wlxx_hal_msp.o
        84         12          0          0          0       5674   stm32wlxx_hal_pwr.o
       140          8          0          0          0      11242   stm32wlxx_hal_pwr_ex.o
      2488         88         24          0          0      16788   stm32wlxx_hal_rcc.o
       414          8          0          0          0      13516   stm32wlxx_hal_rcc_ex.o
       498         28          0          0          0       5294   stm32wlxx_hal_rng.o
       882         32          0          0          0      14421   stm32wlxx_hal_rtc.o
       166          4          0          0          0      17695   stm32wlxx_hal_rtc_ex.o
      1316         44          0          0          0      14900   stm32wlxx_hal_subghz.o
      3050        134         40          0          0      29335   stm32wlxx_hal_uart.o
       420          8         16          0          0      10164   stm32wlxx_hal_uart_ex.o
        72         12          0          0          0       6919   stm32wlxx_it.o
        76          8          0          0         20       5237   subghz.o
      2526        520        131        196        500      17732   subghz_phy_app.o
       336         32          0          0          0       6208   sys_app.o
       276         20          0          0          0       3907   sys_debug.o
         2          0        160          4          0       2965   system_stm32wlxx.o
       426         16         64          0          8       8533   timer_if.o
       372         28          0          0        244       9050   usart.o
       256         32         16          0         12      10172   usart_if.o

    ----------------------------------------------------------------------
     31172       1870       1240        220      37364     490334   Object Totals
         0          0         32          0      32768          0   (incl. Generated)
        58          0          4          3         12          0   (incl. Padding)

    ----------------------------------------------------------------------

      Code (inc. data)   RO Data    RW Data    ZI Data      Debug   Library Member Name

         0          0          0          0          0          0   entry.o
         0          0          0          0          0          0   entry10a.o
         0          0          0          0          0          0   entry11a.o
         8          4          0          0          0          0   entry2.o
         4          0          0          0          0          0   entry5.o
         0          0          0          0          0          0   entry7b.o
         0          0          0          0          0          0   entry8b.o
         8          4          0          0          0          0   entry9a.o
        30          0          0          0          0          0   handlers.o
        36          8          0          0          0         68   init.o
         0          0          0          0          0          0   iusefp.o
        30          0          0          0          0         68   llshl.o
        32          0          0          0          0         68   llushr.o
        36          0          0          0          0         68   memcpya.o
        36          0          0          0          0        108   memseta.o
        14          0          0          0          0         68   strlen.o
        98          0          0          0          0         92   uldiv.o
       176          0          0          0          0        140   fadd.o
       124          0          0          0          0         88   fdiv.o
       110          0          0          0          0        168   fepilogue.o
        40          0          0          0          0         68   ffixui.o
        10          0          0          0          0         68   ffltui.o
       100          0          0          0          0         76   fmul.o

    ----------------------------------------------------------------------
       896         16          0          0          0       1148   Library Totals
         4          0          0          0          0          0   (incl. Padding)

    ----------------------------------------------------------------------

      Code (inc. data)   RO Data    RW Data    ZI Data      Debug   Library Name

       332         16          0          0          0        540   mc_w.l
       560          0          0          0          0        608   mf_w.l

    ----------------------------------------------------------------------
       896         16          0          0          0       1148   Library Totals

    ----------------------------------------------------------------------

==============================================================================


      Code (inc. data)   RO Data    RW Data    ZI Data      Debug   

     32068       1886       1240        220      37364     490246   Grand Totals
     32068       1886       1240        220      37364     490246   ELF Image Totals
     32068       1886       1240        220          0          0   ROM Totals

==============================================================================

    Total RO  Size (Code + RO Data)                33308 (  32.53kB)
    Total RW  Size (RW Data + ZI Data)             37584 (  36.70kB)
    Total ROM Size (Code + RO Data + RW Data)      33528 (  32.74kB)

==============================================================================

